Archive member included to satisfy reference by file (symbol)

d:/mounriver/mounriver_studio/toolchain/risc-v embedded gcc/bin/../lib/gcc/riscv-none-embed/8.2.0/../../../../riscv-none-embed/lib/rv32imafc/ilp32f\libm.a(lib_a-s_cos.o)
                              ./code/Style.o (cos)
d:/mounriver/mounriver_studio/toolchain/risc-v embedded gcc/bin/../lib/gcc/riscv-none-embed/8.2.0/../../../../riscv-none-embed/lib/rv32imafc/ilp32f\libm.a(lib_a-s_sin.o)
                              ./code/Style.o (sin)
d:/mounriver/mounriver_studio/toolchain/risc-v embedded gcc/bin/../lib/gcc/riscv-none-embed/8.2.0/../../../../riscv-none-embed/lib/rv32imafc/ilp32f\libm.a(lib_a-w_exp.o)
                              ./code/Adc.o (exp)
d:/mounriver/mounriver_studio/toolchain/risc-v embedded gcc/bin/../lib/gcc/riscv-none-embed/8.2.0/../../../../riscv-none-embed/lib/rv32imafc/ilp32f\libm.a(lib_a-w_pow.o)
                              ./code/Adc.o (pow)
d:/mounriver/mounriver_studio/toolchain/risc-v embedded gcc/bin/../lib/gcc/riscv-none-embed/8.2.0/../../../../riscv-none-embed/lib/rv32imafc/ilp32f\libm.a(lib_a-e_exp.o)
                              d:/mounriver/mounriver_studio/toolchain/risc-v embedded gcc/bin/../lib/gcc/riscv-none-embed/8.2.0/../../../../riscv-none-embed/lib/rv32imafc/ilp32f\libm.a(lib_a-w_exp.o) (__ieee754_exp)
d:/mounriver/mounriver_studio/toolchain/risc-v embedded gcc/bin/../lib/gcc/riscv-none-embed/8.2.0/../../../../riscv-none-embed/lib/rv32imafc/ilp32f\libm.a(lib_a-e_pow.o)
                              d:/mounriver/mounriver_studio/toolchain/risc-v embedded gcc/bin/../lib/gcc/riscv-none-embed/8.2.0/../../../../riscv-none-embed/lib/rv32imafc/ilp32f\libm.a(lib_a-w_pow.o) (__ieee754_pow)
d:/mounriver/mounriver_studio/toolchain/risc-v embedded gcc/bin/../lib/gcc/riscv-none-embed/8.2.0/../../../../riscv-none-embed/lib/rv32imafc/ilp32f\libm.a(lib_a-e_rem_pio2.o)
                              d:/mounriver/mounriver_studio/toolchain/risc-v embedded gcc/bin/../lib/gcc/riscv-none-embed/8.2.0/../../../../riscv-none-embed/lib/rv32imafc/ilp32f\libm.a(lib_a-s_cos.o) (__ieee754_rem_pio2)
d:/mounriver/mounriver_studio/toolchain/risc-v embedded gcc/bin/../lib/gcc/riscv-none-embed/8.2.0/../../../../riscv-none-embed/lib/rv32imafc/ilp32f\libm.a(lib_a-e_sqrt.o)
                              d:/mounriver/mounriver_studio/toolchain/risc-v embedded gcc/bin/../lib/gcc/riscv-none-embed/8.2.0/../../../../riscv-none-embed/lib/rv32imafc/ilp32f\libm.a(lib_a-e_pow.o) (__ieee754_sqrt)
d:/mounriver/mounriver_studio/toolchain/risc-v embedded gcc/bin/../lib/gcc/riscv-none-embed/8.2.0/../../../../riscv-none-embed/lib/rv32imafc/ilp32f\libm.a(lib_a-k_cos.o)
                              d:/mounriver/mounriver_studio/toolchain/risc-v embedded gcc/bin/../lib/gcc/riscv-none-embed/8.2.0/../../../../riscv-none-embed/lib/rv32imafc/ilp32f\libm.a(lib_a-s_cos.o) (__kernel_cos)
d:/mounriver/mounriver_studio/toolchain/risc-v embedded gcc/bin/../lib/gcc/riscv-none-embed/8.2.0/../../../../riscv-none-embed/lib/rv32imafc/ilp32f\libm.a(lib_a-k_rem_pio2.o)
                              d:/mounriver/mounriver_studio/toolchain/risc-v embedded gcc/bin/../lib/gcc/riscv-none-embed/8.2.0/../../../../riscv-none-embed/lib/rv32imafc/ilp32f\libm.a(lib_a-e_rem_pio2.o) (__kernel_rem_pio2)
d:/mounriver/mounriver_studio/toolchain/risc-v embedded gcc/bin/../lib/gcc/riscv-none-embed/8.2.0/../../../../riscv-none-embed/lib/rv32imafc/ilp32f\libm.a(lib_a-k_sin.o)
                              d:/mounriver/mounriver_studio/toolchain/risc-v embedded gcc/bin/../lib/gcc/riscv-none-embed/8.2.0/../../../../riscv-none-embed/lib/rv32imafc/ilp32f\libm.a(lib_a-s_cos.o) (__kernel_sin)
d:/mounriver/mounriver_studio/toolchain/risc-v embedded gcc/bin/../lib/gcc/riscv-none-embed/8.2.0/../../../../riscv-none-embed/lib/rv32imafc/ilp32f\libm.a(lib_a-s_fabs.o)
                              d:/mounriver/mounriver_studio/toolchain/risc-v embedded gcc/bin/../lib/gcc/riscv-none-embed/8.2.0/../../../../riscv-none-embed/lib/rv32imafc/ilp32f\libm.a(lib_a-e_pow.o) (fabs)
d:/mounriver/mounriver_studio/toolchain/risc-v embedded gcc/bin/../lib/gcc/riscv-none-embed/8.2.0/../../../../riscv-none-embed/lib/rv32imafc/ilp32f\libm.a(lib_a-s_finite.o)
                              d:/mounriver/mounriver_studio/toolchain/risc-v embedded gcc/bin/../lib/gcc/riscv-none-embed/8.2.0/../../../../riscv-none-embed/lib/rv32imafc/ilp32f\libm.a(lib_a-w_exp.o) (finite)
d:/mounriver/mounriver_studio/toolchain/risc-v embedded gcc/bin/../lib/gcc/riscv-none-embed/8.2.0/../../../../riscv-none-embed/lib/rv32imafc/ilp32f\libm.a(lib_a-s_floor.o)
                              d:/mounriver/mounriver_studio/toolchain/risc-v embedded gcc/bin/../lib/gcc/riscv-none-embed/8.2.0/../../../../riscv-none-embed/lib/rv32imafc/ilp32f\libm.a(lib_a-k_rem_pio2.o) (floor)
d:/mounriver/mounriver_studio/toolchain/risc-v embedded gcc/bin/../lib/gcc/riscv-none-embed/8.2.0/../../../../riscv-none-embed/lib/rv32imafc/ilp32f\libm.a(lib_a-s_lib_ver.o)
[...]
Memory Configuration

Name             Origin             Length             Attributes
RAM              0x0000000020000000 0x0000000000010000 xrw
FLASH            0x0000000000000000 0x0000000000040000 xr
*default*        0x0000000000000000 0xffffffffffffffff

Linker script and memory map

LOAD ./zf_driver/zf_driver_adc.o
LOAD ./zf_driver/zf_driver_delay.o
LOAD ./zf_driver/zf_driver_dvp.o
LOAD ./zf_driver/zf_driver_encoder.o
LOAD ./zf_driver/zf_driver_exti.o
LOAD ./zf_driver/zf_driver_flash.o
LOAD ./zf_driver/zf_driver_gpio.o
LOAD ./zf_driver/zf_driver_irq.o
LOAD ./zf_driver/zf_driver_pit.o
LOAD ./zf_driver/zf_driver_pwm.o
LOAD ./zf_driver/zf_driver_soft_iic.o
LOAD ./zf_driver/zf_driver_spi.o
LOAD ./zf_driver/zf_driver_timer.o
LOAD ./zf_driver/zf_driver_uart.o
LOAD ./zf_driver/zf_driver_usb_cdc.o
LOAD ./zf_device/zf_device_absolute_encoder.o
LOAD ./zf_device/zf_device_bluetooth_ch9141.o
LOAD ./zf_device/zf_device_bluetooth_ch9141_ch2.o
LOAD ./zf_device/zf_device_camera.o
LOAD ./zf_device/zf_device_icm20602.o
LOAD ./zf_device/zf_device_ips114.o
LOAD ./zf_device/zf_device_ips200_parallel8.o
LOAD ./zf_device/zf_device_mpu6050.o
LOAD ./zf_device/zf_device_mt9v03x_dvp.o
LOAD ./zf_device/zf_device_oled.o
LOAD ./zf_device/zf_device_scc8660_dvp.o
LOAD ./zf_device/zf_device_tft180.o
LOAD ./zf_device/zf_device_type.o
LOAD ./zf_device/zf_device_virtual_oscilloscope.o
LOAD ./zf_device/zf_device_wireless_ch573.o
LOAD ./zf_device/zf_device_wireless_uart.o
LOAD ./zf_common/zf_common_clock.o
LOAD ./zf_common/zf_common_debug.o
LOAD ./zf_common/zf_common_fifo.o
LOAD ./zf_common/zf_common_font.o
LOAD ./zf_common/zf_common_function.o
LOAD ./zf_common/zf_common_interrupt.o
LOAD ./user_c/isr.o
LOAD ./user_c/main.o
LOAD ./sdk/Startup/startup_ch32v30x.o
LOAD ./sdk/Startup/system_ch32v30x.o
LOAD ./sdk/Peripheral/ch32v30x_adc.o
LOAD ./sdk/Peripheral/ch32v30x_bkp.o
LOAD ./sdk/Peripheral/ch32v30x_can.o
LOAD ./sdk/Peripheral/ch32v30x_crc.o
LOAD ./sdk/Peripheral/ch32v30x_dac.o
LOAD ./sdk/Peripheral/ch32v30x_dbgmcu.o
LOAD ./sdk/Peripheral/ch32v30x_dma.o
LOAD ./sdk/Peripheral/ch32v30x_dvp.o
LOAD ./sdk/Peripheral/ch32v30x_eth.o
LOAD ./sdk/Peripheral/ch32v30x_exti.o
LOAD ./sdk/Peripheral/ch32v30x_flash.o
LOAD ./sdk/Peripheral/ch32v30x_fsmc.o
LOAD ./sdk/Peripheral/ch32v30x_gpio.o
LOAD ./sdk/Peripheral/ch32v30x_i2c.o
LOAD ./sdk/Peripheral/ch32v30x_iwdg.o
LOAD ./sdk/Peripheral/ch32v30x_misc.o
LOAD ./sdk/Peripheral/ch32v30x_opa.o
LOAD ./sdk/Peripheral/ch32v30x_pwr.o
LOAD ./sdk/Peripheral/ch32v30x_rcc.o
LOAD ./sdk/Peripheral/ch32v30x_rng.o
LOAD ./sdk/Peripheral/ch32v30x_rtc.o
LOAD ./sdk/Peripheral/ch32v30x_sdio.o
LOAD ./sdk/Peripheral/ch32v30x_spi.o
LOAD ./sdk/Peripheral/ch32v30x_tim.o
LOAD ./sdk/Peripheral/ch32v30x_usart.o
LOAD ./sdk/Peripheral/ch32v30x_usbotg_device.o
LOAD ./sdk/Peripheral/ch32v30x_wwdg.o
LOAD ./sdk/Core/core_riscv.o
LOAD ./code/Adc.o
LOAD ./code/Beep.o
LOAD ./code/Dac.o
LOAD ./code/Data.o
LOAD ./code/Encoder.o
LOAD ./code/Key.o
LOAD ./code/Menu.o
LOAD ./code/Motor.o
LOAD ./code/PID.o
LOAD ./code/Robot_Communite.o
LOAD ./code/Style.o
LOAD ./code/Util.o
LOAD d:/mounriver/mounriver_studio/toolchain/risc-v embedded gcc/bin/../lib/gcc/riscv-none-embed/8.2.0/../../../../riscv-none-embed/lib/rv32imafc/ilp32f\libm.a
LOAD d:/mounriver/mounriver_studio/toolchain/risc-v embedded gcc/bin/../lib/gcc/riscv-none-embed/8.2.0/rv32imafc/ilp32f\libgcc.a
LOAD d:/mounriver/mounriver_studio/toolchain/risc-v embedded gcc/bin/../lib/gcc/riscv-none-embed/8.2.0/../../../../riscv-none-embed/lib/rv32imafc/ilp32f\libg_nano.a
LOAD d:/mounriver/mounriver_studio/toolchain/risc-v embedded gcc/bin/../lib/gcc/riscv-none-embed/8.2.0/../../../../riscv-none-embed/lib/rv32imafc/ilp32f\libc_nano.a
LOAD d:/mounriver/mounriver_studio/toolchain/risc-v embedded gcc/bin/../lib/gcc/riscv-none-embed/8.2.0/rv32imafc/ilp32f\libgcc.a
START GROUP
LOAD d:/mounriver/mounriver_studio/toolchain/risc-v embedded gcc/bin/../lib/gcc/riscv-none-embed/8.2.0/rv32imafc/ilp32f\libgcc.a
LOAD d:/mounriver/mounriver_studio/toolchain/risc-v embedded gcc/bin/../lib/gcc/riscv-none-embed/8.2.0/../../../../riscv-none-embed/lib/rv32imafc/ilp32f\libc_nano.a
LOAD d:/mounriver/mounriver_studio/toolchain/risc-v embedded gcc/bin/../lib/gcc/riscv-none-embed/8.2.0/../../../../riscv-none-embed/lib/rv32imafc/ilp32f\libnosys.a
END GROUP
START GROUP
LOAD d:/mounriver/mounriver_studio/toolchain/risc-v embedded gcc/bin/../lib/gcc/riscv-none-embed/8.2.0/rv32imafc/ilp32f\libgcc.a
LOAD d:/mounriver/mounriver_studio/toolchain/risc-v embedded gcc/bin/../lib/gcc/riscv-none-embed/8.2.0/../../../../riscv-none-embed/lib/rv32imafc/ilp32f\libc_nano.a
LOAD d:/mounriver/mounriver_studio/toolchain/risc-v embedded gcc/bin/../lib/gcc/riscv-none-embed/8.2.0/../../../../riscv-none-embed/lib/rv32imafc/ilp32f\libnosys.a
END GROUP
                0x0000000000000800                __stack_size = 0x800
                [!provide]                        PROVIDE (_stack_size = __stack_size)

.init           0x0000000000000000       0x38
                0x0000000000000000                _sinit = .
                0x0000000000000000                . = ALIGN (0x4)
 *(SORT_NONE(.init))
 .init          0x0000000000000000       0x38 ./sdk/Startup/startup_ch32v30x.o
                0x0000000000000000                _start
                0x0000000000000038                . = ALIGN (0x4)
                0x0000000000000038                _einit = .

.vector         0x0000000000000038      0x1c8
 *(.vector)
 .vector        0x0000000000000038      0x1a0 ./sdk/Startup/startup_ch32v30x.o
                0x0000000000000200                . = ALIGN (0x40)
 *fill*         0x00000000000001d8       0x28 

.text           0x0000000000000200    0x1442c
                0x0000000000000200                . = ALIGN (0x4)
 *(.text)
 .text          0x0000000000000200       0x14 ./zf_driver/zf_driver_irq.o
                0x0000000000000200                dis_interrupt
                0x0000000000000206                en_interrupt
 .text          0x0000000000000214       0xa8 d:/mounriver/mounriver_studio/toolchain/risc-v embedded gcc/bin/../lib/gcc/riscv-none-embed/8.2.0/../../../../riscv-none-embed/lib/rv32imafc/ilp32f\libg_nano.a(lib_a-memset.o)
                0x0000000000000214                memset
 *(.text.*)
 .text.adc_gpio_init
                0x00000000000002bc      0x1a0 ./zf_driver/zf_driver_adc.o
                0x00000000000002bc                adc_gpio_init
 .text.adc_convert
                0x000000000000045c       0x6c ./zf_driver/zf_driver_adc.o
                0x000000000000045c                adc_convert
 .text.adc_mean_filter
                0x00000000000004c8       0x84 ./zf_driver/zf_driver_adc.o
                0x00000000000004c8                adc_mean_filter
 .text.adc_init
                0x000000000000054c       0xe0 ./zf_driver/zf_driver_adc.o
                0x000000000000054c                adc_init
 .text.system_delay
                0x000000000000062c       0x5c ./zf_driver/zf_driver_delay.o
                0x000000000000062c                system_delay
 .text.encoder_gpio_init
                0x0000000000000688       0x36 ./zf_driver/zf_driver_encoder.o
                0x0000000000000688                encoder_gpio_init
 .text.encoder_get_count
                0x00000000000006be       0xaa ./zf_driver/zf_driver_encoder.o
                0x00000000000006be                encoder_get_count
 .text.encoder_clear_count
                0x0000000000000768       0x26 ./zf_driver/zf_driver_encoder.o
                0x0000000000000768                encoder_clear_count
 .text.encoder_init_quad
                0x000000000000078e      0x1f0 ./zf_driver/zf_driver_encoder.o
                0x000000000000078e                encoder_init_quad
 .text.exti_init
                0x000000000000097e      0x108 ./zf_driver/zf_driver_exti.o
                0x000000000000097e                exti_init
 .text.exti_enable
                0x0000000000000a86       0x36 ./zf_driver/zf_driver_exti.o
                0x0000000000000a86                exti_enable
 .text.gpio_set_level
                0x0000000000000abc       0x74 ./zf_driver/zf_driver_gpio.o
                0x0000000000000abc                gpio_set_level
 .text.gpio_get_level
                0x0000000000000b30       0x40 ./zf_driver/zf_driver_gpio.o
                0x0000000000000b30                gpio_get_level
 .text.gpio_init
                0x0000000000000b70      0x1a2 ./zf_driver/zf_driver_gpio.o
                0x0000000000000b70                gpio_init
 .text.pit_init
                0x0000000000000d12      0x1a8 ./zf_driver/zf_driver_pit.o
                0x0000000000000d12                pit_init
 .text.pwm_gpio_init
                0x0000000000000eba      0x78a ./zf_driver/zf_driver_pwm.o
                0x0000000000000eba                pwm_gpio_init
 .text.pwm_set_duty
                0x0000000000001644       0x9e ./zf_driver/zf_driver_pwm.o
                0x0000000000001644                pwm_set_duty
 .text.pwm_init
                0x00000000000016e2      0x44e ./zf_driver/zf_driver_pwm.o
                0x00000000000016e2                pwm_init
 .text.timer_funciton_check
                0x0000000000001b30       0x58 ./zf_driver/zf_driver_timer.o
                0x0000000000001b30                timer_funciton_check
 .text.timer_clock_enable
                0x0000000000001b88       0xe2 ./zf_driver/zf_driver_timer.o
                0x0000000000001b88                timer_clock_enable
 .text.uart_gpio_init
                0x0000000000001c6a      0x40a ./zf_driver/zf_driver_uart.o
                0x0000000000001c6a                uart_gpio_init
 .text.uart_write_byte
                0x0000000000002074       0x56 ./zf_driver/zf_driver_uart.o
                0x0000000000002074                uart_write_byte
 .text.uart_write_buffer
                0x00000000000020ca       0x46 ./zf_driver/zf_driver_uart.o
                0x00000000000020ca                uart_write_buffer
 .text.uart_write_string
                0x0000000000002110       0x42 ./zf_driver/zf_driver_uart.o
                0x0000000000002110                uart_write_string
 .text.uart_rx_interrupt
                0x0000000000002152       0x84 ./zf_driver/zf_driver_uart.o
                0x0000000000002152                uart_rx_interrupt
 .text.uart_query_byte
                0x00000000000021d6       0x5e ./zf_driver/zf_driver_uart.o
                0x00000000000021d6                uart_query_byte
 .text.uart_init
                0x0000000000002234      0x2d2 ./zf_driver/zf_driver_uart.o
                0x0000000000002234                uart_init
 .text.bluetooth_ch9141_uart_callback_ch1
                0x0000000000002506       0x28 ./zf_device/zf_device_bluetooth_ch9141.o
                0x0000000000002506                bluetooth_ch9141_uart_callback_ch1
 .text.camera_uart_handler
                0x000000000000252e       0x3a ./zf_device/zf_device_camera.o
                0x000000000000252e                camera_uart_handler
 .text.camera_dvp_handler
                0x0000000000002568       0x30 ./zf_device/zf_device_camera.o
                0x0000000000002568                camera_dvp_handler
 .text.ips200_write_data
                0x0000000000002598       0x32 ./zf_device/zf_device_ips200_parallel8.o
 .text.ips200_write_command
                0x00000000000025ca       0x88 ./zf_device/zf_device_ips200_parallel8.o
 .text.ips200_write_8bit_data
                0x0000000000002652       0x76 ./zf_device/zf_device_ips200_parallel8.o
 .text.ips200_write_16bit_data
                0x00000000000026c8       0xb6 ./zf_device/zf_device_ips200_parallel8.o
 .text.ips200_set_region
                0x000000000000277e       0x5e ./zf_device/zf_device_ips200_parallel8.o
 .text.ips200_set_dir
                0x00000000000027dc       0x4e ./zf_device/zf_device_ips200_parallel8.o
                0x00000000000027dc                ips200_set_dir
 .text.ips200_clear
                0x000000000000282a       0x80 ./zf_device/zf_device_ips200_parallel8.o
                0x000000000000282a                ips200_clear
 .text.ips200_show_char
                0x00000000000028aa       0xee ./zf_device/zf_device_ips200_parallel8.o
                0x00000000000028aa                ips200_show_char
 .text.ips200_show_string
                0x0000000000002998       0xbe ./zf_device/zf_device_ips200_parallel8.o
                0x0000000000002998                ips200_show_string
 .text.ips200_show_int
                0x0000000000002a56      0x140 ./zf_device/zf_device_ips200_parallel8.o
                0x0000000000002a56                ips200_show_int
 .text.ips200_show_float
                0x0000000000002b96      0x1b2 ./zf_device/zf_device_ips200_parallel8.o
                0x0000000000002b96                ips200_show_float
 .text.ips200_gpio_init
                0x0000000000002d48       0xa2 ./zf_device/zf_device_ips200_parallel8.o
                0x0000000000002d48                ips200_gpio_init
 .text.ips200_init
                0x0000000000002dea      0x2ba ./zf_device/zf_device_ips200_parallel8.o
                0x0000000000002dea                ips200_init
 .text.mt9v03x_uart_callback_dvp
                0x00000000000030a4       0x66 ./zf_device/zf_device_mt9v03x_dvp.o
                0x00000000000030a4                mt9v03x_uart_callback_dvp
 .text.mt9v03x_handler_dvp
                0x000000000000310a       0x14 ./zf_device/zf_device_mt9v03x_dvp.o
                0x000000000000310a                mt9v03x_handler_dvp
 .text.scc8660_uart_callback_dvp
                0x000000000000311e       0x66 ./zf_device/zf_device_scc8660_dvp.o
                0x000000000000311e                scc8660_uart_callback_dvp
 .text.scc8660_vsync_dvp
                0x0000000000003184       0x14 ./zf_device/zf_device_scc8660_dvp.o
                0x0000000000003184                scc8660_vsync_dvp
 .text.clock_init
                0x0000000000003198       0x2a ./zf_common/zf_common_clock.o
                0x0000000000003198                clock_init
 .text.clock_reset
                0x00000000000031c2       0x76 ./zf_common/zf_common_clock.o
 .text.clock_set_freq
                0x0000000000003238      0x260 ./zf_common/zf_common_clock.o
 .text.__NOP    0x0000000000003498       0x10 ./zf_common/zf_common_debug.o
 .text.debug_delay
                0x00000000000034a8       0x52 ./zf_common/zf_common_debug.o
 .text.debug_uart_str_output
                0x00000000000034fa       0x20 ./zf_common/zf_common_debug.o
 .text.debug_output
                0x000000000000351a      0x352 ./zf_common/zf_common_debug.o
 .text._write   0x000000000000386c       0x7c ./zf_common/zf_common_debug.o
                0x000000000000386c                _write
 .text.debug_assert_handler
                0x00000000000038e8       0x5a ./zf_common/zf_common_debug.o
                0x00000000000038e8                debug_assert_handler
 .text.debug_output_struct_init
                0x0000000000003942       0x5a ./zf_common/zf_common_debug.o
                0x0000000000003942                debug_output_struct_init
 .text.debug_output_init
                0x000000000000399c       0x88 ./zf_common/zf_common_debug.o
                0x000000000000399c                debug_output_init
 .text.debug_init
                0x0000000000003a24       0x46 ./zf_common/zf_common_debug.o
                0x0000000000003a24                debug_init
 .text.fifo_head_offset
                0x0000000000003a6a       0x4e ./zf_common/zf_common_fifo.o
                0x0000000000003a6a                fifo_head_offset
 .text.fifo_write_buffer
                0x0000000000003ab8      0x106 ./zf_common/zf_common_fifo.o
                0x0000000000003ab8                fifo_write_buffer
 .text.int_to_str
                0x0000000000003bbe       0xcc ./zf_common/zf_common_function.o
                0x0000000000003bbe                int_to_str
 .text.float_to_str
                0x0000000000003c8a      0x216 ./zf_common/zf_common_function.o
                0x0000000000003c8a                float_to_str
 .text.NVIC_EnableIRQ
                0x0000000000003ea0       0x32 ./zf_common/zf_common_interrupt.o
 .text.NVIC_DisableIRQ
                0x0000000000003ed2       0x32 ./zf_common/zf_common_interrupt.o
 .text.NVIC_SetPriority
                0x0000000000003f04       0x2a ./zf_common/zf_common_interrupt.o
 .text.interrupt_enable
                0x0000000000003f2e       0x1e ./zf_common/zf_common_interrupt.o
                0x0000000000003f2e                interrupt_enable
 .text.interrupt_disable
                0x0000000000003f4c       0x1e ./zf_common/zf_common_interrupt.o
                0x0000000000003f4c                interrupt_disable
 .text.interrupt_set_priority
                0x0000000000003f6a       0x2a ./zf_common/zf_common_interrupt.o
                0x0000000000003f6a                interrupt_set_priority
 .text.interrupt_init
                0x0000000000003f94        0xe ./zf_common/zf_common_interrupt.o
                0x0000000000003f94                interrupt_init
 .text.interrupt_global_enable
                0x0000000000003fa2       0x2e ./zf_common/zf_common_interrupt.o
                0x0000000000003fa2                interrupt_global_enable
 .text.interrupt_global_disable
                0x0000000000003fd0       0x28 ./zf_common/zf_common_interrupt.o
                0x0000000000003fd0                interrupt_global_disable
 .text.USART1_IRQHandler
                0x0000000000003ff8       0x84 ./user_c/isr.o
                0x0000000000003ff8                USART1_IRQHandler
 .text.USART3_IRQHandler
                0x000000000000407c       0x84 ./user_c/isr.o
                0x000000000000407c                USART3_IRQHandler
 .text.UART4_IRQHandler
                0x0000000000004100       0x84 ./user_c/isr.o
                0x0000000000004100                UART4_IRQHandler
 .text.UART5_IRQHandler
                0x0000000000004184       0x80 ./user_c/isr.o
                0x0000000000004184                UART5_IRQHandler
 .text.UART6_IRQHandler
                0x0000000000004204       0x84 ./user_c/isr.o
                0x0000000000004204                UART6_IRQHandler
 .text.UART7_IRQHandler
                0x0000000000004288       0x9c ./user_c/isr.o
                0x0000000000004288                UART7_IRQHandler
 .text.UART8_IRQHandler
                0x0000000000004324       0x7c ./user_c/isr.o
                0x0000000000004324                UART8_IRQHandler
 .text.DVP_IRQHandler
                0x00000000000043a0       0x8e ./user_c/isr.o
                0x00000000000043a0                DVP_IRQHandler
 .text.EXTI0_IRQHandler
                0x000000000000442e       0x74 ./user_c/isr.o
                0x000000000000442e                EXTI0_IRQHandler
 .text.EXTI1_IRQHandler
                0x00000000000044a2       0x74 ./user_c/isr.o
                0x00000000000044a2                EXTI1_IRQHandler
 .text.EXTI2_IRQHandler
                0x0000000000004516       0x74 ./user_c/isr.o
                0x0000000000004516                EXTI2_IRQHandler
 .text.EXTI3_IRQHandler
                0x000000000000458a       0x74 ./user_c/isr.o
                0x000000000000458a                EXTI3_IRQHandler
 .text.EXTI4_IRQHandler
                0x00000000000045fe       0x74 ./user_c/isr.o
                0x00000000000045fe                EXTI4_IRQHandler
 .text.EXTI9_5_IRQHandler
                0x0000000000004672       0xd8 ./user_c/isr.o
                0x0000000000004672                EXTI9_5_IRQHandler
 .text.EXTI15_10_IRQHandler
                0x000000000000474a       0xf6 ./user_c/isr.o
                0x000000000000474a                EXTI15_10_IRQHandler
 .text.TIM1_UP_IRQHandler
                0x0000000000004840       0x80 ./user_c/isr.o
                0x0000000000004840                TIM1_UP_IRQHandler
 .text.TIM2_IRQHandler
                0x00000000000048c0       0x7c ./user_c/isr.o
                0x00000000000048c0                TIM2_IRQHandler
 .text.TIM3_IRQHandler
                0x000000000000493c       0x80 ./user_c/isr.o
                0x000000000000493c                TIM3_IRQHandler
 .text.TIM4_IRQHandler
                0x00000000000049bc       0x80 ./user_c/isr.o
                0x00000000000049bc                TIM4_IRQHandler
 .text.TIM5_IRQHandler
                0x0000000000004a3c       0x80 ./user_c/isr.o
                0x0000000000004a3c                TIM5_IRQHandler
 .text.TIM6_IRQHandler
                0x0000000000004abc       0x78 ./user_c/isr.o
                0x0000000000004abc                TIM6_IRQHandler
 .text.TIM7_IRQHandler
                0x0000000000004b34       0x80 ./user_c/isr.o
                0x0000000000004b34                TIM7_IRQHandler
 .text.TIM8_UP_IRQHandler
                0x0000000000004bb4       0x80 ./user_c/isr.o
                0x0000000000004bb4                TIM8_UP_IRQHandler
 .text.TIM9_UP_IRQHandler
                0x0000000000004c34       0x80 ./user_c/isr.o
                0x0000000000004c34                TIM9_UP_IRQHandler
 .text.TIM10_UP_IRQHandler
                0x0000000000004cb4       0x78 ./user_c/isr.o
                0x0000000000004cb4                TIM10_UP_IRQHandler
 .text.NMI_Handler
                0x0000000000004d2c       0x10 ./user_c/isr.o
                0x0000000000004d2c                NMI_Handler
 .text.HardFault_Handler
                0x0000000000004d3c        0x8 ./user_c/isr.o
                0x0000000000004d3c                HardFault_Handler
 .text.main     0x0000000000004d44      0x148 ./user_c/main.o
                0x0000000000004d44                main
 .text.vector_handler
                0x0000000000004e8c       0xbe ./sdk/Startup/startup_ch32v30x.o
                0x0000000000004e90                Ecall_M_Mode_Handler
                0x0000000000004e92                Ecall_U_Mode_Handler
                0x0000000000004e94                Break_Point_Handler
                0x0000000000004e96                SysTick_Handler
                0x0000000000004e98                SW_Handler
                0x0000000000004e9a                WWDG_IRQHandler
                0x0000000000004e9c                PVD_IRQHandler
                0x0000000000004e9e                TAMPER_IRQHandler
                0x0000000000004ea0                RTC_IRQHandler
                0x0000000000004ea2                FLASH_IRQHandler
                0x0000000000004ea4                RCC_IRQHandler
                0x0000000000004eb0                DMA1_Channel1_IRQHandler
                0x0000000000004eb2                DMA1_Channel2_IRQHandler
                0x0000000000004eb4                DMA1_Channel3_IRQHandler
                0x0000000000004eb6                DMA1_Channel4_IRQHandler
                0x0000000000004eb8                DMA1_Channel5_IRQHandler
                0x0000000000004eba                DMA1_Channel6_IRQHandler
                0x0000000000004ebc                DMA1_Channel7_IRQHandler
                0x0000000000004ebe                ADC1_2_IRQHandler
                0x0000000000004ec0                USB_HP_CAN1_TX_IRQHandler
                0x0000000000004ec2                USB_LP_CAN1_RX0_IRQHandler
                0x0000000000004ec4                CAN1_RX1_IRQHandler
                0x0000000000004ec6                CAN1_SCE_IRQHandler
                0x0000000000004eca                TIM1_BRK_IRQHandler
                0x0000000000004ece                TIM1_TRG_COM_IRQHandler
                0x0000000000004ed0                TIM1_CC_IRQHandler
                0x0000000000004ed8                I2C1_EV_IRQHandler
                0x0000000000004eda                I2C1_ER_IRQHandler
                0x0000000000004edc                I2C2_EV_IRQHandler
                0x0000000000004ede                I2C2_ER_IRQHandler
                0x0000000000004ee0                SPI1_IRQHandler
                0x0000000000004ee2                SPI2_IRQHandler
                0x0000000000004eec                RTCAlarm_IRQHandler
                0x0000000000004eee                USBWakeUp_IRQHandler
                0x0000000000004ef0                TIM8_BRK_IRQHandler
                0x0000000000004ef4                TIM8_TRG_COM_IRQHandler
                0x0000000000004ef6                TIM8_CC_IRQHandler
                0x0000000000004ef8                RNG_IRQHandler
                0x0000000000004efa                FSMC_IRQHandler
                0x0000000000004efc                SDIO_IRQHandler
                0x0000000000004f00                SPI3_IRQHandler
                0x0000000000004f0a                DMA2_Channel1_IRQHandler
                0x0000000000004f0c                DMA2_Channel2_IRQHandler
                0x0000000000004f0e                DMA2_Channel3_IRQHandler
                0x0000000000004f10                DMA2_Channel4_IRQHandler
                0x0000000000004f12                DMA2_Channel5_IRQHandler
                0x0000000000004f14                ETH_IRQHandler
                0x0000000000004f16                ETH_WKUP_IRQHandler
                0x0000000000004f18                CAN2_TX_IRQHandler
                0x0000000000004f1a                CAN2_RX0_IRQHandler
                0x0000000000004f1c                CAN2_RX1_IRQHandler
                0x0000000000004f1e                CAN2_SCE_IRQHandler
                0x0000000000004f22                USBHSWakeup_IRQHandler
                0x0000000000004f24                USBHS_IRQHandler
                0x0000000000004f2e                TIM9_BRK_IRQHandler
                0x0000000000004f32                TIM9_TRG_COM_IRQHandler
                0x0000000000004f34                TIM9_CC_IRQHandler
                0x0000000000004f36                TIM10_BRK_IRQHandler
                0x0000000000004f3a                TIM10_TRG_COM_IRQHandler
                0x0000000000004f3c                TIM10_CC_IRQHandler
                0x0000000000004f3e                DMA2_Channel6_IRQHandler
                0x0000000000004f40                DMA2_Channel7_IRQHandler
                0x0000000000004f42                DMA2_Channel8_IRQHandler
                0x0000000000004f44                DMA2_Channel9_IRQHandler
                0x0000000000004f46                DMA2_Channel10_IRQHandler
                0x0000000000004f48                DMA2_Channel11_IRQHandler
 .text.handle_reset
                0x0000000000004f4a       0x9e ./sdk/Startup/startup_ch32v30x.o
                0x0000000000004f4a                handle_reset
 .text.ADC_DeInit
                0x0000000000004fe8       0x60 ./sdk/Peripheral/ch32v30x_adc.o
                0x0000000000004fe8                ADC_DeInit
 .text.ADC_Init
                0x0000000000005048      0x102 ./sdk/Peripheral/ch32v30x_adc.o
                0x0000000000005048                ADC_Init
 .text.ADC_Cmd  0x000000000000514a       0x3e ./sdk/Peripheral/ch32v30x_adc.o
                0x000000000000514a                ADC_Cmd
 .text.ADC_ResetCalibration
                0x0000000000005188       0x22 ./sdk/Peripheral/ch32v30x_adc.o
                0x0000000000005188                ADC_ResetCalibration
 .text.ADC_GetResetCalibrationStatus
                0x00000000000051aa       0x30 ./sdk/Peripheral/ch32v30x_adc.o
                0x00000000000051aa                ADC_GetResetCalibrationStatus
 .text.ADC_StartCalibration
                0x00000000000051da       0x22 ./sdk/Peripheral/ch32v30x_adc.o
                0x00000000000051da                ADC_StartCalibration
 .text.ADC_GetCalibrationStatus
                0x00000000000051fc       0x30 ./sdk/Peripheral/ch32v30x_adc.o
                0x00000000000051fc                ADC_GetCalibrationStatus
 .text.ADC_SoftwareStartConvCmd
                0x000000000000522c       0x44 ./sdk/Peripheral/ch32v30x_adc.o
                0x000000000000522c                ADC_SoftwareStartConvCmd
 .text.ADC_RegularChannelConfig
                0x0000000000005270      0x248 ./sdk/Peripheral/ch32v30x_adc.o
                0x0000000000005270                ADC_RegularChannelConfig
 .text.ADC_GetFlagStatus
                0x00000000000054b8       0x3a ./sdk/Peripheral/ch32v30x_adc.o
                0x00000000000054b8                ADC_GetFlagStatus
 .text.ADC_BufferCmd
                0x00000000000054f2       0x44 ./sdk/Peripheral/ch32v30x_adc.o
                0x00000000000054f2                ADC_BufferCmd
 .text.EXTI_Init
                0x0000000000005536      0x170 ./sdk/Peripheral/ch32v30x_exti.o
                0x0000000000005536                EXTI_Init
 .text.EXTI_GetITStatus
                0x00000000000056a6       0x56 ./sdk/Peripheral/ch32v30x_exti.o
                0x00000000000056a6                EXTI_GetITStatus
 .text.EXTI_ClearITPendingBit
                0x00000000000056fc       0x20 ./sdk/Peripheral/ch32v30x_exti.o
                0x00000000000056fc                EXTI_ClearITPendingBit
 .text.GPIO_Init
                0x000000000000571c      0x22a ./sdk/Peripheral/ch32v30x_gpio.o
                0x000000000000571c                GPIO_Init
 .text.GPIO_WriteBit
                0x0000000000005946       0x38 ./sdk/Peripheral/ch32v30x_gpio.o
                0x0000000000005946                GPIO_WriteBit
 .text.GPIO_PinRemapConfig
                0x000000000000597e      0x13c ./sdk/Peripheral/ch32v30x_gpio.o
                0x000000000000597e                GPIO_PinRemapConfig
 .text.GPIO_EXTILineConfig
                0x0000000000005aba       0xa2 ./sdk/Peripheral/ch32v30x_gpio.o
                0x0000000000005aba                GPIO_EXTILineConfig
 .text.RCC_ADCCLKConfig
                0x0000000000005b5c       0x46 ./sdk/Peripheral/ch32v30x_rcc.o
                0x0000000000005b5c                RCC_ADCCLKConfig
 .text.RCC_GetClocksFreq
                0x0000000000005ba2      0x2c6 ./sdk/Peripheral/ch32v30x_rcc.o
                0x0000000000005ba2                RCC_GetClocksFreq
 .text.RCC_APB2PeriphClockCmd
                0x0000000000005e68       0x46 ./sdk/Peripheral/ch32v30x_rcc.o
                0x0000000000005e68                RCC_APB2PeriphClockCmd
 .text.RCC_APB1PeriphClockCmd
                0x0000000000005eae       0x46 ./sdk/Peripheral/ch32v30x_rcc.o
                0x0000000000005eae                RCC_APB1PeriphClockCmd
 .text.RCC_APB2PeriphResetCmd
                0x0000000000005ef4       0x46 ./sdk/Peripheral/ch32v30x_rcc.o
                0x0000000000005ef4                RCC_APB2PeriphResetCmd
 .text.TIM_TimeBaseInit
                0x0000000000005f3a      0x17e ./sdk/Peripheral/ch32v30x_tim.o
                0x0000000000005f3a                TIM_TimeBaseInit
 .text.TIM_OC1Init
                0x00000000000060b8      0x19c ./sdk/Peripheral/ch32v30x_tim.o
                0x00000000000060b8                TIM_OC1Init
 .text.TIM_OC2Init
                0x0000000000006254      0x1e2 ./sdk/Peripheral/ch32v30x_tim.o
                0x0000000000006254                TIM_OC2Init
 .text.TIM_OC3Init
                0x0000000000006436      0x1dc ./sdk/Peripheral/ch32v30x_tim.o
                0x0000000000006436                TIM_OC3Init
 .text.TIM_OC4Init
                0x0000000000006612      0x176 ./sdk/Peripheral/ch32v30x_tim.o
                0x0000000000006612                TIM_OC4Init
 .text.TIM_TimeBaseStructInit
                0x0000000000006788       0x3c ./sdk/Peripheral/ch32v30x_tim.o
                0x0000000000006788                TIM_TimeBaseStructInit
 .text.TIM_Cmd  0x00000000000067c4       0x58 ./sdk/Peripheral/ch32v30x_tim.o
                0x00000000000067c4                TIM_Cmd
 .text.TIM_CtrlPWMOutputs
                0x000000000000681c       0x60 ./sdk/Peripheral/ch32v30x_tim.o
                0x000000000000681c                TIM_CtrlPWMOutputs
 .text.TIM_ITConfig
                0x000000000000687c       0x70 ./sdk/Peripheral/ch32v30x_tim.o
                0x000000000000687c                TIM_ITConfig
 .text.TIM_EncoderInterfaceConfig
                0x00000000000068ec       0xd8 ./sdk/Peripheral/ch32v30x_tim.o
                0x00000000000068ec                TIM_EncoderInterfaceConfig
 .text.TIM_OC1PreloadConfig
                0x00000000000069c4       0x4c ./sdk/Peripheral/ch32v30x_tim.o
                0x00000000000069c4                TIM_OC1PreloadConfig
 .text.TIM_OC2PreloadConfig
                0x0000000000006a10       0x5a ./sdk/Peripheral/ch32v30x_tim.o
                0x0000000000006a10                TIM_OC2PreloadConfig
 .text.TIM_OC3PreloadConfig
                0x0000000000006a6a       0x4c ./sdk/Peripheral/ch32v30x_tim.o
                0x0000000000006a6a                TIM_OC3PreloadConfig
 .text.TIM_OC4PreloadConfig
                0x0000000000006ab6       0x5a ./sdk/Peripheral/ch32v30x_tim.o
                0x0000000000006ab6                TIM_OC4PreloadConfig
 .text.TIM_OC1FastConfig
                0x0000000000006b10       0x4c ./sdk/Peripheral/ch32v30x_tim.o
                0x0000000000006b10                TIM_OC1FastConfig
 .text.TIM_OC2FastConfig
                0x0000000000006b5c       0x56 ./sdk/Peripheral/ch32v30x_tim.o
                0x0000000000006b5c                TIM_OC2FastConfig
 .text.TIM_OC3FastConfig
                0x0000000000006bb2       0x4c ./sdk/Peripheral/ch32v30x_tim.o
                0x0000000000006bb2                TIM_OC3FastConfig
 .text.TIM_OC4FastConfig
                0x0000000000006bfe       0x56 ./sdk/Peripheral/ch32v30x_tim.o
                0x0000000000006bfe                TIM_OC4FastConfig
 .text.TIM_GetITStatus
                0x0000000000006c54       0x70 ./sdk/Peripheral/ch32v30x_tim.o
                0x0000000000006c54                TIM_GetITStatus
 .text.TIM_ClearITPendingBit
                0x0000000000006cc4       0x2e ./sdk/Peripheral/ch32v30x_tim.o
                0x0000000000006cc4                TIM_ClearITPendingBit
 .text.USART_Init
                0x0000000000006cf2      0x234 ./sdk/Peripheral/ch32v30x_usart.o
                0x0000000000006cf2                USART_Init
 .text.USART_Cmd
                0x0000000000006f26       0x60 ./sdk/Peripheral/ch32v30x_usart.o
                0x0000000000006f26                USART_Cmd
 .text.USART_ITConfig
                0x0000000000006f86       0xc4 ./sdk/Peripheral/ch32v30x_usart.o
                0x0000000000006f86                USART_ITConfig
 .text.USART_SendData
                0x000000000000704a       0x2e ./sdk/Peripheral/ch32v30x_usart.o
                0x000000000000704a                USART_SendData
 .text.USART_ReceiveData
                0x0000000000007078       0x26 ./sdk/Peripheral/ch32v30x_usart.o
                0x0000000000007078                USART_ReceiveData
 .text.USART_GetFlagStatus
                0x000000000000709e       0x46 ./sdk/Peripheral/ch32v30x_usart.o
                0x000000000000709e                USART_GetFlagStatus
 .text.USART_GetITStatus
                0x00000000000070e4      0x102 ./sdk/Peripheral/ch32v30x_usart.o
                0x00000000000070e4                USART_GetITStatus
 .text.USART_ClearITPendingBit
                0x00000000000071e6       0x4e ./sdk/Peripheral/ch32v30x_usart.o
                0x00000000000071e6                USART_ClearITPendingBit
 .text.DevEP1_IN_Deal
                0x0000000000007234       0x3e ./sdk/Peripheral/ch32v30x_usbotg_device.o
                0x0000000000007234                DevEP1_IN_Deal
 .text.DevEP2_IN_Deal
                0x0000000000007272       0x3e ./sdk/Peripheral/ch32v30x_usbotg_device.o
                0x0000000000007272                DevEP2_IN_Deal
 .text.DevEP1_OUT_Deal
                0x00000000000072b0       0x66 ./sdk/Peripheral/ch32v30x_usbotg_device.o
                0x00000000000072b0                DevEP1_OUT_Deal
 .text.DevEP2_OUT_Deal
                0x0000000000007316       0x66 ./sdk/Peripheral/ch32v30x_usbotg_device.o
                0x0000000000007316                DevEP2_OUT_Deal
 .text.OTG_FS_IRQHandler
                0x000000000000737c      0xcc4 ./sdk/Peripheral/ch32v30x_usbotg_device.o
                0x000000000000737c                OTG_FS_IRQHandler
 .text.Adc_Init
                0x0000000000008040       0x5a ./code/Adc.o
                0x0000000000008040                Adc_Init
 .text.Sonar_Adc_Get
                0x000000000000809a      0x12e ./code/Adc.o
                0x000000000000809a                Sonar_Adc_Get
 .text.Transe_Sonar_Data
                0x00000000000081c8      0x15c ./code/Adc.o
                0x00000000000081c8                Transe_Sonar_Data
 .text.Beep_Init
                0x0000000000008324       0x22 ./code/Beep.o
                0x0000000000008324                Beep_Init
 .text.Beep_Set_ms
                0x0000000000008346       0x56 ./code/Beep.o
                0x0000000000008346                Beep_Set_ms
 .text.Dac_Init
                0x000000000000839c       0x32 ./code/Dac.o
                0x000000000000839c                Dac_Init
 .text.Encoder_Master_Init
                0x00000000000083ce       0x32 ./code/Encoder.o
                0x00000000000083ce                Encoder_Master_Init
 .text.Encoder_Master_Get
                0x0000000000008400       0x74 ./code/Encoder.o
                0x0000000000008400                Encoder_Master_Get
 .text.Key_Init
                0x0000000000008474       0x48 ./code/Key.o
                0x0000000000008474                Key_Init
 .text.Menu     0x00000000000084bc       0x64 ./code/Menu.o
                0x00000000000084bc                Menu
 .text.Menu_Home_Page
                0x0000000000008520       0xfe ./code/Menu.o
                0x0000000000008520                Menu_Home_Page
 .text.Menu_Parameter_Page
                0x000000000000861e      0x2b0 ./code/Menu.o
                0x000000000000861e                Menu_Parameter_Page
 .text.Menu_Sonars_Page
                0x00000000000088ce      0x1a6 ./code/Menu.o
                0x00000000000088ce                Menu_Sonars_Page
 .text.Menu_Debug_Page
                0x0000000000008a74      0x1be ./code/Menu.o
                0x0000000000008a74                Menu_Debug_Page
 .text.Menu_Adc_Page
                0x0000000000008c32       0xe6 ./code/Menu.o
                0x0000000000008c32                Menu_Adc_Page
 .text.Menu_Control_Page
                0x0000000000008d18      0x17a ./code/Menu.o
                0x0000000000008d18                Menu_Control_Page
 .text.Motor_All_Init
                0x0000000000008e92       0x4e ./code/Motor.o
                0x0000000000008e92                Motor_All_Init
 .text.Motor_Set_Duty
                0x0000000000008ee0       0x8e ./code/Motor.o
                0x0000000000008ee0                Motor_Set_Duty
 .text.Motor_Speed_Limit
                0x0000000000008f6e       0x70 ./code/Motor.o
                0x0000000000008f6e                Motor_Speed_Limit
 .text.Moter_Move
                0x0000000000008fde       0x7a ./code/Motor.o
                0x0000000000008fde                Moter_Move
 .text.Motor_Set_Expect_Speed
                0x0000000000009058       0xb8 ./code/Motor.o
                0x0000000000009058                Motor_Set_Expect_Speed
 .text.Motor_Control
                0x0000000000009110       0x2c ./code/Motor.o
                0x0000000000009110                Motor_Control
 .text.PID_INIT
                0x000000000000913c       0x46 ./code/PID.o
                0x000000000000913c                PID_INIT
 .text.ALLPID_INIT
                0x0000000000009182       0x2a ./code/PID.o
                0x0000000000009182                ALLPID_INIT
 .text.PID_Control
                0x00000000000091ac       0x92 ./code/PID.o
                0x00000000000091ac                PID_Control
 .text.Robot_Communite_Init
                0x000000000000923e       0x3a ./code/Robot_Communite.o
                0x000000000000923e                Robot_Communite_Init
 .text.Add_Checksum
                0x0000000000009278       0x70 ./code/Robot_Communite.o
                0x0000000000009278                Add_Checksum
 .text.Add_SIP_Info
                0x00000000000092e8      0x292 ./code/Robot_Communite.o
                0x00000000000092e8                Add_SIP_Info
 .text.Add_IO_Info
                0x000000000000957a       0xe2 ./code/Robot_Communite.o
                0x000000000000957a                Add_IO_Info
 .text.Receive_Sip
                0x000000000000965c      0x124 ./code/Robot_Communite.o
                0x000000000000965c                Receive_Sip
 .text.Start_Robot_Connection_Sync
                0x0000000000009780      0x1a0 ./code/Robot_Communite.o
                0x0000000000009780                Start_Robot_Connection_Sync
 .text.Keep_Robot_Communite
                0x0000000000009920      0x1b0 ./code/Robot_Communite.o
                0x0000000000009920                Keep_Robot_Communite
 .text.USART2_IRQHandler
                0x0000000000009ad0       0xf0 ./code/Robot_Communite.o
                0x0000000000009ad0                USART2_IRQHandler
 .text.CalcPos  0x0000000000009bc0      0x516 ./code/Style.o
                0x0000000000009bc0                CalcPos
 .text.Calc_Check_Sum
                0x000000000000a0d6       0xb6 ./code/Util.o
                0x000000000000a0d6                Calc_Check_Sum
 .text.Clear_Sip_Data
                0x000000000000a18c       0xac ./code/Util.o
                0x000000000000a18c                Clear_Sip_Data
 .text.Clear_Array
                0x000000000000a238       0x42 ./code/Util.o
                0x000000000000a238                Clear_Array
 .text.cos      0x000000000000a27a       0x92 d:/mounriver/mounriver_studio/toolchain/risc-v embedded gcc/bin/../lib/gcc/riscv-none-embed/8.2.0/../../../../riscv-none-embed/lib/rv32imafc/ilp32f\libm.a(lib_a-s_cos.o)
                0x000000000000a27a                cos
 .text.sin      0x000000000000a30c       0x94 d:/mounriver/mounriver_studio/toolchain/risc-v embedded gcc/bin/../lib/gcc/riscv-none-embed/8.2.0/../../../../riscv-none-embed/lib/rv32imafc/ilp32f\libm.a(lib_a-s_sin.o)
                0x000000000000a30c                sin
 .text.exp      0x000000000000a3a0      0x108 d:/mounriver/mounriver_studio/toolchain/risc-v embedded gcc/bin/../lib/gcc/riscv-none-embed/8.2.0/../../../../riscv-none-embed/lib/rv32imafc/ilp32f\libm.a(lib_a-w_exp.o)
                0x000000000000a3a0                exp
 .text.pow      0x000000000000a4a8      0x326 d:/mounriver/mounriver_studio/toolchain/risc-v embedded gcc/bin/../lib/gcc/riscv-none-embed/8.2.0/../../../../riscv-none-embed/lib/rv32imafc/ilp32f\libm.a(lib_a-w_pow.o)
                0x000000000000a4a8                pow
 .text.__ieee754_exp
                0x000000000000a7ce      0x3f2 d:/mounriver/mounriver_studio/toolchain/risc-v embedded gcc/bin/../lib/gcc/riscv-none-embed/8.2.0/../../../../riscv-none-embed/lib/rv32imafc/ilp32f\libm.a(lib_a-e_exp.o)
                0x000000000000a7ce                __ieee754_exp
 .text.__ieee754_pow
                0x000000000000abc0      0xad8 d:/mounriver/mounriver_studio/toolchain/risc-v embedded gcc/bin/../lib/gcc/riscv-none-embed/8.2.0/../../../../riscv-none-embed/lib/rv32imafc/ilp32f\libm.a(lib_a-e_pow.o)
                0x000000000000abc0                __ieee754_pow
 .text.__ieee754_rem_pio2
                0x000000000000b698      0x466 d:/mounriver/mounriver_studio/toolchain/risc-v embedded gcc/bin/../lib/gcc/riscv-none-embed/8.2.0/../../../../riscv-none-embed/lib/rv32imafc/ilp32f\libm.a(lib_a-e_rem_pio2.o)
                0x000000000000b698                __ieee754_rem_pio2
 .text.__ieee754_sqrt
                0x000000000000bafe      0x1d6 d:/mounriver/mounriver_studio/toolchain/risc-v embedded gcc/bin/../lib/gcc/riscv-none-embed/8.2.0/../../../../riscv-none-embed/lib/rv32imafc/ilp32f\libm.a(lib_a-e_sqrt.o)
                0x000000000000bafe                __ieee754_sqrt
 .text.__kernel_cos
                0x000000000000bcd4      0x2b8 d:/mounriver/mounriver_studio/toolchain/risc-v embedded gcc/bin/../lib/gcc/riscv-none-embed/8.2.0/../../../../riscv-none-embed/lib/rv32imafc/ilp32f\libm.a(lib_a-k_cos.o)
                0x000000000000bcd4                __kernel_cos
 .text.__kernel_rem_pio2
                0x000000000000bf8c      0x954 d:/mounriver/mounriver_studio/toolchain/risc-v embedded gcc/bin/../lib/gcc/riscv-none-embed/8.2.0/../../../../riscv-none-embed/lib/rv32imafc/ilp32f\libm.a(lib_a-k_rem_pio2.o)
                0x000000000000bf8c                __kernel_rem_pio2
 .text.__kernel_sin
                0x000000000000c8e0      0x192 d:/mounriver/mounriver_studio/toolchain/risc-v embedded gcc/bin/../lib/gcc/riscv-none-embed/8.2.0/../../../../riscv-none-embed/lib/rv32imafc/ilp32f\libm.a(lib_a-k_sin.o)
                0x000000000000c8e0                __kernel_sin
 .text.fabs     0x000000000000ca72        0x6 d:/mounriver/mounriver_studio/toolchain/risc-v embedded gcc/bin/../lib/gcc/riscv-none-embed/8.2.0/../../../../riscv-none-embed/lib/rv32imafc/ilp32f\libm.a(lib_a-s_fabs.o)
                0x000000000000ca72                fabs
 .text.finite   0x000000000000ca78        0xe d:/mounriver/mounriver_studio/toolchain/risc-v embedded gcc/bin/../lib/gcc/riscv-none-embed/8.2.0/../../../../riscv-none-embed/lib/rv32imafc/ilp32f\libm.a(lib_a-s_finite.o)
                0x000000000000ca78                finite
 .text.floor    0x000000000000ca86      0x150 d:/mounriver/mounriver_studio/toolchain/risc-v embedded gcc/bin/../lib/gcc/riscv-none-embed/8.2.0/../../../../riscv-none-embed/lib/rv32imafc/ilp32f\libm.a(lib_a-s_floor.o)
                0x000000000000ca86                floor
 .text.matherr  0x000000000000cbd6        0x4 d:/mounriver/mounriver_studio/toolchain/risc-v embedded gcc/bin/../lib/gcc/riscv-none-embed/8.2.0/../../../../riscv-none-embed/lib/rv32imafc/ilp32f\libm.a(lib_a-s_matherr.o)
                0x000000000000cbd6                matherr
 .text.nan      0x000000000000cbda        0xe d:/mounriver/mounriver_studio/toolchain/risc-v embedded gcc/bin/../lib/gcc/riscv-none-embed/8.2.0/../../../../riscv-none-embed/lib/rv32imafc/ilp32f\libm.a(lib_a-s_nan.o)
                0x000000000000cbda                nan
 .text.rint     0x000000000000cbe8      0x186 d:/mounriver/mounriver_studio/toolchain/risc-v embedded gcc/bin/../lib/gcc/riscv-none-embed/8.2.0/../../../../riscv-none-embed/lib/rv32imafc/ilp32f\libm.a(lib_a-s_rint.o)
                0x000000000000cbe8                rint
 .text.scalbn   0x000000000000cd6e      0x13e d:/mounriver/mounriver_studio/toolchain/risc-v embedded gcc/bin/../lib/gcc/riscv-none-embed/8.2.0/../../../../riscv-none-embed/lib/rv32imafc/ilp32f\libm.a(lib_a-s_scalbn.o)
                0x000000000000cd6e                scalbn
 .text.copysign
                0x000000000000ceac       0x16 d:/mounriver/mounriver_studio/toolchain/risc-v embedded gcc/bin/../lib/gcc/riscv-none-embed/8.2.0/../../../../riscv-none-embed/lib/rv32imafc/ilp32f\libm.a(lib_a-s_copysign.o)
                0x000000000000ceac                copysign
 .text.__adddf3
                0x000000000000cec2      0xa0e d:/mounriver/mounriver_studio/toolchain/risc-v embedded gcc/bin/../lib/gcc/riscv-none-embed/8.2.0/rv32imafc/ilp32f\libgcc.a(adddf3.o)
                0x000000000000cec2                __adddf3
 .text.__divdf3
                0x000000000000d8d0      0x7ea d:/mounriver/mounriver_studio/toolchain/risc-v embedded gcc/bin/../lib/gcc/riscv-none-embed/8.2.0/rv32imafc/ilp32f\libgcc.a(divdf3.o)
                0x000000000000d8d0                __divdf3
 .text.__eqdf2  0x000000000000e0ba       0x98 d:/mounriver/mounriver_studio/toolchain/risc-v embedded gcc/bin/../lib/gcc/riscv-none-embed/8.2.0/rv32imafc/ilp32f\libgcc.a(eqdf2.o)
                0x000000000000e0ba                __nedf2
                0x000000000000e0ba                __eqdf2
 .text.__gedf2  0x000000000000e152       0xb6 d:/mounriver/mounriver_studio/toolchain/risc-v embedded gcc/bin/../lib/gcc/riscv-none-embed/8.2.0/rv32imafc/ilp32f\libgcc.a(gedf2.o)
                0x000000000000e152                __gedf2
                0x000000000000e152                __gtdf2
 .text.__ledf2  0x000000000000e208       0xb6 d:/mounriver/mounriver_studio/toolchain/risc-v embedded gcc/bin/../lib/gcc/riscv-none-embed/8.2.0/rv32imafc/ilp32f\libgcc.a(ledf2.o)
                0x000000000000e208                __ledf2
                0x000000000000e208                __ltdf2
 .text.__muldf3
                0x000000000000e2be      0x656 d:/mounriver/mounriver_studio/toolchain/risc-v embedded gcc/bin/../lib/gcc/riscv-none-embed/8.2.0/rv32imafc/ilp32f\libgcc.a(muldf3.o)
                0x000000000000e2be                __muldf3
 .text.__subdf3
                0x000000000000e914      0xa8c d:/mounriver/mounriver_studio/toolchain/risc-v embedded gcc/bin/../lib/gcc/riscv-none-embed/8.2.0/rv32imafc/ilp32f\libgcc.a(subdf3.o)
                0x000000000000e914                __subdf3
 .text.__unorddf2
                0x000000000000f3a0       0x7c d:/mounriver/mounriver_studio/toolchain/risc-v embedded gcc/bin/../lib/gcc/riscv-none-embed/8.2.0/rv32imafc/ilp32f\libgcc.a(unorddf2.o)
                0x000000000000f3a0                __unorddf2
 .text.__fixdfsi
                0x000000000000f41c       0xd8 d:/mounriver/mounriver_studio/toolchain/risc-v embedded gcc/bin/../lib/gcc/riscv-none-embed/8.2.0/rv32imafc/ilp32f\libgcc.a(fixdfsi.o)
                0x000000000000f41c                __fixdfsi
 .text.__floatsidf
                0x000000000000f4f4       0x70 d:/mounriver/mounriver_studio/toolchain/risc-v embedded gcc/bin/../lib/gcc/riscv-none-embed/8.2.0/rv32imafc/ilp32f\libgcc.a(floatsidf.o)
                0x000000000000f4f4                __floatsidf
 .text.__extendsfdf2
                0x000000000000f564       0xe8 d:/mounriver/mounriver_studio/toolchain/risc-v embedded gcc/bin/../lib/gcc/riscv-none-embed/8.2.0/rv32imafc/ilp32f\libgcc.a(extendsfdf2.o)
                0x000000000000f564                __extendsfdf2
 .text.__truncdfsf2
                0x000000000000f64c      0x31e d:/mounriver/mounriver_studio/toolchain/risc-v embedded gcc/bin/../lib/gcc/riscv-none-embed/8.2.0/rv32imafc/ilp32f\libgcc.a(truncdfsf2.o)
                0x000000000000f64c                __truncdfsf2
 .text.__clzsi2
                0x000000000000f96a       0x76 d:/mounriver/mounriver_studio/toolchain/risc-v embedded gcc/bin/../lib/gcc/riscv-none-embed/8.2.0/rv32imafc/ilp32f\libgcc.a(_clzsi2.o)
                0x000000000000f96a                __clzsi2
 .text.__errno  0x000000000000f9e0        0x8 d:/mounriver/mounriver_studio/toolchain/risc-v embedded gcc/bin/../lib/gcc/riscv-none-embed/8.2.0/../../../../riscv-none-embed/lib/rv32imafc/ilp32f\libg_nano.a(lib_a-errno.o)
                0x000000000000f9e0                __errno
 .text.memcpy   0x000000000000f9e8       0xb6 d:/mounriver/mounriver_studio/toolchain/risc-v embedded gcc/bin/../lib/gcc/riscv-none-embed/8.2.0/../../../../riscv-none-embed/lib/rv32imafc/ilp32f\libg_nano.a(lib_a-memcpy.o)
                0x000000000000f9e8                memcpy
 .text.__cvt    0x000000000000fa9e       0xee d:/mounriver/mounriver_studio/toolchain/risc-v embedded gcc/bin/../lib/gcc/riscv-none-embed/8.2.0/../../../../riscv-none-embed/lib/rv32imafc/ilp32f\libg_nano.a(lib_a-nano-vfprintf_float.o)
                0x000000000000fa9e                __cvt
 .text.__exponent
                0x000000000000fb8c       0x8c d:/mounriver/mounriver_studio/toolchain/risc-v embedded gcc/bin/../lib/gcc/riscv-none-embed/8.2.0/../../../../riscv-none-embed/lib/rv32imafc/ilp32f\libg_nano.a(lib_a-nano-vfprintf_float.o)
                0x000000000000fb8c                __exponent
 .text._printf_float
                0x000000000000fc18      0x4c4 d:/mounriver/mounriver_studio/toolchain/risc-v embedded gcc/bin/../lib/gcc/riscv-none-embed/8.2.0/../../../../riscv-none-embed/lib/rv32imafc/ilp32f\libg_nano.a(lib_a-nano-vfprintf_float.o)
                0x000000000000fc18                _printf_float
 .text._printf_common
                0x00000000000100dc      0x10c d:/mounriver/mounriver_studio/toolchain/risc-v embedded gcc/bin/../lib/gcc/riscv-none-embed/8.2.0/../../../../riscv-none-embed/lib/rv32imafc/ilp32f\libg_nano.a(lib_a-nano-vfprintf_i.o)
                0x00000000000100dc                _printf_common
 .text._printf_i
                0x00000000000101e8      0x2a6 d:/mounriver/mounriver_studio/toolchain/risc-v embedded gcc/bin/../lib/gcc/riscv-none-embed/8.2.0/../../../../riscv-none-embed/lib/rv32imafc/ilp32f\libg_nano.a(lib_a-nano-vfprintf_i.o)
                0x00000000000101e8                _printf_i
 .text.printf   0x000000000001048e       0x42 d:/mounriver/mounriver_studio/toolchain/risc-v embedded gcc/bin/../lib/gcc/riscv-none-embed/8.2.0/../../../../riscv-none-embed/lib/rv32imafc/ilp32f\libg_nano.a(lib_a-printf.o)
                0x000000000001048e                iprintf
                0x000000000001048e                printf
 .text.sprintf  0x00000000000104d0       0x46 d:/mounriver/mounriver_studio/toolchain/risc-v embedded gcc/bin/../lib/gcc/riscv-none-embed/8.2.0/../../../../riscv-none-embed/lib/rv32imafc/ilp32f\libg_nano.a(lib_a-sprintf.o)
                0x00000000000104d0                siprintf
                0x00000000000104d0                sprintf
 .text.strlen   0x0000000000010516       0x12 d:/mounriver/mounriver_studio/toolchain/risc-v embedded gcc/bin/../lib/gcc/riscv-none-embed/8.2.0/../../../../riscv-none-embed/lib/rv32imafc/ilp32f\libg_nano.a(lib_a-strlen.o)
                0x0000000000010516                strlen
 .text.__swbuf_r
                0x0000000000010528       0xc6 d:/mounriver/mounriver_studio/toolchain/risc-v embedded gcc/bin/../lib/gcc/riscv-none-embed/8.2.0/../../../../riscv-none-embed/lib/rv32imafc/ilp32f\libg_nano.a(lib_a-wbuf.o)
                0x0000000000010528                __swbuf_r
 .text.__swsetup_r
                0x00000000000105ee      0x112 d:/mounriver/mounriver_studio/toolchain/risc-v embedded gcc/bin/../lib/gcc/riscv-none-embed/8.2.0/../../../../riscv-none-embed/lib/rv32imafc/ilp32f\libg_nano.a(lib_a-wsetup.o)
                0x00000000000105ee                __swsetup_r
 .text.quorem   0x0000000000010700      0x13a d:/mounriver/mounriver_studio/toolchain/risc-v embedded gcc/bin/../lib/gcc/riscv-none-embed/8.2.0/../../../../riscv-none-embed/lib/rv32imafc/ilp32f\libg_nano.a(lib_a-dtoa.o)
 .text._dtoa_r  0x000000000001083a      0xc02 d:/mounriver/mounriver_studio/toolchain/risc-v embedded gcc/bin/../lib/gcc/riscv-none-embed/8.2.0/../../../../riscv-none-embed/lib/rv32imafc/ilp32f\libg_nano.a(lib_a-dtoa.o)
                0x000000000001083a                _dtoa_r
 .text.__sflush_r
                0x000000000001143c      0x13e d:/mounriver/mounriver_studio/toolchain/risc-v embedded gcc/bin/../lib/gcc/riscv-none-embed/8.2.0/../../../../riscv-none-embed/lib/rv32imafc/ilp32f\libg_nano.a(lib_a-fflush.o)
                0x000000000001143c                __sflush_r
 .text._fflush_r
                0x000000000001157a       0x66 d:/mounriver/mounriver_studio/toolchain/risc-v embedded gcc/bin/../lib/gcc/riscv-none-embed/8.2.0/../../../../riscv-none-embed/lib/rv32imafc/ilp32f\libg_nano.a(lib_a-fflush.o)
                0x000000000001157a                _fflush_r
 .text.std      0x00000000000115e0       0x6a d:/mounriver/mounriver_studio/toolchain/risc-v embedded gcc/bin/../lib/gcc/riscv-none-embed/8.2.0/../../../../riscv-none-embed/lib/rv32imafc/ilp32f\libg_nano.a(lib_a-findfp.o)
 .text._cleanup_r
                0x000000000001164a        0xa d:/mounriver/mounriver_studio/toolchain/risc-v embedded gcc/bin/../lib/gcc/riscv-none-embed/8.2.0/../../../../riscv-none-embed/lib/rv32imafc/ilp32f\libg_nano.a(lib_a-findfp.o)
                0x000000000001164a                _cleanup_r
 .text.__sfmoreglue
                0x0000000000011654       0x48 d:/mounriver/mounriver_studio/toolchain/risc-v embedded gcc/bin/../lib/gcc/riscv-none-embed/8.2.0/../../../../riscv-none-embed/lib/rv32imafc/ilp32f\libg_nano.a(lib_a-findfp.o)
                0x0000000000011654                __sfmoreglue
 .text.__sinit  0x000000000001169c       0x6c d:/mounriver/mounriver_studio/toolchain/risc-v embedded gcc/bin/../lib/gcc/riscv-none-embed/8.2.0/../../../../riscv-none-embed/lib/rv32imafc/ilp32f\libg_nano.a(lib_a-findfp.o)
                0x000000000001169c                __sinit
 .text.__sfp    0x0000000000011708       0xa0 d:/mounriver/mounriver_studio/toolchain/risc-v embedded gcc/bin/../lib/gcc/riscv-none-embed/8.2.0/../../../../riscv-none-embed/lib/rv32imafc/ilp32f\libg_nano.a(lib_a-findfp.o)
                0x0000000000011708                __sfp
 .text._fwalk_reent
                0x00000000000117a8       0x6c d:/mounriver/mounriver_studio/toolchain/risc-v embedded gcc/bin/../lib/gcc/riscv-none-embed/8.2.0/../../../../riscv-none-embed/lib/rv32imafc/ilp32f\libg_nano.a(lib_a-fwalk.o)
                0x00000000000117a8                _fwalk_reent
 .text._localeconv_r
                0x0000000000011814       0x18 d:/mounriver/mounriver_studio/toolchain/risc-v embedded gcc/bin/../lib/gcc/riscv-none-embed/8.2.0/../../../../riscv-none-embed/lib/rv32imafc/ilp32f\libg_nano.a(lib_a-localeconv.o)
                0x0000000000011814                _localeconv_r
 .text.__swhatbuf_r
                0x000000000001182c       0x5a d:/mounriver/mounriver_studio/toolchain/risc-v embedded gcc/bin/../lib/gcc/riscv-none-embed/8.2.0/../../../../riscv-none-embed/lib/rv32imafc/ilp32f\libg_nano.a(lib_a-makebuf.o)
                0x000000000001182c                __swhatbuf_r
 .text.__smakebuf_r
                0x0000000000011886       0xa2 d:/mounriver/mounriver_studio/toolchain/risc-v embedded gcc/bin/../lib/gcc/riscv-none-embed/8.2.0/../../../../riscv-none-embed/lib/rv32imafc/ilp32f\libg_nano.a(lib_a-makebuf.o)
                0x0000000000011886                __smakebuf_r
 .text.malloc   0x0000000000011928        0xc d:/mounriver/mounriver_studio/toolchain/risc-v embedded gcc/bin/../lib/gcc/riscv-none-embed/8.2.0/../../../../riscv-none-embed/lib/rv32imafc/ilp32f\libg_nano.a(lib_a-malloc.o)
                0x0000000000011928                malloc
 .text.memchr   0x0000000000011934       0x1a d:/mounriver/mounriver_studio/toolchain/risc-v embedded gcc/bin/../lib/gcc/riscv-none-embed/8.2.0/../../../../riscv-none-embed/lib/rv32imafc/ilp32f\libg_nano.a(lib_a-memchr.o)
                0x0000000000011934                memchr
 .text._Balloc  0x000000000001194e       0x88 d:/mounriver/mounriver_studio/toolchain/risc-v embedded gcc/bin/../lib/gcc/riscv-none-embed/8.2.0/../../../../riscv-none-embed/lib/rv32imafc/ilp32f\libg_nano.a(lib_a-mprec.o)
                0x000000000001194e                _Balloc
 .text._Bfree   0x00000000000119d6       0x44 d:/mounriver/mounriver_studio/toolchain/risc-v embedded gcc/bin/../lib/gcc/riscv-none-embed/8.2.0/../../../../riscv-none-embed/lib/rv32imafc/ilp32f\libg_nano.a(lib_a-mprec.o)
                0x00000000000119d6                _Bfree
 .text.__multadd
                0x0000000000011a1a       0x98 d:/mounriver/mounriver_studio/toolchain/risc-v embedded gcc/bin/../lib/gcc/riscv-none-embed/8.2.0/../../../../riscv-none-embed/lib/rv32imafc/ilp32f\libg_nano.a(lib_a-mprec.o)
                0x0000000000011a1a                __multadd
 .text.__hi0bits
                0x0000000000011ab2       0x46 d:/mounriver/mounriver_studio/toolchain/risc-v embedded gcc/bin/../lib/gcc/riscv-none-embed/8.2.0/../../../../riscv-none-embed/lib/rv32imafc/ilp32f\libg_nano.a(lib_a-mprec.o)
                0x0000000000011ab2                __hi0bits
 .text.__lo0bits
                0x0000000000011af8       0x6a d:/mounriver/mounriver_studio/toolchain/risc-v embedded gcc/bin/../lib/gcc/riscv-none-embed/8.2.0/../../../../riscv-none-embed/lib/rv32imafc/ilp32f\libg_nano.a(lib_a-mprec.o)
                0x0000000000011af8                __lo0bits
 .text.__i2b    0x0000000000011b62       0x1c d:/mounriver/mounriver_studio/toolchain/risc-v embedded gcc/bin/../lib/gcc/riscv-none-embed/8.2.0/../../../../riscv-none-embed/lib/rv32imafc/ilp32f\libg_nano.a(lib_a-mprec.o)
                0x0000000000011b62                __i2b
 .text.__multiply
                0x0000000000011b7e      0x144 d:/mounriver/mounriver_studio/toolchain/risc-v embedded gcc/bin/../lib/gcc/riscv-none-embed/8.2.0/../../../../riscv-none-embed/lib/rv32imafc/ilp32f\libg_nano.a(lib_a-mprec.o)
                0x0000000000011b7e                __multiply
 .text.__pow5mult
                0x0000000000011cc2       0xbe d:/mounriver/mounriver_studio/toolchain/risc-v embedded gcc/bin/../lib/gcc/riscv-none-embed/8.2.0/../../../../riscv-none-embed/lib/rv32imafc/ilp32f\libg_nano.a(lib_a-mprec.o)
                0x0000000000011cc2                __pow5mult
 .text.__lshift
                0x0000000000011d80       0xce d:/mounriver/mounriver_studio/toolchain/risc-v embedded gcc/bin/../lib/gcc/riscv-none-embed/8.2.0/../../../../riscv-none-embed/lib/rv32imafc/ilp32f\libg_nano.a(lib_a-mprec.o)
                0x0000000000011d80                __lshift
 .text.__mcmp   0x0000000000011e4e       0x32 d:/mounriver/mounriver_studio/toolchain/risc-v embedded gcc/bin/../lib/gcc/riscv-none-embed/8.2.0/../../../../riscv-none-embed/lib/rv32imafc/ilp32f\libg_nano.a(lib_a-mprec.o)
                0x0000000000011e4e                __mcmp
 .text.__mdiff  0x0000000000011e80       0xf2 d:/mounriver/mounriver_studio/toolchain/risc-v embedded gcc/bin/../lib/gcc/riscv-none-embed/8.2.0/../../../../riscv-none-embed/lib/rv32imafc/ilp32f\libg_nano.a(lib_a-mprec.o)
                0x0000000000011e80                __mdiff
 .text.__d2b    0x0000000000011f72       0xd4 d:/mounriver/mounriver_studio/toolchain/risc-v embedded gcc/bin/../lib/gcc/riscv-none-embed/8.2.0/../../../../riscv-none-embed/lib/rv32imafc/ilp32f\libg_nano.a(lib_a-mprec.o)
                0x0000000000011f72                __d2b
 .text._calloc_r
                0x0000000000012046       0x26 d:/mounriver/mounriver_studio/toolchain/risc-v embedded gcc/bin/../lib/gcc/riscv-none-embed/8.2.0/../../../../riscv-none-embed/lib/rv32imafc/ilp32f\libg_nano.a(lib_a-nano-callocr.o)
                0x0000000000012046                _calloc_r
 .text._free_r  0x000000000001206c       0xa8 d:/mounriver/mounriver_studio/toolchain/risc-v embedded gcc/bin/../lib/gcc/riscv-none-embed/8.2.0/../../../../riscv-none-embed/lib/rv32imafc/ilp32f\libg_nano.a(lib_a-nano-freer.o)
                0x000000000001206c                _free_r
 .text._malloc_r
                0x0000000000012114       0xd4 d:/mounriver/mounriver_studio/toolchain/risc-v embedded gcc/bin/../lib/gcc/riscv-none-embed/8.2.0/../../../../riscv-none-embed/lib/rv32imafc/ilp32f\libg_nano.a(lib_a-nano-mallocr.o)
                0x0000000000012114                _malloc_r
 .text.__ssputs_r
                0x00000000000121e8       0xee d:/mounriver/mounriver_studio/toolchain/risc-v embedded gcc/bin/../lib/gcc/riscv-none-embed/8.2.0/../../../../riscv-none-embed/lib/rv32imafc/ilp32f\libg_nano.a(lib_a-nano-svfprintf.o)
                0x00000000000121e8                __ssputs_r
 .text._svfprintf_r
                0x00000000000122d6      0x27e d:/mounriver/mounriver_studio/toolchain/risc-v embedded gcc/bin/../lib/gcc/riscv-none-embed/8.2.0/../../../../riscv-none-embed/lib/rv32imafc/ilp32f\libg_nano.a(lib_a-nano-svfprintf.o)
                0x00000000000122d6                _svfiprintf_r
                0x00000000000122d6                _svfprintf_r
 .text.__sfputc_r
                0x0000000000012554       0x2a d:/mounriver/mounriver_studio/toolchain/risc-v embedded gcc/bin/../lib/gcc/riscv-none-embed/8.2.0/../../../../riscv-none-embed/lib/rv32imafc/ilp32f\libg_nano.a(lib_a-nano-vfprintf.o)
 .text.__sfputs_r
                0x000000000001257e       0x44 d:/mounriver/mounriver_studio/toolchain/risc-v embedded gcc/bin/../lib/gcc/riscv-none-embed/8.2.0/../../../../riscv-none-embed/lib/rv32imafc/ilp32f\libg_nano.a(lib_a-nano-vfprintf.o)
                0x000000000001257e                __sfputs_r
 .text._vfprintf_r
                0x00000000000125c2      0x2a0 d:/mounriver/mounriver_studio/toolchain/risc-v embedded gcc/bin/../lib/gcc/riscv-none-embed/8.2.0/../../../../riscv-none-embed/lib/rv32imafc/ilp32f\libg_nano.a(lib_a-nano-vfprintf.o)
                0x00000000000125c2                _vfprintf_r
                0x00000000000125c2                _vfiprintf_r
 .text._sbrk_r  0x0000000000012862       0x2a d:/mounriver/mounriver_studio/toolchain/risc-v embedded gcc/bin/../lib/gcc/riscv-none-embed/8.2.0/../../../../riscv-none-embed/lib/rv32imafc/ilp32f\libg_nano.a(lib_a-sbrkr.o)
                0x0000000000012862                _sbrk_r
 .text.__sread  0x000000000001288c       0x30 d:/mounriver/mounriver_studio/toolchain/risc-v embedded gcc/bin/../lib/gcc/riscv-none-embed/8.2.0/../../../../riscv-none-embed/lib/rv32imafc/ilp32f\libg_nano.a(lib_a-stdio.o)
                0x000000000001288c                __sread
 .text.__swrite
                0x00000000000128bc       0x4e d:/mounriver/mounriver_studio/toolchain/risc-v embedded gcc/bin/../lib/gcc/riscv-none-embed/8.2.0/../../../../riscv-none-embed/lib/rv32imafc/ilp32f\libg_nano.a(lib_a-stdio.o)
                0x00000000000128bc                __swrite
 .text.__sseek  0x000000000001290a       0x36 d:/mounriver/mounriver_studio/toolchain/risc-v embedded gcc/bin/../lib/gcc/riscv-none-embed/8.2.0/../../../../riscv-none-embed/lib/rv32imafc/ilp32f\libg_nano.a(lib_a-stdio.o)
                0x000000000001290a                __sseek
 .text.__sclose
                0x0000000000012940        0x6 d:/mounriver/mounriver_studio/toolchain/risc-v embedded gcc/bin/../lib/gcc/riscv-none-embed/8.2.0/../../../../riscv-none-embed/lib/rv32imafc/ilp32f\libg_nano.a(lib_a-stdio.o)
                0x0000000000012940                __sclose
 .text._write_r
                0x0000000000012946       0x2e d:/mounriver/mounriver_studio/toolchain/risc-v embedded gcc/bin/../lib/gcc/riscv-none-embed/8.2.0/../../../../riscv-none-embed/lib/rv32imafc/ilp32f\libg_nano.a(lib_a-writer.o)
                0x0000000000012946                _write_r
 .text._close_r
                0x0000000000012974       0x28 d:/mounriver/mounriver_studio/toolchain/risc-v embedded gcc/bin/../lib/gcc/riscv-none-embed/8.2.0/../../../../riscv-none-embed/lib/rv32imafc/ilp32f\libg_nano.a(lib_a-closer.o)
                0x0000000000012974                _close_r
 .text._fstat_r
                0x000000000001299c       0x2a d:/mounriver/mounriver_studio/toolchain/risc-v embedded gcc/bin/../lib/gcc/riscv-none-embed/8.2.0/../../../../riscv-none-embed/lib/rv32imafc/ilp32f\libg_nano.a(lib_a-fstatr.o)
                0x000000000001299c                _fstat_r
 .text._isatty_r
                0x00000000000129c6       0x28 d:/mounriver/mounriver_studio/toolchain/risc-v embedded gcc/bin/../lib/gcc/riscv-none-embed/8.2.0/../../../../riscv-none-embed/lib/rv32imafc/ilp32f\libg_nano.a(lib_a-isattyr.o)
                0x00000000000129c6                _isatty_r
 .text._lseek_r
                0x00000000000129ee       0x2c d:/mounriver/mounriver_studio/toolchain/risc-v embedded gcc/bin/../lib/gcc/riscv-none-embed/8.2.0/../../../../riscv-none-embed/lib/rv32imafc/ilp32f\libg_nano.a(lib_a-lseekr.o)
                0x00000000000129ee                _lseek_r
 .text.__ascii_mbtowc
                0x0000000000012a1a       0x3a d:/mounriver/mounriver_studio/toolchain/risc-v embedded gcc/bin/../lib/gcc/riscv-none-embed/8.2.0/../../../../riscv-none-embed/lib/rv32imafc/ilp32f\libg_nano.a(lib_a-mbtowc_r.o)
                0x0000000000012a1a                __ascii_mbtowc
 .text.memmove  0x0000000000012a54       0x4a d:/mounriver/mounriver_studio/toolchain/risc-v embedded gcc/bin/../lib/gcc/riscv-none-embed/8.2.0/../../../../riscv-none-embed/lib/rv32imafc/ilp32f\libg_nano.a(lib_a-memmove.o)
                0x0000000000012a54                memmove
 .text.__malloc_lock
                0x0000000000012a9e        0x2 d:/mounriver/mounriver_studio/toolchain/risc-v embedded gcc/bin/../lib/gcc/riscv-none-embed/8.2.0/../../../../riscv-none-embed/lib/rv32imafc/ilp32f\libg_nano.a(lib_a-mlock.o)
                0x0000000000012a9e                __malloc_lock
 .text.__malloc_unlock
                0x0000000000012aa0        0x2 d:/mounriver/mounriver_studio/toolchain/risc-v embedded gcc/bin/../lib/gcc/riscv-none-embed/8.2.0/../../../../riscv-none-embed/lib/rv32imafc/ilp32f\libg_nano.a(lib_a-mlock.o)
                0x0000000000012aa0                __malloc_unlock
 .text._realloc_r
                0x0000000000012aa2       0x58 d:/mounriver/mounriver_studio/toolchain/risc-v embedded gcc/bin/../lib/gcc/riscv-none-embed/8.2.0/../../../../riscv-none-embed/lib/rv32imafc/ilp32f\libg_nano.a(lib_a-nano-reallocr.o)
                0x0000000000012aa2                _realloc_r
 .text._read_r  0x0000000000012afa       0x2c d:/mounriver/mounriver_studio/toolchain/risc-v embedded gcc/bin/../lib/gcc/riscv-none-embed/8.2.0/../../../../riscv-none-embed/lib/rv32imafc/ilp32f\libg_nano.a(lib_a-readr.o)
                0x0000000000012afa                _read_r
 .text.__ascii_wctomb
                0x0000000000012b26       0x20 d:/mounriver/mounriver_studio/toolchain/risc-v embedded gcc/bin/../lib/gcc/riscv-none-embed/8.2.0/../../../../riscv-none-embed/lib/rv32imafc/ilp32f\libg_nano.a(lib_a-wctomb_r.o)
                0x0000000000012b26                __ascii_wctomb
 .text._malloc_usable_size_r
                0x0000000000012b46       0x14 d:/mounriver/mounriver_studio/toolchain/risc-v embedded gcc/bin/../lib/gcc/riscv-none-embed/8.2.0/../../../../riscv-none-embed/lib/rv32imafc/ilp32f\libg_nano.a(lib_a-nano-msizer.o)
                0x0000000000012b46                _malloc_usable_size_r
 .text.__floatunsidf
                0x0000000000012b5a       0x68 d:/mounriver/mounriver_studio/toolchain/risc-v embedded gcc/bin/../lib/gcc/riscv-none-embed/8.2.0/rv32imafc/ilp32f\libgcc.a(floatunsidf.o)
                0x0000000000012b5a                __floatunsidf
 .text.__trunctfdf2
                0x0000000000012bc2      0x3d0 d:/mounriver/mounriver_studio/toolchain/risc-v embedded gcc/bin/../lib/gcc/riscv-none-embed/8.2.0/rv32imafc/ilp32f\libgcc.a(trunctfdf2.o)
                0x0000000000012bc2                __trunctfdf2
 .text._close   0x0000000000012f92        0xc d:/mounriver/mounriver_studio/toolchain/risc-v embedded gcc/bin/../lib/gcc/riscv-none-embed/8.2.0/../../../../riscv-none-embed/lib/rv32imafc/ilp32f\libnosys.a(close.o)
                0x0000000000012f92                _close
 .text._fstat   0x0000000000012f9e        0xc d:/mounriver/mounriver_studio/toolchain/risc-v embedded gcc/bin/../lib/gcc/riscv-none-embed/8.2.0/../../../../riscv-none-embed/lib/rv32imafc/ilp32f\libnosys.a(fstat.o)
                0x0000000000012f9e                _fstat
 .text._isatty  0x0000000000012faa        0xc d:/mounriver/mounriver_studio/toolchain/risc-v embedded gcc/bin/../lib/gcc/riscv-none-embed/8.2.0/../../../../riscv-none-embed/lib/rv32imafc/ilp32f\libnosys.a(isatty.o)
                0x0000000000012faa                _isatty
 .text._lseek   0x0000000000012fb6        0xc d:/mounriver/mounriver_studio/toolchain/risc-v embedded gcc/bin/../lib/gcc/riscv-none-embed/8.2.0/../../../../riscv-none-embed/lib/rv32imafc/ilp32f\libnosys.a(lseek.o)
                0x0000000000012fb6                _lseek
 .text._read    0x0000000000012fc2        0xc d:/mounriver/mounriver_studio/toolchain/risc-v embedded gcc/bin/../lib/gcc/riscv-none-embed/8.2.0/../../../../riscv-none-embed/lib/rv32imafc/ilp32f\libnosys.a(read.o)
                0x0000000000012fc2                _read
 .text._sbrk    0x0000000000012fce       0x20 d:/mounriver/mounriver_studio/toolchain/risc-v embedded gcc/bin/../lib/gcc/riscv-none-embed/8.2.0/../../../../riscv-none-embed/lib/rv32imafc/ilp32f\libnosys.a(sbrk.o)
                0x0000000000012fce                _sbrk
 *(.rodata)
 *fill*         0x0000000000012fee        0x2 
 .rodata        0x0000000000012ff0       0x67 ./zf_driver/zf_driver_adc.o
 *fill*         0x0000000000013057        0x1 
 .rodata        0x0000000000013058       0x6b ./zf_driver/zf_driver_encoder.o
 *fill*         0x00000000000130c3        0x1 
 .rodata        0x00000000000130c4       0x90 ./zf_driver/zf_driver_pit.o
 .rodata        0x0000000000013154       0x67 ./zf_driver/zf_driver_pwm.o
 *fill*         0x00000000000131bb        0x1 
 .rodata        0x00000000000131bc       0x7c ./zf_device/zf_device_ips200_parallel8.o
 .rodata        0x0000000000013238       0x7d ./zf_common/zf_common_debug.o
 *fill*         0x00000000000132b5        0x3 
 .rodata        0x00000000000132b8       0x18 ./zf_common/zf_common_function.o
 .rodata        0x00000000000132d0       0x41 ./sdk/Peripheral/ch32v30x_usbotg_device.o
 *fill*         0x0000000000013311        0x7 
 .rodata        0x0000000000013318       0x48 ./code/Adc.o
 .rodata        0x0000000000013360      0x1b0 ./code/Menu.o
 .rodata        0x0000000000013510        0x8 ./code/Motor.o
 .rodata        0x0000000000013518       0x16 ./code/Robot_Communite.o
 *fill*         0x000000000001352e        0x2 
 .rodata        0x0000000000013530       0x50 ./code/Style.o
 *(.rodata*)
 .rodata.gpio_group
                0x0000000000013580       0x14 ./zf_driver/zf_driver_gpio.o
                0x0000000000013580                gpio_group
 .rodata.tim_index
                0x0000000000013594       0x28 ./zf_driver/zf_driver_timer.o
                0x0000000000013594                tim_index
 .rodata.uart_index
                0x00000000000135bc       0x20 ./zf_driver/zf_driver_uart.o
                0x00000000000135bc                uart_index
 .rodata.tft_ascii
                0x00000000000135dc      0x5f0 ./zf_common/zf_common_font.o
                0x00000000000135dc                tft_ascii
 .rodata.MyDevDescrHD
                0x0000000000013bcc       0x12 ./sdk/Peripheral/ch32v30x_usbotg_device.o
                0x0000000000013bcc                MyDevDescrHD
 *fill*         0x0000000000013bde        0x2 
 .rodata.MyCfgDescrHD
                0x0000000000013be0       0x43 ./sdk/Peripheral/ch32v30x_usbotg_device.o
                0x0000000000013be0                MyCfgDescrHD
 *fill*         0x0000000000013c23        0x1 
 .rodata.MyReportDescHD
                0x0000000000013c24       0x14 ./sdk/Peripheral/ch32v30x_usbotg_device.o
                0x0000000000013c24                MyReportDescHD
 .rodata.MyManuInfoHD
                0x0000000000013c38        0xe ./sdk/Peripheral/ch32v30x_usbotg_device.o
                0x0000000000013c38                MyManuInfoHD
 *fill*         0x0000000000013c46        0x2 
 .rodata.MyProdInfoHD
                0x0000000000013c48        0xc ./sdk/Peripheral/ch32v30x_usbotg_device.o
                0x0000000000013c48                MyProdInfoHD
 .rodata.MySerNumInfoHD
                0x0000000000013c54       0x16 ./sdk/Peripheral/ch32v30x_usbotg_device.o
                0x0000000000013c54                MySerNumInfoHD
 *fill*         0x0000000000013c6a        0x2 
 .rodata.MyUSBQUADescHD
                0x0000000000013c6c        0xa ./sdk/Peripheral/ch32v30x_usbotg_device.o
                0x0000000000013c6c                MyUSBQUADescHD
 *fill*         0x0000000000013c76        0x2 
 .rodata.OTG_FS_IRQHandler
                0x0000000000013c78       0xbc ./sdk/Peripheral/ch32v30x_usbotg_device.o
 *fill*         0x0000000000013d34        0x4 
 .rodata.exp.cst8
                0x0000000000013d38       0x20 d:/mounriver/mounriver_studio/toolchain/risc-v embedded gcc/bin/../lib/gcc/riscv-none-embed/8.2.0/../../../../riscv-none-embed/lib/rv32imafc/ilp32f\libm.a(lib_a-w_exp.o)
 .rodata.exp.str1.4
                0x0000000000013d58        0x4 d:/mounriver/mounriver_studio/toolchain/risc-v embedded gcc/bin/../lib/gcc/riscv-none-embed/8.2.0/../../../../riscv-none-embed/lib/rv32imafc/ilp32f\libm.a(lib_a-w_exp.o)
 *fill*         0x0000000000013d5c        0x4 
 .rodata.pow.cst8
                0x0000000000013d60       0x20 d:/mounriver/mounriver_studio/toolchain/risc-v embedded gcc/bin/../lib/gcc/riscv-none-embed/8.2.0/../../../../riscv-none-embed/lib/rv32imafc/ilp32f\libm.a(lib_a-w_pow.o)
                                         0x30 (size before relaxing)
 .rodata.pow.str1.4
                0x0000000000013d80        0x4 d:/mounriver/mounriver_studio/toolchain/risc-v embedded gcc/bin/../lib/gcc/riscv-none-embed/8.2.0/../../../../riscv-none-embed/lib/rv32imafc/ilp32f\libm.a(lib_a-w_pow.o)
 *fill*         0x0000000000013d84        0x4 
 .rodata.__ieee754_exp.cst8
                0x0000000000013d88       0x58 d:/mounriver/mounriver_studio/toolchain/risc-v embedded gcc/bin/../lib/gcc/riscv-none-embed/8.2.0/../../../../riscv-none-embed/lib/rv32imafc/ilp32f\libm.a(lib_a-e_exp.o)
                                         0x70 (size before relaxing)
 .rodata.halF   0x0000000000013de0       0x10 d:/mounriver/mounriver_studio/toolchain/risc-v embedded gcc/bin/../lib/gcc/riscv-none-embed/8.2.0/../../../../riscv-none-embed/lib/rv32imafc/ilp32f\libm.a(lib_a-e_exp.o)
 .rodata.ln2HI  0x0000000000013df0       0x10 d:/mounriver/mounriver_studio/toolchain/risc-v embedded gcc/bin/../lib/gcc/riscv-none-embed/8.2.0/../../../../riscv-none-embed/lib/rv32imafc/ilp32f\libm.a(lib_a-e_exp.o)
 .rodata.ln2LO  0x0000000000013e00       0x10 d:/mounriver/mounriver_studio/toolchain/risc-v embedded gcc/bin/../lib/gcc/riscv-none-embed/8.2.0/../../../../riscv-none-embed/lib/rv32imafc/ilp32f\libm.a(lib_a-e_exp.o)
 .rodata.__ieee754_pow.cst8
                0x0000000000013e10       0xc0 d:/mounriver/mounriver_studio/toolchain/risc-v embedded gcc/bin/../lib/gcc/riscv-none-embed/8.2.0/../../../../riscv-none-embed/lib/rv32imafc/ilp32f\libm.a(lib_a-e_pow.o)
                                        0x110 (size before relaxing)
 .rodata.__ieee754_pow.str1.4
                0x0000000000013ed0        0x4 d:/mounriver/mounriver_studio/toolchain/risc-v embedded gcc/bin/../lib/gcc/riscv-none-embed/8.2.0/../../../../riscv-none-embed/lib/rv32imafc/ilp32f\libm.a(lib_a-e_pow.o)
                                          0x1 (size before relaxing)
 .rodata.__ieee754_rem_pio2.cst8
                0x0000000000013ed0       0x40 d:/mounriver/mounriver_studio/toolchain/risc-v embedded gcc/bin/../lib/gcc/riscv-none-embed/8.2.0/../../../../riscv-none-embed/lib/rv32imafc/ilp32f\libm.a(lib_a-e_rem_pio2.o)
                                         0x48 (size before relaxing)
 .rodata.npio2_hw
                0x0000000000013f10       0x80 d:/mounriver/mounriver_studio/toolchain/risc-v embedded gcc/bin/../lib/gcc/riscv-none-embed/8.2.0/../../../../riscv-none-embed/lib/rv32imafc/ilp32f\libm.a(lib_a-e_rem_pio2.o)
 .rodata.two_over_pi
                0x0000000000013f90      0x108 d:/mounriver/mounriver_studio/toolchain/risc-v embedded gcc/bin/../lib/gcc/riscv-none-embed/8.2.0/../../../../riscv-none-embed/lib/rv32imafc/ilp32f\libm.a(lib_a-e_rem_pio2.o)
 .rodata.__kernel_cos.cst8
                0x0000000000014098       0x40 d:/mounriver/mounriver_studio/toolchain/risc-v embedded gcc/bin/../lib/gcc/riscv-none-embed/8.2.0/../../../../riscv-none-embed/lib/rv32imafc/ilp32f\libm.a(lib_a-k_cos.o)
                                         0x50 (size before relaxing)
 .rodata.PIo2   0x00000000000140d8       0x40 d:/mounriver/mounriver_studio/toolchain/risc-v embedded gcc/bin/../lib/gcc/riscv-none-embed/8.2.0/../../../../riscv-none-embed/lib/rv32imafc/ilp32f\libm.a(lib_a-k_rem_pio2.o)
 .rodata.__kernel_rem_pio2.cst8
                0x0000000000014118       0x20 d:/mounriver/mounriver_studio/toolchain/risc-v embedded gcc/bin/../lib/gcc/riscv-none-embed/8.2.0/../../../../riscv-none-embed/lib/rv32imafc/ilp32f\libm.a(lib_a-k_rem_pio2.o)
                                         0x38 (size before relaxing)
 .rodata.init_jk
                0x0000000000014138       0x10 d:/mounriver/mounriver_studio/toolchain/risc-v embedded gcc/bin/../lib/gcc/riscv-none-embed/8.2.0/../../../../riscv-none-embed/lib/rv32imafc/ilp32f\libm.a(lib_a-k_rem_pio2.o)
 .rodata.__kernel_sin.cst8
                0x0000000000014148       0x30 d:/mounriver/mounriver_studio/toolchain/risc-v embedded gcc/bin/../lib/gcc/riscv-none-embed/8.2.0/../../../../riscv-none-embed/lib/rv32imafc/ilp32f\libm.a(lib_a-k_sin.o)
                                         0x38 (size before relaxing)
 .rodata.floor.cst8
                0x0000000000014178        0x8 d:/mounriver/mounriver_studio/toolchain/risc-v embedded gcc/bin/../lib/gcc/riscv-none-embed/8.2.0/../../../../riscv-none-embed/lib/rv32imafc/ilp32f\libm.a(lib_a-s_floor.o)
 .rodata.nan.cst8
                0x0000000000014178        0x8 d:/mounriver/mounriver_studio/toolchain/risc-v embedded gcc/bin/../lib/gcc/riscv-none-embed/8.2.0/../../../../riscv-none-embed/lib/rv32imafc/ilp32f\libm.a(lib_a-s_nan.o)
 .rodata.TWO52  0x0000000000014180       0x10 d:/mounriver/mounriver_studio/toolchain/risc-v embedded gcc/bin/../lib/gcc/riscv-none-embed/8.2.0/../../../../riscv-none-embed/lib/rv32imafc/ilp32f\libm.a(lib_a-s_rint.o)
 .rodata.scalbn.cst8
                0x0000000000014190       0x10 d:/mounriver/mounriver_studio/toolchain/risc-v embedded gcc/bin/../lib/gcc/riscv-none-embed/8.2.0/../../../../riscv-none-embed/lib/rv32imafc/ilp32f\libm.a(lib_a-s_scalbn.o)
                                         0x20 (size before relaxing)
 .rodata.__divdf3
                0x00000000000141a0       0x40 d:/mounriver/mounriver_studio/toolchain/risc-v embedded gcc/bin/../lib/gcc/riscv-none-embed/8.2.0/rv32imafc/ilp32f\libgcc.a(divdf3.o)
 .rodata.__muldf3
                0x00000000000141e0       0x40 d:/mounriver/mounriver_studio/toolchain/risc-v embedded gcc/bin/../lib/gcc/riscv-none-embed/8.2.0/rv32imafc/ilp32f\libgcc.a(muldf3.o)
 .rodata.__clz_tab
                0x0000000000014220      0x100 d:/mounriver/mounriver_studio/toolchain/risc-v embedded gcc/bin/../lib/gcc/riscv-none-embed/8.2.0/rv32imafc/ilp32f\libgcc.a(_clz.o)
                0x0000000000014220                __clz_tab
 .rodata._printf_float.cst8
                0x0000000000014320        0x8 d:/mounriver/mounriver_studio/toolchain/risc-v embedded gcc/bin/../lib/gcc/riscv-none-embed/8.2.0/../../../../riscv-none-embed/lib/rv32imafc/ilp32f\libg_nano.a(lib_a-nano-vfprintf_float.o)
 .rodata._printf_float.str1.4
                0x0000000000014328       0x12 d:/mounriver/mounriver_studio/toolchain/risc-v embedded gcc/bin/../lib/gcc/riscv-none-embed/8.2.0/../../../../riscv-none-embed/lib/rv32imafc/ilp32f\libg_nano.a(lib_a-nano-vfprintf_float.o)
 *fill*         0x000000000001433a        0x2 
 .rodata._printf_i.str1.4
                0x000000000001433c       0x25 d:/mounriver/mounriver_studio/toolchain/risc-v embedded gcc/bin/../lib/gcc/riscv-none-embed/8.2.0/../../../../riscv-none-embed/lib/rv32imafc/ilp32f\libg_nano.a(lib_a-nano-vfprintf_i.o)
 *fill*         0x0000000000014361        0x7 
 .rodata._dtoa_r.cst8
                0x0000000000014368       0x30 d:/mounriver/mounriver_studio/toolchain/risc-v embedded gcc/bin/../lib/gcc/riscv-none-embed/8.2.0/../../../../riscv-none-embed/lib/rv32imafc/ilp32f\libg_nano.a(lib_a-dtoa.o)
                                         0x48 (size before relaxing)
 .rodata._dtoa_r.str1.4
                0x0000000000014398       0x10 d:/mounriver/mounriver_studio/toolchain/risc-v embedded gcc/bin/../lib/gcc/riscv-none-embed/8.2.0/../../../../riscv-none-embed/lib/rv32imafc/ilp32f\libg_nano.a(lib_a-dtoa.o)
                                         0x12 (size before relaxing)
 .rodata.__sf_fake_stderr
                0x00000000000143a8       0x20 d:/mounriver/mounriver_studio/toolchain/risc-v embedded gcc/bin/../lib/gcc/riscv-none-embed/8.2.0/../../../../riscv-none-embed/lib/rv32imafc/ilp32f\libg_nano.a(lib_a-findfp.o)
                0x00000000000143a8                __sf_fake_stderr
 .rodata.__sf_fake_stdin
                0x00000000000143c8       0x20 d:/mounriver/mounriver_studio/toolchain/risc-v embedded gcc/bin/../lib/gcc/riscv-none-embed/8.2.0/../../../../riscv-none-embed/lib/rv32imafc/ilp32f\libg_nano.a(lib_a-findfp.o)
                0x00000000000143c8                __sf_fake_stdin
 .rodata.__sf_fake_stdout
                0x00000000000143e8       0x20 d:/mounriver/mounriver_studio/toolchain/risc-v embedded gcc/bin/../lib/gcc/riscv-none-embed/8.2.0/../../../../riscv-none-embed/lib/rv32imafc/ilp32f\libg_nano.a(lib_a-findfp.o)
                0x00000000000143e8                __sf_fake_stdout
 .rodata.__mprec_bigtens
                0x0000000000014408       0x28 d:/mounriver/mounriver_studio/toolchain/risc-v embedded gcc/bin/../lib/gcc/riscv-none-embed/8.2.0/../../../../riscv-none-embed/lib/rv32imafc/ilp32f\libg_nano.a(lib_a-mprec.o)
                0x0000000000014408                __mprec_bigtens
 .rodata.__mprec_tens
                0x0000000000014430       0xc8 d:/mounriver/mounriver_studio/toolchain/risc-v embedded gcc/bin/../lib/gcc/riscv-none-embed/8.2.0/../../../../riscv-none-embed/lib/rv32imafc/ilp32f\libg_nano.a(lib_a-mprec.o)
                0x0000000000014430                __mprec_tens
 .rodata.p05.3321
                0x00000000000144f8        0xc d:/mounriver/mounriver_studio/toolchain/risc-v embedded gcc/bin/../lib/gcc/riscv-none-embed/8.2.0/../../../../riscv-none-embed/lib/rv32imafc/ilp32f\libg_nano.a(lib_a-mprec.o)
 .rodata._svfprintf_r.str1.4
                0x0000000000014504       0x13 d:/mounriver/mounriver_studio/toolchain/risc-v embedded gcc/bin/../lib/gcc/riscv-none-embed/8.2.0/../../../../riscv-none-embed/lib/rv32imafc/ilp32f\libg_nano.a(lib_a-nano-svfprintf.o)
 .rodata._vfprintf_r.str1.4
                0x0000000000014517       0x13 d:/mounriver/mounriver_studio/toolchain/risc-v embedded gcc/bin/../lib/gcc/riscv-none-embed/8.2.0/../../../../riscv-none-embed/lib/rv32imafc/ilp32f\libg_nano.a(lib_a-nano-vfprintf.o)
 *fill*         0x0000000000014517        0x1 
 .rodata._setlocale_r.str1.4
                0x0000000000014518        0xa d:/mounriver/mounriver_studio/toolchain/risc-v embedded gcc/bin/../lib/gcc/riscv-none-embed/8.2.0/../../../../riscv-none-embed/lib/rv32imafc/ilp32f\libg_nano.a(lib_a-locale.o)
                                          0xd (size before relaxing)
 *fill*         0x0000000000014522        0x2 
 .rodata.str1.4
                0x0000000000014524        0x4 d:/mounriver/mounriver_studio/toolchain/risc-v embedded gcc/bin/../lib/gcc/riscv-none-embed/8.2.0/../../../../riscv-none-embed/lib/rv32imafc/ilp32f\libg_nano.a(lib_a-locale.o)
                                          0x2 (size before relaxing)
 .rodata._ctype_
                0x0000000000014528      0x101 d:/mounriver/mounriver_studio/toolchain/risc-v embedded gcc/bin/../lib/gcc/riscv-none-embed/8.2.0/../../../../riscv-none-embed/lib/rv32imafc/ilp32f\libg_nano.a(lib_a-ctype_.o)
                0x0000000000014528                _ctype_
 *(.glue_7)
 *(.glue_7t)
 *(.gnu.linkonce.t.*)
                0x000000000001462c                . = ALIGN (0x4)
 *fill*         0x0000000000014629        0x3 

.rela.dyn       0x000000000001462c        0x0
 .rela.init     0x000000000001462c        0x0 ./zf_driver/zf_driver_adc.o
 .rela.vector   0x000000000001462c        0x0 ./zf_driver/zf_driver_adc.o
 .rela.text.handle_reset
                0x000000000001462c        0x0 ./zf_driver/zf_driver_adc.o
 .rela.text._svfprintf_r
                0x000000000001462c        0x0 ./zf_driver/zf_driver_adc.o
 .rela.text._vfprintf_r
                0x000000000001462c        0x0 ./zf_driver/zf_driver_adc.o
 .rela.text._sbrk_r
                0x000000000001462c        0x0 ./zf_driver/zf_driver_adc.o
 .rela.text._write_r
                0x000000000001462c        0x0 ./zf_driver/zf_driver_adc.o
 .rela.text._close_r
                0x000000000001462c        0x0 ./zf_driver/zf_driver_adc.o
 .rela.text._fstat_r
                0x000000000001462c        0x0 ./zf_driver/zf_driver_adc.o
 .rela.text._isatty_r
                0x000000000001462c        0x0 ./zf_driver/zf_driver_adc.o
 .rela.text._lseek_r
                0x000000000001462c        0x0 ./zf_driver/zf_driver_adc.o
 .rela.text._read_r
                0x000000000001462c        0x0 ./zf_driver/zf_driver_adc.o
 .rela.text._close
                0x000000000001462c        0x0 ./zf_driver/zf_driver_adc.o
 .rela.text._fstat
                0x000000000001462c        0x0 ./zf_driver/zf_driver_adc.o
 .rela.text._isatty
                0x000000000001462c        0x0 ./zf_driver/zf_driver_adc.o
 .rela.text._lseek
                0x000000000001462c        0x0 ./zf_driver/zf_driver_adc.o
 .rela.text._read
                0x000000000001462c        0x0 ./zf_driver/zf_driver_adc.o
 .rela.text._sbrk
                0x000000000001462c        0x0 ./zf_driver/zf_driver_adc.o

.fini           0x000000000001462c        0x0
 *(SORT_NONE(.fini))
                0x000000000001462c                . = ALIGN (0x4)
                [!provide]                        PROVIDE (_etext = .)
                [!provide]                        PROVIDE (_eitcm = .)

.preinit_array  0x000000000001462c        0x0
                [!provide]                        PROVIDE (__preinit_array_start = .)
 *(.preinit_array)
                [!provide]                        PROVIDE (__preinit_array_end = .)

.init_array     0x000000000001462c        0x0
                [!provide]                        PROVIDE (__init_array_start = .)
 *(SORT_BY_INIT_PRIORITY(.init_array.*) SORT_BY_INIT_PRIORITY(.ctors.*))
 *(.init_array EXCLUDE_FILE(*crtend?.o *crtend.o *crtbegin?.o *crtbegin.o) .ctors)
                [!provide]                        PROVIDE (__init_array_end = .)

.fini_array     0x000000000001462c        0x0
                [!provide]                        PROVIDE (__fini_array_start = .)
 *(SORT_BY_INIT_PRIORITY(.fini_array.*) SORT_BY_INIT_PRIORITY(.dtors.*))
 *(.fini_array EXCLUDE_FILE(*crtend?.o *crtend.o *crtbegin?.o *crtbegin.o) .dtors)
                [!provide]                        PROVIDE (__fini_array_end = .)

.ctors
 *crtbegin.o(.ctors)
 *crtbegin?.o(.ctors)
 *(EXCLUDE_FILE(*crtend?.o *crtend.o) .ctors)
 *(SORT_BY_NAME(.ctors.*))
 *(.ctors)

.dtors
 *crtbegin.o(.dtors)
 *crtbegin?.o(.dtors)
 *(EXCLUDE_FILE(*crtend?.o *crtend.o) .dtors)
 *(SORT_BY_NAME(.dtors.*))
 *(.dtors)

.dalign         0x0000000020000000        0x0 load address 0x000000000001462c
                0x0000000020000000                . = ALIGN (0x4)
                0x0000000020000000                PROVIDE (_data_vma = .)

.dlalign        0x000000000001462c        0x0
                0x000000000001462c                . = ALIGN (0x4)
                0x000000000001462c                PROVIDE (_data_lma = .)

.data           0x0000000020000000      0x2f0 load address 0x000000000001462c
 *(.gnu.linkonce.r.*)
 *(.data .data.*)
 .data.encoder_dir_pin
                0x0000000020000000        0xa ./zf_driver/zf_driver_encoder.o
 *fill*         0x000000002000000a        0x2 
 .data.APBAHBPrescTable
                0x000000002000000c       0x10 ./sdk/Peripheral/ch32v30x_rcc.o
 .data.TAB_USB_FS_OSC_DESC
                0x000000002000001c       0x43 ./sdk/Peripheral/ch32v30x_usbotg_device.o
                0x000000002000001c                TAB_USB_FS_OSC_DESC
 *fill*         0x000000002000005f        0x1 
 .data.sonar_data
                0x0000000020000060       0x10 ./code/Adc.o
                0x0000000020000060                sonar_data
 .data.standard_sip_info
                0x0000000020000070       0x31 ./code/Data.o
                0x0000000020000070                standard_sip_info
 *fill*         0x00000000200000a1        0x3 
 .data.standard_io_info
                0x00000000200000a4       0x1f ./code/Data.o
                0x00000000200000a4                standard_io_info
 *fill*         0x00000000200000c3        0x1 
 .data.parameter
                0x00000000200000c4       0x10 ./code/Menu.o
                0x00000000200000c4                parameter
 .data.impure_data
                0x00000000200000d4       0x60 d:/mounriver/mounriver_studio/toolchain/risc-v embedded gcc/bin/../lib/gcc/riscv-none-embed/8.2.0/../../../../riscv-none-embed/lib/rv32imafc/ilp32f\libg_nano.a(lib_a-impure.o)
 .data.__global_locale
                0x0000000020000134      0x16c d:/mounriver/mounriver_studio/toolchain/risc-v embedded gcc/bin/../lib/gcc/riscv-none-embed/8.2.0/../../../../riscv-none-embed/lib/rv32imafc/ilp32f\libg_nano.a(lib_a-locale.o)
                0x0000000020000134                __global_locale
 *(.gnu.linkonce.d.*)
                0x00000000200002a0                . = ALIGN (0x8)
                0x0000000020000aa0                PROVIDE (__global_pointer$ = (. + 0x800))
 *(.sdata .sdata.*)
 .sdata.ips200_pencolor
                0x00000000200002a0        0x2 ./zf_device/zf_device_ips200_parallel8.o
                0x00000000200002a0                ips200_pencolor
 .sdata.ips200_bgcolor
                0x00000000200002a2        0x2 ./zf_device/zf_device_ips200_parallel8.o
                0x00000000200002a2                ips200_bgcolor
 .sdata.ips200_x_max
                0x00000000200002a4        0x2 ./zf_device/zf_device_ips200_parallel8.o
                0x00000000200002a4                ips200_x_max
 .sdata.ips200_y_max
                0x00000000200002a6        0x2 ./zf_device/zf_device_ips200_parallel8.o
                0x00000000200002a6                ips200_y_max
 .sdata.zf_debug_assert_enable
                0x00000000200002a8        0x1 ./zf_common/zf_common_debug.o
 *fill*         0x00000000200002a9        0x3 
 .sdata.ADCPrescTable
                0x00000000200002ac        0x4 ./sdk/Peripheral/ch32v30x_rcc.o
 .sdata.USBHD_Dev_Speed
                0x00000000200002b0        0x1 ./sdk/Peripheral/ch32v30x_usbotg_device.o
                0x00000000200002b0                USBHD_Dev_Speed
 *fill*         0x00000000200002b1        0x3 
 .sdata.LineCoding
                0x00000000200002b4        0x7 ./sdk/Peripheral/ch32v30x_usbotg_device.o
                0x00000000200002b4                LineCoding
 .sdata.pageindex
                0x00000000200002bb        0x1 ./code/Menu.o
                0x00000000200002bb                pageindex
 .sdata.Left_Motor
                0x00000000200002bc        0x4 ./code/PID.o
                0x00000000200002bc                Left_Motor
 .sdata.Right_Motor
                0x00000000200002c0        0x4 ./code/PID.o
                0x00000000200002c0                Right_Motor
 .sdata.robot_connect_state
                0x00000000200002c4        0x4 ./code/Robot_Communite.o
                0x00000000200002c4                robot_connect_state
 .sdata.check_sum_error
                0x00000000200002c8        0x1 ./code/Robot_Communite.o
                0x00000000200002c8                check_sum_error
 *fill*         0x00000000200002c9        0x3 
 .sdata.store_sip_info_point.7514