Archive member included to satisfy reference by file (symbol)

d:/mounriver/mounriver_studio/toolchain/risc-v embedded gcc/bin/../lib/gcc/riscv-none-embed/8.2.0/../../../../riscv-none-embed/lib/rv32imafc/ilp32f\libm.a(lib_a-s_cos.o)
                              ./code/Style.o (cos)
d:/mounriver/mounriver_studio/toolchain/risc-v embedded gcc/bin/../lib/gcc/riscv-none-embed/8.2.0/../../../../riscv-none-embed/lib/rv32imafc/ilp32f\libm.a(lib_a-s_sin.o)
                              ./code/Style.o (sin)
d:/mounriver/mounriver_studio/toolchain/risc-v embedded gcc/bin/../lib/gcc/riscv-none-embed/8.2.0/../../../../riscv-none-embed/lib/rv32imafc/ilp32f\libm.a(lib_a-w_exp.o)
                              ./code/Adc.o (exp)
d:/mounriver/mounriver_studio/toolchain/risc-v embedded gcc/bin/../lib/gcc/riscv-none-embed/8.2.0/../../../../riscv-none-embed/lib/rv32imafc/ilp32f\libm.a(lib_a-w_pow.o)
                              ./code/Adc.o (pow)
d:/mounriver/mounriver_studio/toolchain/risc-v embedded gcc/bin/../lib/gcc/riscv-none-embed/8.2.0/../../../../riscv-none-embed/lib/rv32imafc/ilp32f\libm.a(lib_a-e_exp.o)
                              d:/mounriver/mounriver_studio/toolchain/risc-v embedded gcc/bin/../lib/gcc/riscv-none-embed/8.2.0/../../../../riscv-none-embed/lib/rv32imafc/ilp32f\libm.a(lib_a-w_exp.o) (__ieee754_exp)
d:/mounriver/mounriver_studio/toolchain/risc-v embedded gcc/bin/../lib/gcc/riscv-none-embed/8.2.0/../../../../riscv-none-embed/lib/rv32imafc/ilp32f\libm.a(lib_a-e_pow.o)
                              d:/mounriver/mounriver_studio/toolchain/risc-v embedded gcc/bin/../lib/gcc/riscv-none-embed/8.2.0/../../../../riscv-none-embed/lib/rv32imafc/ilp32f\libm.a(lib_a-w_pow.o) (__ieee754_pow)
d:/mounriver/mounriver_studio/toolchain/risc-v embedded gcc/bin/../lib/gcc/riscv-none-embed/8.2.0/../../../../riscv-none-embed/lib/rv32imafc/ilp32f\libm.a(lib_a-e_rem_pio2.o)
                              d:/mounriver/mounriver_studio/toolchain/risc-v embedded gcc/bin/../lib/gcc/riscv-none-embed/8.2.0/../../../../riscv-none-embed/lib/rv32imafc/ilp32f\libm.a(lib_a-s_cos.o) (__ieee754_rem_pio2)
d:/mounriver/mounriver_studio/toolchain/risc-v embedded gcc/bin/../lib/gcc/riscv-none-embed/8.2.0/../../../../riscv-none-embed/lib/rv32imafc/ilp32f\libm.a(lib_a-e_sqrt.o)
                              d:/mounriver/mounriver_studio/toolchain/risc-v embedded gcc/bin/../lib/gcc/riscv-none-embed/8.2.0/../../../../riscv-none-embed/lib/rv32imafc/ilp32f\libm.a(lib_a-e_pow.o) (__ieee754_sqrt)
d:/mounriver/mounriver_studio/toolchain/risc-v embedded gcc/bin/../lib/gcc/riscv-none-embed/8.2.0/../../../../riscv-none-embed/lib/rv32imafc/ilp32f\libm.a(lib_a-k_cos.o)
                              d:/mounriver/mounriver_studio/toolchain/risc-v embedded gcc/bin/../lib/gcc/riscv-none-embed/8.2.0/../../../../riscv-none-embed/lib/rv32imafc/ilp32f\libm.a(lib_a-s_cos.o) (__kernel_cos)
d:/mounriver/mounriver_studio/toolchain/risc-v embedded gcc/bin/../lib/gcc/riscv-none-embed/8.2.0/../../../../riscv-none-embed/lib/rv32imafc/ilp32f\libm.a(lib_a-k_rem_pio2.o)
                              d:/mounriver/mounriver_studio/toolchain/risc-v embedded gcc/bin/../lib/gcc/riscv-none-embed/8.2.0/../../../../riscv-none-embed/lib/rv32imafc/ilp32f\libm.a(lib_a-e_rem_pio2.o) (__kernel_rem_pio2)
d:/mounriver/mounriver_studio/toolchain/risc-v embedded gcc/bin/../lib/gcc/riscv-none-embed/8.2.0/../../../../riscv-none-embed/lib/rv32imafc/ilp32f\libm.a(lib_a-k_sin.o)
                              d:/mounriver/mounriver_studio/toolchain/risc-v embedded gcc/bin/../lib/gcc/riscv-none-embed/8.2.0/../../../../riscv-none-embed/lib/rv32imafc/ilp32f\libm.a(lib_a-s_cos.o) (__kernel_sin)
d:/mounriver/mounriver_studio/toolchain/risc-v embedded gcc/bin/../lib/gcc/riscv-none-embed/8.2.0/../../../../riscv-none-embed/lib/rv32imafc/ilp32f\libm.a(lib_a-s_fabs.o)
                              d:/mounriver/mounriver_studio/toolchain/risc-v embedded gcc/bin/../lib/gcc/riscv-none-embed/8.2.0/../../../../riscv-none-embed/lib/rv32imafc/ilp32f\libm.a(lib_a-e_pow.o) (fabs)
d:/mounriver/mounriver_studio/toolchain/risc-v embedded gcc/bin/../lib/gcc/riscv-none-embed/8.2.0/../../../../riscv-none-embed/lib/rv32imafc/ilp32f\libm.a(lib_a-s_finite.o)
                              d:/mounriver/mounriver_studio/toolchain/risc-v embedded gcc/bin/../lib/gcc/riscv-none-embed/8.2.0/../../../../riscv-none-embed/lib/rv32imafc/ilp32f\libm.a(lib_a-w_exp.o) (finite)
d:/mounriver/mounriver_studio/toolchain/risc-v embedded gcc/bin/../lib/gcc/riscv-none-embed/8.2.0/../../../../riscv-none-embed/lib/rv32imafc/ilp32f\libm.a(lib_a-s_floor.o)
                              d:/mounriver/mounriver_studio/toolchain/risc-v embedded gcc/bin/../lib/gcc/riscv-none-embed/8.2.0/../../../../riscv-none-embed/lib/rv32imafc/ilp32f\libm.a(lib_a-k_rem_pio2.o) (floor)
d:/mounriver/mounriver_studio/toolchain/risc-v embedded gcc/bin/../lib/gcc/riscv-none-embed/8.2.0/../../../../riscv-none-embed/lib/rv32imafc/ilp32f\libm.a(lib_a-s_lib_ver.o)
[...]
Memory Configuration

Name             Origin             Length             Attributes
RAM              0x0000000020000000 0x0000000000010000 xrw
FLASH            0x0000000000000000 0x0000000000040000 xr
*default*        0x0000000000000000 0xffffffffffffffff

Linker script and memory map

LOAD ./zf_driver/zf_driver_adc.o
LOAD ./zf_driver/zf_driver_delay.o
LOAD ./zf_driver/zf_driver_dvp.o
LOAD ./zf_driver/zf_driver_encoder.o
LOAD ./zf_driver/zf_driver_exti.o
LOAD ./zf_driver/zf_driver_flash.o
LOAD ./zf_driver/zf_driver_gpio.o
LOAD ./zf_driver/zf_driver_irq.o
LOAD ./zf_driver/zf_driver_pit.o
LOAD ./zf_driver/zf_driver_pwm.o
LOAD ./zf_driver/zf_driver_soft_iic.o
LOAD ./zf_driver/zf_driver_spi.o
LOAD ./zf_driver/zf_driver_timer.o
LOAD ./zf_driver/zf_driver_uart.o
LOAD ./zf_driver/zf_driver_usb_cdc.o
LOAD ./zf_device/zf_device_absolute_encoder.o
LOAD ./zf_device/zf_device_bluetooth_ch9141.o
LOAD ./zf_device/zf_device_bluetooth_ch9141_ch2.o
LOAD ./zf_device/zf_device_camera.o
LOAD ./zf_device/zf_device_icm20602.o
LOAD ./zf_device/zf_device_ips114.o
LOAD ./zf_device/zf_device_ips200_parallel8.o
LOAD ./zf_device/zf_device_mpu6050.o
LOAD ./zf_device/zf_device_mt9v03x_dvp.o
LOAD ./zf_device/zf_device_oled.o
LOAD ./zf_device/zf_device_scc8660_dvp.o
LOAD ./zf_device/zf_device_tft180.o
LOAD ./zf_device/zf_device_type.o
LOAD ./zf_device/zf_device_virtual_oscilloscope.o
LOAD ./zf_device/zf_device_wireless_ch573.o
LOAD ./zf_device/zf_device_wireless_uart.o
LOAD ./zf_common/zf_common_clock.o
LOAD ./zf_common/zf_common_debug.o
LOAD ./zf_common/zf_common_fifo.o
LOAD ./zf_common/zf_common_font.o
LOAD ./zf_common/zf_common_function.o
LOAD ./zf_common/zf_common_interrupt.o
LOAD ./user_c/isr.o
LOAD ./user_c/main.o
LOAD ./sdk/Startup/startup_ch32v30x.o
LOAD ./sdk/Startup/system_ch32v30x.o
LOAD ./sdk/Peripheral/ch32v30x_adc.o
LOAD ./sdk/Peripheral/ch32v30x_bkp.o
LOAD ./sdk/Peripheral/ch32v30x_can.o
LOAD ./sdk/Peripheral/ch32v30x_crc.o
LOAD ./sdk/Peripheral/ch32v30x_dac.o
LOAD ./sdk/Peripheral/ch32v30x_dbgmcu.o
LOAD ./sdk/Peripheral/ch32v30x_dma.o
LOAD ./sdk/Peripheral/ch32v30x_dvp.o
LOAD ./sdk/Peripheral/ch32v30x_eth.o
LOAD ./sdk/Peripheral/ch32v30x_exti.o
LOAD ./sdk/Peripheral/ch32v30x_flash.o
LOAD ./sdk/Peripheral/ch32v30x_fsmc.o
LOAD ./sdk/Peripheral/ch32v30x_gpio.o
LOAD ./sdk/Peripheral/ch32v30x_i2c.o
LOAD ./sdk/Peripheral/ch32v30x_iwdg.o
LOAD ./sdk/Peripheral/ch32v30x_misc.o
LOAD ./sdk/Peripheral/ch32v30x_opa.o
LOAD ./sdk/Peripheral/ch32v30x_pwr.o
LOAD ./sdk/Peripheral/ch32v30x_rcc.o
LOAD ./sdk/Peripheral/ch32v30x_rng.o
LOAD ./sdk/Peripheral/ch32v30x_rtc.o
LOAD ./sdk/Peripheral/ch32v30x_sdio.o
LOAD ./sdk/Peripheral/ch32v30x_spi.o
LOAD ./sdk/Peripheral/ch32v30x_tim.o
LOAD ./sdk/Peripheral/ch32v30x_usart.o
LOAD ./sdk/Peripheral/ch32v30x_usbotg_device.o
LOAD ./sdk/Peripheral/ch32v30x_wwdg.o
LOAD ./sdk/Core/core_riscv.o
LOAD ./code/Adc.o
LOAD ./code/Beep.o
LOAD ./code/Dac.o
LOAD ./code/Data.o
LOAD ./code/Encoder.o
LOAD ./code/Key.o
LOAD ./code/Menu.o
LOAD ./code/Motor.o
LOAD ./code/PID.o
LOAD ./code/Robot_Communite.o
LOAD ./code/Style.o
LOAD ./code/Util.o
LOAD d:/mounriver/mounriver_studio/toolchain/risc-v embedded gcc/bin/../lib/gcc/riscv-none-embed/8.2.0/../../../../riscv-none-embed/lib/rv32imafc/ilp32f\libm.a
LOAD d:/mounriver/mounriver_studio/toolchain/risc-v embedded gcc/bin/../lib/gcc/riscv-none-embed/8.2.0/rv32imafc/ilp32f\libgcc.a
LOAD d:/mounriver/mounriver_studio/toolchain/risc-v embedded gcc/bin/../lib/gcc/riscv-none-embed/8.2.0/../../../../riscv-none-embed/lib/rv32imafc/ilp32f\libg_nano.a
LOAD d:/mounriver/mounriver_studio/toolchain/risc-v embedded gcc/bin/../lib/gcc/riscv-none-embed/8.2.0/../../../../riscv-none-embed/lib/rv32imafc/ilp32f\libc_nano.a
LOAD d:/mounriver/mounriver_studio/toolchain/risc-v embedded gcc/bin/../lib/gcc/riscv-none-embed/8.2.0/rv32imafc/ilp32f\libgcc.a
START GROUP
LOAD d:/mounriver/mounriver_studio/toolchain/risc-v embedded gcc/bin/../lib/gcc/riscv-none-embed/8.2.0/rv32imafc/ilp32f\libgcc.a
LOAD d:/mounriver/mounriver_studio/toolchain/risc-v embedded gcc/bin/../lib/gcc/riscv-none-embed/8.2.0/../../../../riscv-none-embed/lib/rv32imafc/ilp32f\libc_nano.a
LOAD d:/mounriver/mounriver_studio/toolchain/risc-v embedded gcc/bin/../lib/gcc/riscv-none-embed/8.2.0/../../../../riscv-none-embed/lib/rv32imafc/ilp32f\libnosys.a
END GROUP
START GROUP
LOAD d:/mounriver/mounriver_studio/toolchain/risc-v embedded gcc/bin/../lib/gcc/riscv-none-embed/8.2.0/rv32imafc/ilp32f\libgcc.a
LOAD d:/mounriver/mounriver_studio/toolchain/risc-v embedded gcc/bin/../lib/gcc/riscv-none-embed/8.2.0/../../../../riscv-none-embed/lib/rv32imafc/ilp32f\libc_nano.a
LOAD d:/mounriver/mounriver_studio/toolchain/risc-v embedded gcc/bin/../lib/gcc/riscv-none-embed/8.2.0/../../../../riscv-none-embed/lib/rv32imafc/ilp32f\libnosys.a
END GROUP
                0x0000000000000800                __stack_size = 0x800
                [!provide]                        PROVIDE (_stack_size = __stack_size)

.init           0x0000000000000000       0x38
                0x0000000000000000                _sinit = .
                0x0000000000000000                . = ALIGN (0x4)
 *(SORT_NONE(.init))
 .init          0x0000000000000000       0x38 ./sdk/Startup/startup_ch32v30x.o
                0x0000000000000000                _start
                0x0000000000000038                . = ALIGN (0x4)
                0x0000000000000038                _einit = .

.vector         0x0000000000000038      0x1c8
 *(.vector)
 .vector        0x0000000000000038      0x1a0 ./sdk/Startup/startup_ch32v30x.o
                0x0000000000000200                . = ALIGN (0x40)
 *fill*         0x00000000000001d8       0x28 

.text           0x0000000000000200    0x14334
                0x0000000000000200                . = ALIGN (0x4)
 *(.text)
 .text          0x0000000000000200       0x14 ./zf_driver/zf_driver_irq.o
                0x0000000000000200                dis_interrupt
                0x0000000000000206                en_interrupt
 .text          0x0000000000000214       0xa8 d:/mounriver/mounriver_studio/toolchain/risc-v embedded gcc/bin/../lib/gcc/riscv-none-embed/8.2.0/../../../../riscv-none-embed/lib/rv32imafc/ilp32f\libg_nano.a(lib_a-memset.o)
                0x0000000000000214                memset
 *(.text.*)
 .text.adc_gpio_init
                0x00000000000002bc      0x1a0 ./zf_driver/zf_driver_adc.o
                0x00000000000002bc                adc_gpio_init
 .text.adc_convert
                0x000000000000045c       0x6c ./zf_driver/zf_driver_adc.o
                0x000000000000045c                adc_convert
 .text.adc_mean_filter
                0x00000000000004c8       0x84 ./zf_driver/zf_driver_adc.o
                0x00000000000004c8                adc_mean_filter
 .text.adc_init
                0x000000000000054c       0xe0 ./zf_driver/zf_driver_adc.o
                0x000000000000054c                adc_init
 .text.system_delay
                0x000000000000062c       0x5c ./zf_driver/zf_driver_delay.o
                0x000000000000062c                system_delay
 .text.encoder_gpio_init
                0x0000000000000688       0x36 ./zf_driver/zf_driver_encoder.o
                0x0000000000000688                encoder_gpio_init
 .text.encoder_get_count
                0x00000000000006be       0xaa ./zf_driver/zf_driver_encoder.o
                0x00000000000006be                encoder_get_count
 .text.encoder_clear_count
                0x0000000000000768       0x26 ./zf_driver/zf_driver_encoder.o
                0x0000000000000768                encoder_clear_count
 .text.encoder_init_quad
                0x000000000000078e      0x1f0 ./zf_driver/zf_driver_encoder.o
                0x000000000000078e                encoder_init_quad
 .text.exti_init
                0x000000000000097e      0x108 ./zf_driver/zf_driver_exti.o
                0x000000000000097e                exti_init
 .text.exti_enable
                0x0000000000000a86       0x36 ./zf_driver/zf_driver_exti.o
                0x0000000000000a86                exti_enable
 .text.gpio_set_level
                0x0000000000000abc       0x74 ./zf_driver/zf_driver_gpio.o
                0x0000000000000abc                gpio_set_level
 .text.gpio_get_level
                0x0000000000000b30       0x40 ./zf_driver/zf_driver_gpio.o
                0x0000000000000b30                gpio_get_level
 .text.gpio_init
                0x0000000000000b70      0x1a2 ./zf_driver/zf_driver_gpio.o
                0x0000000000000b70                gpio_init
 .text.pit_init
                0x0000000000000d12      0x1a8 ./zf_driver/zf_driver_pit.o
                0x0000000000000d12                pit_init
 .text.pwm_gpio_init
                0x0000000000000eba      0x78a ./zf_driver/zf_driver_pwm.o
                0x0000000000000eba                pwm_gpio_init
 .text.pwm_set_duty
                0x0000000000001644       0x9e ./zf_driver/zf_driver_pwm.o
                0x0000000000001644                pwm_set_duty
 .text.pwm_init
                0x00000000000016e2      0x44e ./zf_driver/zf_driver_pwm.o
                0x00000000000016e2                pwm_init
 .text.timer_funciton_check
                0x0000000000001b30       0x58 ./zf_driver/zf_driver_timer.o
                0x0000000000001b30                timer_funciton_check
 .text.timer_clock_enable
                0x0000000000001b88       0xe2 ./zf_driver/zf_driver_timer.o
                0x0000000000001b88                timer_clock_enable
 .text.uart_gpio_init
                0x0000000000001c6a      0x40a ./zf_driver/zf_driver_uart.o
                0x0000000000001c6a                uart_gpio_init
 .text.uart_write_byte
                0x0000000000002074       0x56 ./zf_driver/zf_driver_uart.o
                0x0000000000002074                uart_write_byte
 .text.uart_write_buffer
                0x00000000000020ca       0x46 ./zf_driver/zf_driver_uart.o
                0x00000000000020ca                uart_write_buffer
 .text.uart_write_string
                0x0000000000002110       0x42 ./zf_driver/zf_driver_uart.o
                0x0000000000002110                uart_write_string
 .text.uart_rx_interrupt
                0x0000000000002152       0x84 ./zf_driver/zf_driver_uart.o
                0x0000000000002152                uart_rx_interrupt
 .text.uart_query_byte
                0x00000000000021d6       0x5e ./zf_driver/zf_driver_uart.o
                0x00000000000021d6                uart_query_byte
 .text.uart_init
                0x0000000000002234      0x2d2 ./zf_driver/zf_driver_uart.o
                0x0000000000002234                uart_init
 .text.bluetooth_ch9141_uart_callback_ch1
                0x0000000000002506       0x28 ./zf_device/zf_device_bluetooth_ch9141.o
                0x0000000000002506                bluetooth_ch9141_uart_callback_ch1
 .text.camera_uart_handler
                0x000000000000252e       0x3a ./zf_device/zf_device_camera.o
                0x000000000000252e                camera_uart_handler
 .text.camera_dvp_handler
                0x0000000000002568       0x30 ./zf_device/zf_device_camera.o
                0x0000000000002568                camera_dvp_handler
 .text.ips200_write_data
                0x0000000000002598       0x32 ./zf_device/zf_device_ips200_parallel8.o
 .text.ips200_write_command
                0x00000000000025ca       0x88 ./zf_device/zf_device_ips200_parallel8.o
 .text.ips200_write_8bit_data
                0x0000000000002652       0x76 ./zf_device/zf_device_ips200_parallel8.o
 .text.ips200_write_16bit_data
                0x00000000000026c8       0xb6 ./zf_device/zf_device_ips200_parallel8.o
 .text.ips200_set_region
                0x000000000000277e       0x5e ./zf_device/zf_device_ips200_parallel8.o
 .text.ips200_set_dir
                0x00000000000027dc       0x4e ./zf_device/zf_device_ips200_parallel8.o
                0x00000000000027dc                ips200_set_dir
 .text.ips200_clear
                0x000000000000282a       0x80 ./zf_device/zf_device_ips200_parallel8.o
                0x000000000000282a                ips200_clear
 .text.ips200_show_char
                0x00000000000028aa       0xee ./zf_device/zf_device_ips200_parallel8.o
                0x00000000000028aa                ips200_show_char
 .text.ips200_show_string
                0x0000000000002998       0xbe ./zf_device/zf_device_ips200_parallel8.o
                0x0000000000002998                ips200_show_string
 .text.ips200_show_int
                0x0000000000002a56      0x140 ./zf_device/zf_device_ips200_parallel8.o
                0x0000000000002a56                ips200_show_int
 .text.ips200_show_float
                0x0000000000002b96      0x1b2 ./zf_device/zf_device_ips200_parallel8.o
                0x0000000000002b96                ips200_show_float
 .text.ips200_gpio_init
                0x0000000000002d48       0xa2 ./zf_device/zf_device_ips200_parallel8.o
                0x0000000000002d48                ips200_gpio_init
 .text.ips200_init
                0x0000000000002dea      0x2ba ./zf_device/zf_device_ips200_parallel8.o
                0x0000000000002dea                ips200_init
 .text.mt9v03x_uart_callback_dvp
                0x00000000000030a4       0x66 ./zf_device/zf_device_mt9v03x_dvp.o
                0x00000000000030a4                mt9v03x_uart_callback_dvp
 .text.mt9v03x_handler_dvp
                0x000000000000310a       0x14 ./zf_device/zf_device_mt9v03x_dvp.o
                0x000000000000310a                mt9v03x_handler_dvp
 .text.scc8660_uart_callback_dvp
                0x000000000000311e       0x66 ./zf_device/zf_device_scc8660_dvp.o
                0x000000000000311e                scc8660_uart_callback_dvp
 .text.scc8660_vsync_dvp
                0x0000000000003184       0x14 ./zf_device/zf_device_scc8660_dvp.o
                0x0000000000003184                scc8660_vsync_dvp
 .text.clock_init
                0x0000000000003198       0x2a ./zf_common/zf_common_clock.o
                0x0000000000003198                clock_init
 .text.clock_reset
                0x00000000000031c2       0x76 ./zf_common/zf_common_clock.o
 .text.clock_set_freq
                0x0000000000003238      0x260 ./zf_common/zf_common_clock.o
 .text.__NOP    0x0000000000003498       0x10 ./zf_common/zf_common_debug.o
 .text.debug_delay
                0x00000000000034a8       0x52 ./zf_common/zf_common_debug.o
 .text.debug_uart_str_output
                0x00000000000034fa       0x20 ./zf_common/zf_common_debug.o
 .text.debug_output
                0x000000000000351a      0x352 ./zf_common/zf_common_debug.o
 .text._write   0x000000000000386c       0x7c ./zf_common/zf_common_debug.o
                0x000000000000386c                _write
 .text.debug_assert_handler
                0x00000000000038e8       0x5a ./zf_common/zf_common_debug.o
                0x00000000000038e8                debug_assert_handler
 .text.debug_output_struct_init
                0x0000000000003942       0x5a ./zf_common/zf_common_debug.o
                0x0000000000003942                debug_output_struct_init
 .text.debug_output_init
                0x000000000000399c       0x88 ./zf_common/zf_common_debug.o
                0x000000000000399c                debug_output_init
 .text.debug_init
                0x0000000000003a24       0x46 ./zf_common/zf_common_debug.o
                0x0000000000003a24                debug_init
 .text.fifo_head_offset
                0x0000000000003a6a       0x4e ./zf_common/zf_common_fifo.o
                0x0000000000003a6a                fifo_head_offset
 .text.fifo_write_buffer
                0x0000000000003ab8      0x106 ./zf_common/zf_common_fifo.o
                0x0000000000003ab8                fifo_write_buffer
 .text.int_to_str
                0x0000000000003bbe       0xcc ./zf_common/zf_common_function.o
                0x0000000000003bbe                int_to_str
 .text.float_to_str
                0x0000000000003c8a      0x216 ./zf_common/zf_common_function.o
                0x0000000000003c8a                float_to_str
 .text.NVIC_EnableIRQ
                0x0000000000003ea0       0x32 ./zf_common/zf_common_interrupt.o
 .text.NVIC_DisableIRQ
                0x0000000000003ed2       0x32 ./zf_common/zf_common_interrupt.o
 .text.NVIC_SetPriority
                0x0000000000003f04       0x2a ./zf_common/zf_common_interrupt.o
 .text.interrupt_enable
                0x0000000000003f2e       0x1e ./zf_common/zf_common_interrupt.o
                0x0000000000003f2e                interrupt_enable
 .text.interrupt_disable
                0x0000000000003f4c       0x1e ./zf_common/zf_common_interrupt.o
                0x0000000000003f4c                interrupt_disable
 .text.interrupt_set_priority
                0x0000000000003f6a       0x2a ./zf_common/zf_common_interrupt.o
                0x0000000000003f6a                interrupt_set_priority
 .text.interrupt_init
                0x0000000000003f94        0xe ./zf_common/zf_common_interrupt.o
                0x0000000000003f94                interrupt_init
 .text.interrupt_global_enable
                0x0000000000003fa2       0x2e ./zf_common/zf_common_interrupt.o
                0x0000000000003fa2                interrupt_global_enable
 .text.interrupt_global_disable
                0x0000000000003fd0       0x28 ./zf_common/zf_common_interrupt.o
                0x0000000000003fd0                interrupt_global_disable
 .text.USART1_IRQHandler
                0x0000000000003ff8       0x84 ./user_c/isr.o
                0x0000000000003ff8                USART1_IRQHandler
 .text.USART3_IRQHandler
                0x000000000000407c       0x84 ./user_c/isr.o
                0x000000000000407c                USART3_IRQHandler
 .text.UART4_IRQHandler
                0x0000000000004100       0x84 ./user_c/isr.o
                0x0000000000004100                UART4_IRQHandler
 .text.UART5_IRQHandler
                0x0000000000004184       0x80 ./user_c/isr.o
                0x0000000000004184                UART5_IRQHandler
 .text.UART6_IRQHandler
                0x0000000000004204       0x84 ./user_c/isr.o
                0x0000000000004204                UART6_IRQHandler
 .text.UART7_IRQHandler
                0x0000000000004288       0x9c ./user_c/isr.o
                0x0000000000004288                UART7_IRQHandler
 .text.UART8_IRQHandler
                0x0000000000004324       0x7c ./user_c/isr.o
                0x0000000000004324                UART8_IRQHandler
 .text.DVP_IRQHandler
                0x00000000000043a0       0x8e ./user_c/isr.o
                0x00000000000043a0                DVP_IRQHandler
 .text.EXTI0_IRQHandler
                0x000000000000442e       0x74 ./user_c/isr.o
                0x000000000000442e                EXTI0_IRQHandler
 .text.EXTI1_IRQHandler
                0x00000000000044a2       0x74 ./user_c/isr.o
                0x00000000000044a2                EXTI1_IRQHandler
 .text.EXTI2_IRQHandler
                0x0000000000004516       0x74 ./user_c/isr.o
                0x0000000000004516                EXTI2_IRQHandler
 .text.EXTI3_IRQHandler
                0x000000000000458a       0x74 ./user_c/isr.o
                0x000000000000458a                EXTI3_IRQHandler
 .text.EXTI4_IRQHandler
                0x00000000000045fe       0x74 ./user_c/isr.o
                0x00000000000045fe                EXTI4_IRQHandler
 .text.EXTI9_5_IRQHandler
                0x0000000000004672       0xd8 ./user_c/isr.o
                0x0000000000004672                EXTI9_5_IRQHandler
 .text.EXTI15_10_IRQHandler
                0x000000000000474a       0xf6 ./user_c/isr.o
                0x000000000000474a                EXTI15_10_IRQHandler
 .text.TIM1_UP_IRQHandler
                0x0000000000004840       0x84 ./user_c/isr.o
                0x0000000000004840                TIM1_UP_IRQHandler
 .text.TIM2_IRQHandler
                0x00000000000048c4       0x78 ./user_c/isr.o
                0x00000000000048c4                TIM2_IRQHandler
 .text.TIM3_IRQHandler
                0x000000000000493c       0x80 ./user_c/isr.o
                0x000000000000493c                TIM3_IRQHandler
 .text.TIM4_IRQHandler
                0x00000000000049bc       0x80 ./user_c/isr.o
                0x00000000000049bc                TIM4_IRQHandler
 .text.TIM5_IRQHandler
                0x0000000000004a3c       0x80 ./user_c/isr.o
                0x0000000000004a3c                TIM5_IRQHandler
 .text.TIM6_IRQHandler
                0x0000000000004abc       0x78 ./user_c/isr.o
                0x0000000000004abc                TIM6_IRQHandler
 .text.TIM7_IRQHandler
                0x0000000000004b34       0x80 ./user_c/isr.o
                0x0000000000004b34                TIM7_IRQHandler
 .text.TIM8_UP_IRQHandler
                0x0000000000004bb4       0x80 ./user_c/isr.o
                0x0000000000004bb4                TIM8_UP_IRQHandler
 .text.TIM9_UP_IRQHandler
                0x0000000000004c34       0x80 ./user_c/isr.o
                0x0000000000004c34                TIM9_UP_IRQHandler
 .text.TIM10_UP_IRQHandler
                0x0000000000004cb4       0x78 ./user_c/isr.o
                0x0000000000004cb4                TIM10_UP_IRQHandler
 .text.NMI_Handler
                0x0000000000004d2c       0x10 ./user_c/isr.o
                0x0000000000004d2c                NMI_Handler
 .text.HardFault_Handler
                0x0000000000004d3c        0x8 ./user_c/isr.o
                0x0000000000004d3c                HardFault_Handler
 .text.main     0x0000000000004d44       0xf0 ./user_c/main.o
                0x0000000000004d44                main
 .text.vector_handler
                0x0000000000004e34       0xbe ./sdk/Startup/startup_ch32v30x.o
                0x0000000000004e38                Ecall_M_Mode_Handler
                0x0000000000004e3a                Ecall_U_Mode_Handler
                0x0000000000004e3c                Break_Point_Handler
                0x0000000000004e3e                SysTick_Handler
                0x0000000000004e40                SW_Handler
                0x0000000000004e42                WWDG_IRQHandler
                0x0000000000004e44                PVD_IRQHandler
                0x0000000000004e46                TAMPER_IRQHandler
                0x0000000000004e48                RTC_IRQHandler
                0x0000000000004e4a                FLASH_IRQHandler
                0x0000000000004e4c                RCC_IRQHandler
                0x0000000000004e58                DMA1_Channel1_IRQHandler
                0x0000000000004e5a                DMA1_Channel2_IRQHandler
                0x0000000000004e5c                DMA1_Channel3_IRQHandler
                0x0000000000004e5e                DMA1_Channel4_IRQHandler
                0x0000000000004e60                DMA1_Channel5_IRQHandler
                0x0000000000004e62                DMA1_Channel6_IRQHandler
                0x0000000000004e64                DMA1_Channel7_IRQHandler
                0x0000000000004e66                ADC1_2_IRQHandler
                0x0000000000004e68                USB_HP_CAN1_TX_IRQHandler
                0x0000000000004e6a                USB_LP_CAN1_RX0_IRQHandler
                0x0000000000004e6c                CAN1_RX1_IRQHandler
                0x0000000000004e6e                CAN1_SCE_IRQHandler
                0x0000000000004e72                TIM1_BRK_IRQHandler
                0x0000000000004e76                TIM1_TRG_COM_IRQHandler
                0x0000000000004e78                TIM1_CC_IRQHandler
                0x0000000000004e80                I2C1_EV_IRQHandler
                0x0000000000004e82                I2C1_ER_IRQHandler
                0x0000000000004e84                I2C2_EV_IRQHandler
                0x0000000000004e86                I2C2_ER_IRQHandler
                0x0000000000004e88                SPI1_IRQHandler
                0x0000000000004e8a                SPI2_IRQHandler
                0x0000000000004e94                RTCAlarm_IRQHandler
                0x0000000000004e96                USBWakeUp_IRQHandler
                0x0000000000004e98                TIM8_BRK_IRQHandler
                0x0000000000004e9c                TIM8_TRG_COM_IRQHandler
                0x0000000000004e9e                TIM8_CC_IRQHandler
                0x0000000000004ea0                RNG_IRQHandler
                0x0000000000004ea2                FSMC_IRQHandler
                0x0000000000004ea4                SDIO_IRQHandler
                0x0000000000004ea8                SPI3_IRQHandler
                0x0000000000004eb2                DMA2_Channel1_IRQHandler
                0x0000000000004eb4                DMA2_Channel2_IRQHandler
                0x0000000000004eb6                DMA2_Channel3_IRQHandler
                0x0000000000004eb8                DMA2_Channel4_IRQHandler
                0x0000000000004eba                DMA2_Channel5_IRQHandler
                0x0000000000004ebc                ETH_IRQHandler
                0x0000000000004ebe                ETH_WKUP_IRQHandler
                0x0000000000004ec0                CAN2_TX_IRQHandler
                0x0000000000004ec2                CAN2_RX0_IRQHandler
                0x0000000000004ec4                CAN2_RX1_IRQHandler
                0x0000000000004ec6                CAN2_SCE_IRQHandler
                0x0000000000004eca                USBHSWakeup_IRQHandler
                0x0000000000004ecc                USBHS_IRQHandler
                0x0000000000004ed6                TIM9_BRK_IRQHandler
                0x0000000000004eda                TIM9_TRG_COM_IRQHandler
                0x0000000000004edc                TIM9_CC_IRQHandler
                0x0000000000004ede                TIM10_BRK_IRQHandler
                0x0000000000004ee2                TIM10_TRG_COM_IRQHandler
                0x0000000000004ee4                TIM10_CC_IRQHandler
                0x0000000000004ee6                DMA2_Channel6_IRQHandler
                0x0000000000004ee8                DMA2_Channel7_IRQHandler
                0x0000000000004eea                DMA2_Channel8_IRQHandler
                0x0000000000004eec                DMA2_Channel9_IRQHandler
                0x0000000000004eee                DMA2_Channel10_IRQHandler
                0x0000000000004ef0                DMA2_Channel11_IRQHandler
 .text.handle_reset
                0x0000000000004ef2       0x9e ./sdk/Startup/startup_ch32v30x.o
                0x0000000000004ef2                handle_reset
 .text.ADC_DeInit
                0x0000000000004f90       0x60 ./sdk/Peripheral/ch32v30x_adc.o
                0x0000000000004f90                ADC_DeInit
 .text.ADC_Init
                0x0000000000004ff0      0x102 ./sdk/Peripheral/ch32v30x_adc.o
                0x0000000000004ff0                ADC_Init
 .text.ADC_Cmd  0x00000000000050f2       0x3e ./sdk/Peripheral/ch32v30x_adc.o
                0x00000000000050f2                ADC_Cmd
 .text.ADC_ResetCalibration
                0x0000000000005130       0x22 ./sdk/Peripheral/ch32v30x_adc.o
                0x0000000000005130                ADC_ResetCalibration
 .text.ADC_GetResetCalibrationStatus
                0x0000000000005152       0x30 ./sdk/Peripheral/ch32v30x_adc.o
                0x0000000000005152                ADC_GetResetCalibrationStatus
 .text.ADC_StartCalibration
                0x0000000000005182       0x22 ./sdk/Peripheral/ch32v30x_adc.o
                0x0000000000005182                ADC_StartCalibration
 .text.ADC_GetCalibrationStatus
                0x00000000000051a4       0x30 ./sdk/Peripheral/ch32v30x_adc.o
                0x00000000000051a4                ADC_GetCalibrationStatus
 .text.ADC_SoftwareStartConvCmd
                0x00000000000051d4       0x44 ./sdk/Peripheral/ch32v30x_adc.o
                0x00000000000051d4                ADC_SoftwareStartConvCmd
 .text.ADC_RegularChannelConfig
                0x0000000000005218      0x248 ./sdk/Peripheral/ch32v30x_adc.o
                0x0000000000005218                ADC_RegularChannelConfig
 .text.ADC_GetFlagStatus
                0x0000000000005460       0x3a ./sdk/Peripheral/ch32v30x_adc.o
                0x0000000000005460                ADC_GetFlagStatus
 .text.ADC_BufferCmd
                0x000000000000549a       0x44 ./sdk/Peripheral/ch32v30x_adc.o
                0x000000000000549a                ADC_BufferCmd
 .text.EXTI_Init
                0x00000000000054de      0x170 ./sdk/Peripheral/ch32v30x_exti.o
                0x00000000000054de                EXTI_Init
 .text.EXTI_GetITStatus
                0x000000000000564e       0x56 ./sdk/Peripheral/ch32v30x_exti.o
                0x000000000000564e                EXTI_GetITStatus
 .text.EXTI_ClearITPendingBit
                0x00000000000056a4       0x20 ./sdk/Peripheral/ch32v30x_exti.o
                0x00000000000056a4                EXTI_ClearITPendingBit
 .text.GPIO_Init
                0x00000000000056c4      0x22a ./sdk/Peripheral/ch32v30x_gpio.o
                0x00000000000056c4                GPIO_Init
 .text.GPIO_WriteBit
                0x00000000000058ee       0x38 ./sdk/Peripheral/ch32v30x_gpio.o
                0x00000000000058ee                GPIO_WriteBit
 .text.GPIO_PinRemapConfig
                0x0000000000005926      0x13c ./sdk/Peripheral/ch32v30x_gpio.o
                0x0000000000005926                GPIO_PinRemapConfig
 .text.GPIO_EXTILineConfig
                0x0000000000005a62       0xa2 ./sdk/Peripheral/ch32v30x_gpio.o
                0x0000000000005a62                GPIO_EXTILineConfig
 .text.RCC_ADCCLKConfig
                0x0000000000005b04       0x46 ./sdk/Peripheral/ch32v30x_rcc.o
                0x0000000000005b04                RCC_ADCCLKConfig
 .text.RCC_GetClocksFreq
                0x0000000000005b4a      0x2c6 ./sdk/Peripheral/ch32v30x_rcc.o
                0x0000000000005b4a                RCC_GetClocksFreq
 .text.RCC_APB2PeriphClockCmd
                0x0000000000005e10       0x46 ./sdk/Peripheral/ch32v30x_rcc.o
                0x0000000000005e10                RCC_APB2PeriphClockCmd
 .text.RCC_APB1PeriphClockCmd
                0x0000000000005e56       0x46 ./sdk/Peripheral/ch32v30x_rcc.o
                0x0000000000005e56                RCC_APB1PeriphClockCmd
 .text.RCC_APB2PeriphResetCmd
                0x0000000000005e9c       0x46 ./sdk/Peripheral/ch32v30x_rcc.o
                0x0000000000005e9c                RCC_APB2PeriphResetCmd
 .text.TIM_TimeBaseInit
                0x0000000000005ee2      0x17e ./sdk/Peripheral/ch32v30x_tim.o
                0x0000000000005ee2                TIM_TimeBaseInit
 .text.TIM_OC1Init
                0x0000000000006060      0x19c ./sdk/Peripheral/ch32v30x_tim.o
                0x0000000000006060                TIM_OC1Init
 .text.TIM_OC2Init
                0x00000000000061fc      0x1e2 ./sdk/Peripheral/ch32v30x_tim.o
                0x00000000000061fc                TIM_OC2Init
 .text.TIM_OC3Init
                0x00000000000063de      0x1dc ./sdk/Peripheral/ch32v30x_tim.o
                0x00000000000063de                TIM_OC3Init
 .text.TIM_OC4Init
                0x00000000000065ba      0x176 ./sdk/Peripheral/ch32v30x_tim.o
                0x00000000000065ba                TIM_OC4Init
 .text.TIM_TimeBaseStructInit
                0x0000000000006730       0x3c ./sdk/Peripheral/ch32v30x_tim.o
                0x0000000000006730                TIM_TimeBaseStructInit
 .text.TIM_Cmd  0x000000000000676c       0x58 ./sdk/Peripheral/ch32v30x_tim.o
                0x000000000000676c                TIM_Cmd
 .text.TIM_CtrlPWMOutputs
                0x00000000000067c4       0x60 ./sdk/Peripheral/ch32v30x_tim.o
                0x00000000000067c4                TIM_CtrlPWMOutputs
 .text.TIM_ITConfig
                0x0000000000006824       0x70 ./sdk/Peripheral/ch32v30x_tim.o
                0x0000000000006824                TIM_ITConfig
 .text.TIM_EncoderInterfaceConfig
                0x0000000000006894       0xd8 ./sdk/Peripheral/ch32v30x_tim.o
                0x0000000000006894                TIM_EncoderInterfaceConfig
 .text.TIM_OC1PreloadConfig
                0x000000000000696c       0x4c ./sdk/Peripheral/ch32v30x_tim.o
                0x000000000000696c                TIM_OC1PreloadConfig
 .text.TIM_OC2PreloadConfig
                0x00000000000069b8       0x5a ./sdk/Peripheral/ch32v30x_tim.o
                0x00000000000069b8                TIM_OC2PreloadConfig
 .text.TIM_OC3PreloadConfig
                0x0000000000006a12       0x4c ./sdk/Peripheral/ch32v30x_tim.o
                0x0000000000006a12                TIM_OC3PreloadConfig
 .text.TIM_OC4PreloadConfig
                0x0000000000006a5e       0x5a ./sdk/Peripheral/ch32v30x_tim.o
                0x0000000000006a5e                TIM_OC4PreloadConfig
 .text.TIM_OC1FastConfig
                0x0000000000006ab8       0x4c ./sdk/Peripheral/ch32v30x_tim.o
                0x0000000000006ab8                TIM_OC1FastConfig
 .text.TIM_OC2FastConfig
                0x0000000000006b04       0x56 ./sdk/Peripheral/ch32v30x_tim.o
                0x0000000000006b04                TIM_OC2FastConfig
 .text.TIM_OC3FastConfig
                0x0000000000006b5a       0x4c ./sdk/Peripheral/ch32v30x_tim.o
                0x0000000000006b5a                TIM_OC3FastConfig
 .text.TIM_OC4FastConfig
                0x0000000000006ba6       0x56 ./sdk/Peripheral/ch32v30x_tim.o
                0x0000000000006ba6                TIM_OC4FastConfig
 .text.TIM_GetITStatus
                0x0000000000006bfc       0x70 ./sdk/Peripheral/ch32v30x_tim.o
                0x0000000000006bfc                TIM_GetITStatus
 .text.TIM_ClearITPendingBit
                0x0000000000006c6c       0x2e ./sdk/Peripheral/ch32v30x_tim.o
                0x0000000000006c6c                TIM_ClearITPendingBit
 .text.USART_Init
                0x0000000000006c9a      0x234 ./sdk/Peripheral/ch32v30x_usart.o
                0x0000000000006c9a                USART_Init
 .text.USART_Cmd
                0x0000000000006ece       0x60 ./sdk/Peripheral/ch32v30x_usart.o
                0x0000000000006ece                USART_Cmd
 .text.USART_ITConfig
                0x0000000000006f2e       0xc4 ./sdk/Peripheral/ch32v30x_usart.o
                0x0000000000006f2e                USART_ITConfig
 .text.USART_SendData
                0x0000000000006ff2       0x2e ./sdk/Peripheral/ch32v30x_usart.o
                0x0000000000006ff2                USART_SendData
 .text.USART_ReceiveData
                0x0000000000007020       0x26 ./sdk/Peripheral/ch32v30x_usart.o
                0x0000000000007020                USART_ReceiveData
 .text.USART_GetFlagStatus
                0x0000000000007046       0x46 ./sdk/Peripheral/ch32v30x_usart.o
                0x0000000000007046                USART_GetFlagStatus
 .text.USART_GetITStatus
                0x000000000000708c      0x102 ./sdk/Peripheral/ch32v30x_usart.o
                0x000000000000708c                USART_GetITStatus
 .text.USART_ClearITPendingBit
                0x000000000000718e       0x4e ./sdk/Peripheral/ch32v30x_usart.o
                0x000000000000718e                USART_ClearITPendingBit
 .text.DevEP1_IN_Deal
                0x00000000000071dc       0x3e ./sdk/Peripheral/ch32v30x_usbotg_device.o
                0x00000000000071dc                DevEP1_IN_Deal
 .text.DevEP2_IN_Deal
                0x000000000000721a       0x3e ./sdk/Peripheral/ch32v30x_usbotg_device.o
                0x000000000000721a                DevEP2_IN_Deal
 .text.DevEP1_OUT_Deal
                0x0000000000007258       0x66 ./sdk/Peripheral/ch32v30x_usbotg_device.o
                0x0000000000007258                DevEP1_OUT_Deal
 .text.DevEP2_OUT_Deal
                0x00000000000072be       0x66 ./sdk/Peripheral/ch32v30x_usbotg_device.o
                0x00000000000072be                DevEP2_OUT_Deal
 .text.OTG_FS_IRQHandler
                0x0000000000007324      0xcc4 ./sdk/Peripheral/ch32v30x_usbotg_device.o
                0x0000000000007324                OTG_FS_IRQHandler
 .text.Adc_Init
                0x0000000000007fe8       0x5a ./code/Adc.o
                0x0000000000007fe8                Adc_Init
 .text.Sonar_Adc_Get
                0x0000000000008042      0x12e ./code/Adc.o
                0x0000000000008042                Sonar_Adc_Get
 .text.Transe_Sonar_Data
                0x0000000000008170      0x15c ./code/Adc.o
                0x0000000000008170                Transe_Sonar_Data
 .text.Beep_Init
                0x00000000000082cc       0x22 ./code/Beep.o
                0x00000000000082cc                Beep_Init
 .text.Beep_Set_ms
                0x00000000000082ee       0x56 ./code/Beep.o
                0x00000000000082ee                Beep_Set_ms
 .text.Dac_Init
                0x0000000000008344       0x32 ./code/Dac.o
                0x0000000000008344                Dac_Init
 .text.Encoder_Master_Init
                0x0000000000008376       0x32 ./code/Encoder.o
                0x0000000000008376                Encoder_Master_Init
 .text.Encoder_Master_Get
                0x00000000000083a8       0x4e ./code/Encoder.o
                0x00000000000083a8                Encoder_Master_Get
 .text.Encoder_Left_Get
                0x00000000000083f6       0x12 ./code/Encoder.o
                0x00000000000083f6                Encoder_Left_Get
 .text.Encoder_Right_Get
                0x0000000000008408       0x16 ./code/Encoder.o
                0x0000000000008408                Encoder_Right_Get
 .text.Key_Init
                0x000000000000841e       0x48 ./code/Key.o
                0x000000000000841e                Key_Init
 .text.Menu     0x0000000000008466       0x64 ./code/Menu.o
                0x0000000000008466                Menu
 .text.Menu_Home_Page
                0x00000000000084ca       0xfe ./code/Menu.o
                0x00000000000084ca                Menu_Home_Page
 .text.Menu_Parameter_Page
                0x00000000000085c8      0x2b0 ./code/Menu.o
                0x00000000000085c8                Menu_Parameter_Page
 .text.Menu_Sonars_Page
                0x0000000000008878      0x1a6 ./code/Menu.o
                0x0000000000008878                Menu_Sonars_Page
 .text.Menu_Debug_Page
                0x0000000000008a1e      0x1be ./code/Menu.o
                0x0000000000008a1e                Menu_Debug_Page
 .text.Menu_Adc_Page
                0x0000000000008bdc       0xe6 ./code/Menu.o
                0x0000000000008bdc                Menu_Adc_Page
 .text.Menu_Control_Page
                0x0000000000008cc2      0x1b6 ./code/Menu.o
                0x0000000000008cc2                Menu_Control_Page
 .text.Motor_All_Init
                0x0000000000008e78       0x4e ./code/Motor.o
                0x0000000000008e78                Motor_All_Init
 .text.Motor_Set_Duty
                0x0000000000008ec6       0x9e ./code/Motor.o
                0x0000000000008ec6                Motor_Set_Duty
 .text.Motor_Speed_Limit
                0x0000000000008f64       0x70 ./code/Motor.o
                0x0000000000008f64                Motor_Speed_Limit
 .text.Moter_Move
                0x0000000000008fd4       0x7a ./code/Motor.o
                0x0000000000008fd4                Moter_Move
 .text.Motor_Set_Expect_Speed
                0x000000000000904e       0x86 ./code/Motor.o
                0x000000000000904e                Motor_Set_Expect_Speed
 .text.Motor_Set_Speed
                0x00000000000090d4       0x30 ./code/Motor.o
                0x00000000000090d4                Motor_Set_Speed
 .text.Motor_Control
                0x0000000000009104       0x30 ./code/Motor.o
                0x0000000000009104                Motor_Control
 .text.PID_INIT
                0x0000000000009134       0x46 ./code/PID.o
                0x0000000000009134                PID_INIT
 .text.ALLPID_INIT
                0x000000000000917a       0x2a ./code/PID.o
                0x000000000000917a                ALLPID_INIT
 .text.PID_Control
                0x00000000000091a4       0x92 ./code/PID.o
                0x00000000000091a4                PID_Control
 .text.Robot_Communite_Init
                0x0000000000009236       0x3a ./code/Robot_Communite.o
                0x0000000000009236                Robot_Communite_Init
 .text.Add_Checksum
                0x0000000000009270       0x6c ./code/Robot_Communite.o
                0x0000000000009270                Add_Checksum
 .text.Add_SIP_Info
                0x00000000000092dc      0x292 ./code/Robot_Communite.o
                0x00000000000092dc                Add_SIP_Info
 .text.Add_IO_Info
                0x000000000000956e       0xe2 ./code/Robot_Communite.o
                0x000000000000956e                Add_IO_Info
 .text.Receive_Sip
                0x0000000000009650      0x118 ./code/Robot_Communite.o
                0x0000000000009650                Receive_Sip
 .text.Start_Robot_Connection_Sync
                0x0000000000009768      0x1a8 ./code/Robot_Communite.o
                0x0000000000009768                Start_Robot_Connection_Sync
 .text.Keep_Robot_Communite
                0x0000000000009910      0x1be ./code/Robot_Communite.o
                0x0000000000009910                Keep_Robot_Communite
 .text.Send_Info
                0x0000000000009ace       0x70 ./code/Robot_Communite.o
                0x0000000000009ace                Send_Info
 .text.USART2_IRQHandler
                0x0000000000009b3e       0xba ./code/Robot_Communite.o
                0x0000000000009b3e                USART2_IRQHandler
 .text.CalcPos  0x0000000000009bf8      0x42e ./code/Style.o
                0x0000000000009bf8                CalcPos
 .text.Calc_Check_Sum
                0x000000000000a026       0xb6 ./code/Util.o
                0x000000000000a026                Calc_Check_Sum
 .text.Clear_Sip_Data
                0x000000000000a0dc       0xac ./code/Util.o
                0x000000000000a0dc                Clear_Sip_Data
 .text.cos      0x000000000000a188       0x92 d:/mounriver/mounriver_studio/toolchain/risc-v embedded gcc/bin/../lib/gcc/riscv-none-embed/8.2.0/../../../../riscv-none-embed/lib/rv32imafc/ilp32f\libm.a(lib_a-s_cos.o)
                0x000000000000a188                cos
 .text.sin      0x000000000000a21a       0x94 d:/mounriver/mounriver_studio/toolchain/risc-v embedded gcc/bin/../lib/gcc/riscv-none-embed/8.2.0/../../../../riscv-none-embed/lib/rv32imafc/ilp32f\libm.a(lib_a-s_sin.o)
                0x000000000000a21a                sin
 .text.exp      0x000000000000a2ae      0x108 d:/mounriver/mounriver_studio/toolchain/risc-v embedded gcc/bin/../lib/gcc/riscv-none-embed/8.2.0/../../../../riscv-none-embed/lib/rv32imafc/ilp32f\libm.a(lib_a-w_exp.o)
                0x000000000000a2ae                exp
 .text.pow      0x000000000000a3b6      0x326 d:/mounriver/mounriver_studio/toolchain/risc-v embedded gcc/bin/../lib/gcc/riscv-none-embed/8.2.0/../../../../riscv-none-embed/lib/rv32imafc/ilp32f\libm.a(lib_a-w_pow.o)
                0x000000000000a3b6                pow
 .text.__ieee754_exp
                0x000000000000a6dc      0x3f2 d:/mounriver/mounriver_studio/toolchain/risc-v embedded gcc/bin/../lib/gcc/riscv-none-embed/8.2.0/../../../../riscv-none-embed/lib/rv32imafc/ilp32f\libm.a(lib_a-e_exp.o)
                0x000000000000a6dc                __ieee754_exp
 .text.__ieee754_pow
                0x000000000000aace      0xad8 d:/mounriver/mounriver_studio/toolchain/risc-v embedded gcc/bin/../lib/gcc/riscv-none-embed/8.2.0/../../../../riscv-none-embed/lib/rv32imafc/ilp32f\libm.a(lib_a-e_pow.o)
                0x000000000000aace                __ieee754_pow
 .text.__ieee754_rem_pio2
                0x000000000000b5a6      0x466 d:/mounriver/mounriver_studio/toolchain/risc-v embedded gcc/bin/../lib/gcc/riscv-none-embed/8.2.0/../../../../riscv-none-embed/lib/rv32imafc/ilp32f\libm.a(lib_a-e_rem_pio2.o)
                0x000000000000b5a6                __ieee754_rem_pio2
 .text.__ieee754_sqrt
                0x000000000000ba0c      0x1d6 d:/mounriver/mounriver_studio/toolchain/risc-v embedded gcc/bin/../lib/gcc/riscv-none-embed/8.2.0/../../../../riscv-none-embed/lib/rv32imafc/ilp32f\libm.a(lib_a-e_sqrt.o)
                0x000000000000ba0c                __ieee754_sqrt
 .text.__kernel_cos
                0x000000000000bbe2      0x2b8 d:/mounriver/mounriver_studio/toolchain/risc-v embedded gcc/bin/../lib/gcc/riscv-none-embed/8.2.0/../../../../riscv-none-embed/lib/rv32imafc/ilp32f\libm.a(lib_a-k_cos.o)
                0x000000000000bbe2                __kernel_cos
 .text.__kernel_rem_pio2
                0x000000000000be9a      0x954 d:/mounriver/mounriver_studio/toolchain/risc-v embedded gcc/bin/../lib/gcc/riscv-none-embed/8.2.0/../../../../riscv-none-embed/lib/rv32imafc/ilp32f\libm.a(lib_a-k_rem_pio2.o)
                0x000000000000be9a                __kernel_rem_pio2
 .text.__kernel_sin
                0x000000000000c7ee      0x192 d:/mounriver/mounriver_studio/toolchain/risc-v embedded gcc/bin/../lib/gcc/riscv-none-embed/8.2.0/../../../../riscv-none-embed/lib/rv32imafc/ilp32f\libm.a(lib_a-k_sin.o)
                0x000000000000c7ee                __kernel_sin
 .text.fabs     0x000000000000c980        0x6 d:/mounriver/mounriver_studio/toolchain/risc-v embedded gcc/bin/../lib/gcc/riscv-none-embed/8.2.0/../../../../riscv-none-embed/lib/rv32imafc/ilp32f\libm.a(lib_a-s_fabs.o)
                0x000000000000c980                fabs
 .text.finite   0x000000000000c986        0xe d:/mounriver/mounriver_studio/toolchain/risc-v embedded gcc/bin/../lib/gcc/riscv-none-embed/8.2.0/../../../../riscv-none-embed/lib/rv32imafc/ilp32f\libm.a(lib_a-s_finite.o)
                0x000000000000c986                finite
 .text.floor    0x000000000000c994      0x150 d:/mounriver/mounriver_studio/toolchain/risc-v embedded gcc/bin/../lib/gcc/riscv-none-embed/8.2.0/../../../../riscv-none-embed/lib/rv32imafc/ilp32f\libm.a(lib_a-s_floor.o)
                0x000000000000c994                floor
 .text.matherr  0x000000000000cae4        0x4 d:/mounriver/mounriver_studio/toolchain/risc-v embedded gcc/bin/../lib/gcc/riscv-none-embed/8.2.0/../../../../riscv-none-embed/lib/rv32imafc/ilp32f\libm.a(lib_a-s_matherr.o)
                0x000000000000cae4                matherr
 .text.nan      0x000000000000cae8        0xe d:/mounriver/mounriver_studio/toolchain/risc-v embedded gcc/bin/../lib/gcc/riscv-none-embed/8.2.0/../../../../riscv-none-embed/lib/rv32imafc/ilp32f\libm.a(lib_a-s_nan.o)
                0x000000000000cae8                nan
 .text.rint     0x000000000000caf6      0x186 d:/mounriver/mounriver_studio/toolchain/risc-v embedded gcc/bin/../lib/gcc/riscv-none-embed/8.2.0/../../../../riscv-none-embed/lib/rv32imafc/ilp32f\libm.a(lib_a-s_rint.o)
                0x000000000000caf6                rint
 .text.scalbn   0x000000000000cc7c      0x13e d:/mounriver/mounriver_studio/toolchain/risc-v embedded gcc/bin/../lib/gcc/riscv-none-embed/8.2.0/../../../../riscv-none-embed/lib/rv32imafc/ilp32f\libm.a(lib_a-s_scalbn.o)
                0x000000000000cc7c                scalbn
 .text.copysign
                0x000000000000cdba       0x16 d:/mounriver/mounriver_studio/toolchain/risc-v embedded gcc/bin/../lib/gcc/riscv-none-embed/8.2.0/../../../../riscv-none-embed/lib/rv32imafc/ilp32f\libm.a(lib_a-s_copysign.o)
                0x000000000000cdba                copysign
 .text.__adddf3
                0x000000000000cdd0      0xa0e d:/mounriver/mounriver_studio/toolchain/risc-v embedded gcc/bin/../lib/gcc/riscv-none-embed/8.2.0/rv32imafc/ilp32f\libgcc.a(adddf3.o)
                0x000000000000cdd0                __adddf3
 .text.__divdf3
                0x000000000000d7de      0x7ea d:/mounriver/mounriver_studio/toolchain/risc-v embedded gcc/bin/../lib/gcc/riscv-none-embed/8.2.0/rv32imafc/ilp32f\libgcc.a(divdf3.o)
                0x000000000000d7de                __divdf3
 .text.__eqdf2  0x000000000000dfc8       0x98 d:/mounriver/mounriver_studio/toolchain/risc-v embedded gcc/bin/../lib/gcc/riscv-none-embed/8.2.0/rv32imafc/ilp32f\libgcc.a(eqdf2.o)
                0x000000000000dfc8                __nedf2
                0x000000000000dfc8                __eqdf2
 .text.__gedf2  0x000000000000e060       0xb6 d:/mounriver/mounriver_studio/toolchain/risc-v embedded gcc/bin/../lib/gcc/riscv-none-embed/8.2.0/rv32imafc/ilp32f\libgcc.a(gedf2.o)
                0x000000000000e060                __gedf2
                0x000000000000e060                __gtdf2
 .text.__ledf2  0x000000000000e116       0xb6 d:/mounriver/mounriver_studio/toolchain/risc-v embedded gcc/bin/../lib/gcc/riscv-none-embed/8.2.0/rv32imafc/ilp32f\libgcc.a(ledf2.o)
                0x000000000000e116                __ledf2
                0x000000000000e116                __ltdf2
 .text.__muldf3
                0x000000000000e1cc      0x656 d:/mounriver/mounriver_studio/toolchain/risc-v embedded gcc/bin/../lib/gcc/riscv-none-embed/8.2.0/rv32imafc/ilp32f\libgcc.a(muldf3.o)
                0x000000000000e1cc                __muldf3
 .text.__subdf3
                0x000000000000e822      0xa8c d:/mounriver/mounriver_studio/toolchain/risc-v embedded gcc/bin/../lib/gcc/riscv-none-embed/8.2.0/rv32imafc/ilp32f\libgcc.a(subdf3.o)
                0x000000000000e822                __subdf3
 .text.__unorddf2
                0x000000000000f2ae       0x7c d:/mounriver/mounriver_studio/toolchain/risc-v embedded gcc/bin/../lib/gcc/riscv-none-embed/8.2.0/rv32imafc/ilp32f\libgcc.a(unorddf2.o)
                0x000000000000f2ae                __unorddf2
 .text.__fixdfsi
                0x000000000000f32a       0xd8 d:/mounriver/mounriver_studio/toolchain/risc-v embedded gcc/bin/../lib/gcc/riscv-none-embed/8.2.0/rv32imafc/ilp32f\libgcc.a(fixdfsi.o)
                0x000000000000f32a                __fixdfsi
 .text.__floatsidf
                0x000000000000f402       0x70 d:/mounriver/mounriver_studio/toolchain/risc-v embedded gcc/bin/../lib/gcc/riscv-none-embed/8.2.0/rv32imafc/ilp32f\libgcc.a(floatsidf.o)
                0x000000000000f402                __floatsidf
 .text.__extendsfdf2
                0x000000000000f472       0xe8 d:/mounriver/mounriver_studio/toolchain/risc-v embedded gcc/bin/../lib/gcc/riscv-none-embed/8.2.0/rv32imafc/ilp32f\libgcc.a(extendsfdf2.o)
                0x000000000000f472                __extendsfdf2
 .text.__truncdfsf2
                0x000000000000f55a      0x31e d:/mounriver/mounriver_studio/toolchain/risc-v embedded gcc/bin/../lib/gcc/riscv-none-embed/8.2.0/rv32imafc/ilp32f\libgcc.a(truncdfsf2.o)
                0x000000000000f55a                __truncdfsf2
 .text.__clzsi2
                0x000000000000f878       0x76 d:/mounriver/mounriver_studio/toolchain/risc-v embedded gcc/bin/../lib/gcc/riscv-none-embed/8.2.0/rv32imafc/ilp32f\libgcc.a(_clzsi2.o)
                0x000000000000f878                __clzsi2
 .text.__errno  0x000000000000f8ee        0x8 d:/mounriver/mounriver_studio/toolchain/risc-v embedded gcc/bin/../lib/gcc/riscv-none-embed/8.2.0/../../../../riscv-none-embed/lib/rv32imafc/ilp32f\libg_nano.a(lib_a-errno.o)
                0x000000000000f8ee                __errno
 .text.memcpy   0x000000000000f8f6       0xb6 d:/mounriver/mounriver_studio/toolchain/risc-v embedded gcc/bin/../lib/gcc/riscv-none-embed/8.2.0/../../../../riscv-none-embed/lib/rv32imafc/ilp32f\libg_nano.a(lib_a-memcpy.o)
                0x000000000000f8f6                memcpy
 .text.__cvt    0x000000000000f9ac       0xee d:/mounriver/mounriver_studio/toolchain/risc-v embedded gcc/bin/../lib/gcc/riscv-none-embed/8.2.0/../../../../riscv-none-embed/lib/rv32imafc/ilp32f\libg_nano.a(lib_a-nano-vfprintf_float.o)
                0x000000000000f9ac                __cvt
 .text.__exponent
                0x000000000000fa9a       0x8c d:/mounriver/mounriver_studio/toolchain/risc-v embedded gcc/bin/../lib/gcc/riscv-none-embed/8.2.0/../../../../riscv-none-embed/lib/rv32imafc/ilp32f\libg_nano.a(lib_a-nano-vfprintf_float.o)
                0x000000000000fa9a                __exponent
 .text._printf_float
                0x000000000000fb26      0x4c4 d:/mounriver/mounriver_studio/toolchain/risc-v embedded gcc/bin/../lib/gcc/riscv-none-embed/8.2.0/../../../../riscv-none-embed/lib/rv32imafc/ilp32f\libg_nano.a(lib_a-nano-vfprintf_float.o)
                0x000000000000fb26                _printf_float
 .text._printf_common
                0x000000000000ffea      0x10c d:/mounriver/mounriver_studio/toolchain/risc-v embedded gcc/bin/../lib/gcc/riscv-none-embed/8.2.0/../../../../riscv-none-embed/lib/rv32imafc/ilp32f\libg_nano.a(lib_a-nano-vfprintf_i.o)
                0x000000000000ffea                _printf_common
 .text._printf_i
                0x00000000000100f6      0x2a6 d:/mounriver/mounriver_studio/toolchain/risc-v embedded gcc/bin/../lib/gcc/riscv-none-embed/8.2.0/../../../../riscv-none-embed/lib/rv32imafc/ilp32f\libg_nano.a(lib_a-nano-vfprintf_i.o)
                0x00000000000100f6                _printf_i
 .text.printf   0x000000000001039c       0x42 d:/mounriver/mounriver_studio/toolchain/risc-v embedded gcc/bin/../lib/gcc/riscv-none-embed/8.2.0/../../../../riscv-none-embed/lib/rv32imafc/ilp32f\libg_nano.a(lib_a-printf.o)
                0x000000000001039c                iprintf
                0x000000000001039c                printf
 .text.sprintf  0x00000000000103de       0x46 d:/mounriver/mounriver_studio/toolchain/risc-v embedded gcc/bin/../lib/gcc/riscv-none-embed/8.2.0/../../../../riscv-none-embed/lib/rv32imafc/ilp32f\libg_nano.a(lib_a-sprintf.o)
                0x00000000000103de                siprintf
                0x00000000000103de                sprintf
 .text.strlen   0x0000000000010424       0x12 d:/mounriver/mounriver_studio/toolchain/risc-v embedded gcc/bin/../lib/gcc/riscv-none-embed/8.2.0/../../../../riscv-none-embed/lib/rv32imafc/ilp32f\libg_nano.a(lib_a-strlen.o)
                0x0000000000010424                strlen
 .text.__swbuf_r
                0x0000000000010436       0xc6 d:/mounriver/mounriver_studio/toolchain/risc-v embedded gcc/bin/../lib/gcc/riscv-none-embed/8.2.0/../../../../riscv-none-embed/lib/rv32imafc/ilp32f\libg_nano.a(lib_a-wbuf.o)
                0x0000000000010436                __swbuf_r
 .text.__swsetup_r
                0x00000000000104fc      0x112 d:/mounriver/mounriver_studio/toolchain/risc-v embedded gcc/bin/../lib/gcc/riscv-none-embed/8.2.0/../../../../riscv-none-embed/lib/rv32imafc/ilp32f\libg_nano.a(lib_a-wsetup.o)
                0x00000000000104fc                __swsetup_r
 .text.quorem   0x000000000001060e      0x13a d:/mounriver/mounriver_studio/toolchain/risc-v embedded gcc/bin/../lib/gcc/riscv-none-embed/8.2.0/../../../../riscv-none-embed/lib/rv32imafc/ilp32f\libg_nano.a(lib_a-dtoa.o)
 .text._dtoa_r  0x0000000000010748      0xc02 d:/mounriver/mounriver_studio/toolchain/risc-v embedded gcc/bin/../lib/gcc/riscv-none-embed/8.2.0/../../../../riscv-none-embed/lib/rv32imafc/ilp32f\libg_nano.a(lib_a-dtoa.o)
                0x0000000000010748                _dtoa_r
 .text.__sflush_r
                0x000000000001134a      0x13e d:/mounriver/mounriver_studio/toolchain/risc-v embedded gcc/bin/../lib/gcc/riscv-none-embed/8.2.0/../../../../riscv-none-embed/lib/rv32imafc/ilp32f\libg_nano.a(lib_a-fflush.o)
                0x000000000001134a                __sflush_r
 .text._fflush_r
                0x0000000000011488       0x66 d:/mounriver/mounriver_studio/toolchain/risc-v embedded gcc/bin/../lib/gcc/riscv-none-embed/8.2.0/../../../../riscv-none-embed/lib/rv32imafc/ilp32f\libg_nano.a(lib_a-fflush.o)
                0x0000000000011488                _fflush_r
 .text.std      0x00000000000114ee       0x6a d:/mounriver/mounriver_studio/toolchain/risc-v embedded gcc/bin/../lib/gcc/riscv-none-embed/8.2.0/../../../../riscv-none-embed/lib/rv32imafc/ilp32f\libg_nano.a(lib_a-findfp.o)
 .text._cleanup_r
                0x0000000000011558        0xa d:/mounriver/mounriver_studio/toolchain/risc-v embedded gcc/bin/../lib/gcc/riscv-none-embed/8.2.0/../../../../riscv-none-embed/lib/rv32imafc/ilp32f\libg_nano.a(lib_a-findfp.o)
                0x0000000000011558                _cleanup_r
 .text.__sfmoreglue
                0x0000000000011562       0x48 d:/mounriver/mounriver_studio/toolchain/risc-v embedded gcc/bin/../lib/gcc/riscv-none-embed/8.2.0/../../../../riscv-none-embed/lib/rv32imafc/ilp32f\libg_nano.a(lib_a-findfp.o)
                0x0000000000011562                __sfmoreglue
 .text.__sinit  0x00000000000115aa       0x6c d:/mounriver/mounriver_studio/toolchain/risc-v embedded gcc/bin/../lib/gcc/riscv-none-embed/8.2.0/../../../../riscv-none-embed/lib/rv32imafc/ilp32f\libg_nano.a(lib_a-findfp.o)
                0x00000000000115aa                __sinit
 .text.__sfp    0x0000000000011616       0xa0 d:/mounriver/mounriver_studio/toolchain/risc-v embedded gcc/bin/../lib/gcc/riscv-none-embed/8.2.0/../../../../riscv-none-embed/lib/rv32imafc/ilp32f\libg_nano.a(lib_a-findfp.o)
                0x0000000000011616                __sfp
 .text._fwalk_reent
                0x00000000000116b6       0x6c d:/mounriver/mounriver_studio/toolchain/risc-v embedded gcc/bin/../lib/gcc/riscv-none-embed/8.2.0/../../../../riscv-none-embed/lib/rv32imafc/ilp32f\libg_nano.a(lib_a-fwalk.o)
                0x00000000000116b6                _fwalk_reent
 .text._localeconv_r
                0x0000000000011722       0x18 d:/mounriver/mounriver_studio/toolchain/risc-v embedded gcc/bin/../lib/gcc/riscv-none-embed/8.2.0/../../../../riscv-none-embed/lib/rv32imafc/ilp32f\libg_nano.a(lib_a-localeconv.o)
                0x0000000000011722                _localeconv_r
 .text.__swhatbuf_r
                0x000000000001173a       0x5a d:/mounriver/mounriver_studio/toolchain/risc-v embedded gcc/bin/../lib/gcc/riscv-none-embed/8.2.0/../../../../riscv-none-embed/lib/rv32imafc/ilp32f\libg_nano.a(lib_a-makebuf.o)
                0x000000000001173a                __swhatbuf_r
 .text.__smakebuf_r
                0x0000000000011794       0xa2 d:/mounriver/mounriver_studio/toolchain/risc-v embedded gcc/bin/../lib/gcc/riscv-none-embed/8.2.0/../../../../riscv-none-embed/lib/rv32imafc/ilp32f\libg_nano.a(lib_a-makebuf.o)
                0x0000000000011794                __smakebuf_r
 .text.malloc   0x0000000000011836        0xc d:/mounriver/mounriver_studio/toolchain/risc-v embedded gcc/bin/../lib/gcc/riscv-none-embed/8.2.0/../../../../riscv-none-embed/lib/rv32imafc/ilp32f\libg_nano.a(lib_a-malloc.o)
                0x0000000000011836                malloc
 .text.memchr   0x0000000000011842       0x1a d:/mounriver/mounriver_studio/toolchain/risc-v embedded gcc/bin/../lib/gcc/riscv-none-embed/8.2.0/../../../../riscv-none-embed/lib/rv32imafc/ilp32f\libg_nano.a(lib_a-memchr.o)
                0x0000000000011842                memchr
 .text._Balloc  0x000000000001185c       0x88 d:/mounriver/mounriver_studio/toolchain/risc-v embedded gcc/bin/../lib/gcc/riscv-none-embed/8.2.0/../../../../riscv-none-embed/lib/rv32imafc/ilp32f\libg_nano.a(lib_a-mprec.o)
                0x000000000001185c                _Balloc
 .text._Bfree   0x00000000000118e4       0x44 d:/mounriver/mounriver_studio/toolchain/risc-v embedded gcc/bin/../lib/gcc/riscv-none-embed/8.2.0/../../../../riscv-none-embed/lib/rv32imafc/ilp32f\libg_nano.a(lib_a-mprec.o)
                0x00000000000118e4                _Bfree
 .text.__multadd
                0x0000000000011928       0x98 d:/mounriver/mounriver_studio/toolchain/risc-v embedded gcc/bin/../lib/gcc/riscv-none-embed/8.2.0/../../../../riscv-none-embed/lib/rv32imafc/ilp32f\libg_nano.a(lib_a-mprec.o)
                0x0000000000011928                __multadd
 .text.__hi0bits
                0x00000000000119c0       0x46 d:/mounriver/mounriver_studio/toolchain/risc-v embedded gcc/bin/../lib/gcc/riscv-none-embed/8.2.0/../../../../riscv-none-embed/lib/rv32imafc/ilp32f\libg_nano.a(lib_a-mprec.o)
                0x00000000000119c0                __hi0bits
 .text.__lo0bits
                0x0000000000011a06       0x6a d:/mounriver/mounriver_studio/toolchain/risc-v embedded gcc/bin/../lib/gcc/riscv-none-embed/8.2.0/../../../../riscv-none-embed/lib/rv32imafc/ilp32f\libg_nano.a(lib_a-mprec.o)
                0x0000000000011a06                __lo0bits
 .text.__i2b    0x0000000000011a70       0x1c d:/mounriver/mounriver_studio/toolchain/risc-v embedded gcc/bin/../lib/gcc/riscv-none-embed/8.2.0/../../../../riscv-none-embed/lib/rv32imafc/ilp32f\libg_nano.a(lib_a-mprec.o)
                0x0000000000011a70                __i2b
 .text.__multiply
                0x0000000000011a8c      0x144 d:/mounriver/mounriver_studio/toolchain/risc-v embedded gcc/bin/../lib/gcc/riscv-none-embed/8.2.0/../../../../riscv-none-embed/lib/rv32imafc/ilp32f\libg_nano.a(lib_a-mprec.o)
                0x0000000000011a8c                __multiply
 .text.__pow5mult
                0x0000000000011bd0       0xbe d:/mounriver/mounriver_studio/toolchain/risc-v embedded gcc/bin/../lib/gcc/riscv-none-embed/8.2.0/../../../../riscv-none-embed/lib/rv32imafc/ilp32f\libg_nano.a(lib_a-mprec.o)
                0x0000000000011bd0                __pow5mult
 .text.__lshift
                0x0000000000011c8e       0xce d:/mounriver/mounriver_studio/toolchain/risc-v embedded gcc/bin/../lib/gcc/riscv-none-embed/8.2.0/../../../../riscv-none-embed/lib/rv32imafc/ilp32f\libg_nano.a(lib_a-mprec.o)
                0x0000000000011c8e                __lshift
 .text.__mcmp   0x0000000000011d5c       0x32 d:/mounriver/mounriver_studio/toolchain/risc-v embedded gcc/bin/../lib/gcc/riscv-none-embed/8.2.0/../../../../riscv-none-embed/lib/rv32imafc/ilp32f\libg_nano.a(lib_a-mprec.o)
                0x0000000000011d5c                __mcmp
 .text.__mdiff  0x0000000000011d8e       0xf2 d:/mounriver/mounriver_studio/toolchain/risc-v embedded gcc/bin/../lib/gcc/riscv-none-embed/8.2.0/../../../../riscv-none-embed/lib/rv32imafc/ilp32f\libg_nano.a(lib_a-mprec.o)
                0x0000000000011d8e                __mdiff
 .text.__d2b    0x0000000000011e80       0xd4 d:/mounriver/mounriver_studio/toolchain/risc-v embedded gcc/bin/../lib/gcc/riscv-none-embed/8.2.0/../../../../riscv-none-embed/lib/rv32imafc/ilp32f\libg_nano.a(lib_a-mprec.o)
                0x0000000000011e80                __d2b
 .text._calloc_r
                0x0000000000011f54       0x26 d:/mounriver/mounriver_studio/toolchain/risc-v embedded gcc/bin/../lib/gcc/riscv-none-embed/8.2.0/../../../../riscv-none-embed/lib/rv32imafc/ilp32f\libg_nano.a(lib_a-nano-callocr.o)
                0x0000000000011f54                _calloc_r
 .text._free_r  0x0000000000011f7a       0xa8 d:/mounriver/mounriver_studio/toolchain/risc-v embedded gcc/bin/../lib/gcc/riscv-none-embed/8.2.0/../../../../riscv-none-embed/lib/rv32imafc/ilp32f\libg_nano.a(lib_a-nano-freer.o)
                0x0000000000011f7a                _free_r
 .text._malloc_r
                0x0000000000012022       0xd4 d:/mounriver/mounriver_studio/toolchain/risc-v embedded gcc/bin/../lib/gcc/riscv-none-embed/8.2.0/../../../../riscv-none-embed/lib/rv32imafc/ilp32f\libg_nano.a(lib_a-nano-mallocr.o)
                0x0000000000012022                _malloc_r
 .text.__ssputs_r
                0x00000000000120f6       0xee d:/mounriver/mounriver_studio/toolchain/risc-v embedded gcc/bin/../lib/gcc/riscv-none-embed/8.2.0/../../../../riscv-none-embed/lib/rv32imafc/ilp32f\libg_nano.a(lib_a-nano-svfprintf.o)
                0x00000000000120f6                __ssputs_r
 .text._svfprintf_r
                0x00000000000121e4      0x27e d:/mounriver/mounriver_studio/toolchain/risc-v embedded gcc/bin/../lib/gcc/riscv-none-embed/8.2.0/../../../../riscv-none-embed/lib/rv32imafc/ilp32f\libg_nano.a(lib_a-nano-svfprintf.o)
                0x00000000000121e4                _svfiprintf_r
                0x00000000000121e4                _svfprintf_r
 .text.__sfputc_r
                0x0000000000012462       0x2a d:/mounriver/mounriver_studio/toolchain/risc-v embedded gcc/bin/../lib/gcc/riscv-none-embed/8.2.0/../../../../riscv-none-embed/lib/rv32imafc/ilp32f\libg_nano.a(lib_a-nano-vfprintf.o)
 .text.__sfputs_r
                0x000000000001248c       0x44 d:/mounriver/mounriver_studio/toolchain/risc-v embedded gcc/bin/../lib/gcc/riscv-none-embed/8.2.0/../../../../riscv-none-embed/lib/rv32imafc/ilp32f\libg_nano.a(lib_a-nano-vfprintf.o)
                0x000000000001248c                __sfputs_r
 .text._vfprintf_r
                0x00000000000124d0      0x2a0 d:/mounriver/mounriver_studio/toolchain/risc-v embedded gcc/bin/../lib/gcc/riscv-none-embed/8.2.0/../../../../riscv-none-embed/lib/rv32imafc/ilp32f\libg_nano.a(lib_a-nano-vfprintf.o)
                0x00000000000124d0                _vfprintf_r
                0x00000000000124d0                _vfiprintf_r
 .text._sbrk_r  0x0000000000012770       0x2a d:/mounriver/mounriver_studio/toolchain/risc-v embedded gcc/bin/../lib/gcc/riscv-none-embed/8.2.0/../../../../riscv-none-embed/lib/rv32imafc/ilp32f\libg_nano.a(lib_a-sbrkr.o)
                0x0000000000012770                _sbrk_r
 .text.__sread  0x000000000001279a       0x30 d:/mounriver/mounriver_studio/toolchain/risc-v embedded gcc/bin/../lib/gcc/riscv-none-embed/8.2.0/../../../../riscv-none-embed/lib/rv32imafc/ilp32f\libg_nano.a(lib_a-stdio.o)
                0x000000000001279a                __sread
 .text.__swrite
                0x00000000000127ca       0x4e d:/mounriver/mounriver_studio/toolchain/risc-v embedded gcc/bin/../lib/gcc/riscv-none-embed/8.2.0/../../../../riscv-none-embed/lib/rv32imafc/ilp32f\libg_nano.a(lib_a-stdio.o)
                0x00000000000127ca                __swrite
 .text.__sseek  0x0000000000012818       0x36 d:/mounriver/mounriver_studio/toolchain/risc-v embedded gcc/bin/../lib/gcc/riscv-none-embed/8.2.0/../../../../riscv-none-embed/lib/rv32imafc/ilp32f\libg_nano.a(lib_a-stdio.o)
                0x0000000000012818                __sseek
 .text.__sclose
                0x000000000001284e        0x6 d:/mounriver/mounriver_studio/toolchain/risc-v embedded gcc/bin/../lib/gcc/riscv-none-embed/8.2.0/../../../../riscv-none-embed/lib/rv32imafc/ilp32f\libg_nano.a(lib_a-stdio.o)
                0x000000000001284e                __sclose
 .text._write_r
                0x0000000000012854       0x2e d:/mounriver/mounriver_studio/toolchain/risc-v embedded gcc/bin/../lib/gcc/riscv-none-embed/8.2.0/../../../../riscv-none-embed/lib/rv32imafc/ilp32f\libg_nano.a(lib_a-writer.o)
                0x0000000000012854                _write_r
 .text._close_r
                0x0000000000012882       0x28 d:/mounriver/mounriver_studio/toolchain/risc-v embedded gcc/bin/../lib/gcc/riscv-none-embed/8.2.0/../../../../riscv-none-embed/lib/rv32imafc/ilp32f\libg_nano.a(lib_a-closer.o)
                0x0000000000012882                _close_r
 .text._fstat_r
                0x00000000000128aa       0x2a d:/mounriver/mounriver_studio/toolchain/risc-v embedded gcc/bin/../lib/gcc/riscv-none-embed/8.2.0/../../../../riscv-none-embed/lib/rv32imafc/ilp32f\libg_nano.a(lib_a-fstatr.o)
                0x00000000000128aa                _fstat_r
 .text._isatty_r
                0x00000000000128d4       0x28 d:/mounriver/mounriver_studio/toolchain/risc-v embedded gcc/bin/../lib/gcc/riscv-none-embed/8.2.0/../../../../riscv-none-embed/lib/rv32imafc/ilp32f\libg_nano.a(lib_a-isattyr.o)
                0x00000000000128d4                _isatty_r
 .text._lseek_r
                0x00000000000128fc       0x2c d:/mounriver/mounriver_studio/toolchain/risc-v embedded gcc/bin/../lib/gcc/riscv-none-embed/8.2.0/../../../../riscv-none-embed/lib/rv32imafc/ilp32f\libg_nano.a(lib_a-lseekr.o)
                0x00000000000128fc                _lseek_r
 .text.__ascii_mbtowc
                0x0000000000012928       0x3a d:/mounriver/mounriver_studio/toolchain/risc-v embedded gcc/bin/../lib/gcc/riscv-none-embed/8.2.0/../../../../riscv-none-embed/lib/rv32imafc/ilp32f\libg_nano.a(lib_a-mbtowc_r.o)
                0x0000000000012928                __ascii_mbtowc
 .text.memmove  0x0000000000012962       0x4a d:/mounriver/mounriver_studio/toolchain/risc-v embedded gcc/bin/../lib/gcc/riscv-none-embed/8.2.0/../../../../riscv-none-embed/lib/rv32imafc/ilp32f\libg_nano.a(lib_a-memmove.o)
                0x0000000000012962                memmove
 .text.__malloc_lock
                0x00000000000129ac        0x2 d:/mounriver/mounriver_studio/toolchain/risc-v embedded gcc/bin/../lib/gcc/riscv-none-embed/8.2.0/../../../../riscv-none-embed/lib/rv32imafc/ilp32f\libg_nano.a(lib_a-mlock.o)
                0x00000000000129ac                __malloc_lock
 .text.__malloc_unlock
                0x00000000000129ae        0x2 d:/mounriver/mounriver_studio/toolchain/risc-v embedded gcc/bin/../lib/gcc/riscv-none-embed/8.2.0/../../../../riscv-none-embed/lib/rv32imafc/ilp32f\libg_nano.a(lib_a-mlock.o)
                0x00000000000129ae                __malloc_unlock
 .text._realloc_r
                0x00000000000129b0       0x58 d:/mounriver/mounriver_studio/toolchain/risc-v embedded gcc/bin/../lib/gcc/riscv-none-embed/8.2.0/../../../../riscv-none-embed/lib/rv32imafc/ilp32f\libg_nano.a(lib_a-nano-reallocr.o)
                0x00000000000129b0                _realloc_r
 .text._read_r  0x0000000000012a08       0x2c d:/mounriver/mounriver_studio/toolchain/risc-v embedded gcc/bin/../lib/gcc/riscv-none-embed/8.2.0/../../../../riscv-none-embed/lib/rv32imafc/ilp32f\libg_nano.a(lib_a-readr.o)
                0x0000000000012a08                _read_r
 .text.__ascii_wctomb
                0x0000000000012a34       0x20 d:/mounriver/mounriver_studio/toolchain/risc-v embedded gcc/bin/../lib/gcc/riscv-none-embed/8.2.0/../../../../riscv-none-embed/lib/rv32imafc/ilp32f\libg_nano.a(lib_a-wctomb_r.o)
                0x0000000000012a34                __ascii_wctomb
 .text._malloc_usable_size_r
                0x0000000000012a54       0x14 d:/mounriver/mounriver_studio/toolchain/risc-v embedded gcc/bin/../lib/gcc/riscv-none-embed/8.2.0/../../../../riscv-none-embed/lib/rv32imafc/ilp32f\libg_nano.a(lib_a-nano-msizer.o)
                0x0000000000012a54                _malloc_usable_size_r
 .text.__floatunsidf
                0x0000000000012a68       0x68 d:/mounriver/mounriver_studio/toolchain/risc-v embedded gcc/bin/../lib/gcc/riscv-none-embed/8.2.0/rv32imafc/ilp32f\libgcc.a(floatunsidf.o)
                0x0000000000012a68                __floatunsidf
 .text.__trunctfdf2
                0x0000000000012ad0      0x3d0 d:/mounriver/mounriver_studio/toolchain/risc-v embedded gcc/bin/../lib/gcc/riscv-none-embed/8.2.0/rv32imafc/ilp32f\libgcc.a(trunctfdf2.o)
                0x0000000000012ad0                __trunctfdf2
 .text._close   0x0000000000012ea0        0xc d:/mounriver/mounriver_studio/toolchain/risc-v embedded gcc/bin/../lib/gcc/riscv-none-embed/8.2.0/../../../../riscv-none-embed/lib/rv32imafc/ilp32f\libnosys.a(close.o)
                0x0000000000012ea0                _close
 .text._fstat   0x0000000000012eac        0xc d:/mounriver/mounriver_studio/toolchain/risc-v embedded gcc/bin/../lib/gcc/riscv-none-embed/8.2.0/../../../../riscv-none-embed/lib/rv32imafc/ilp32f\libnosys.a(fstat.o)
                0x0000000000012eac                _fstat
 .text._isatty  0x0000000000012eb8        0xc d:/mounriver/mounriver_studio/toolchain/risc-v embedded gcc/bin/../lib/gcc/riscv-none-embed/8.2.0/../../../../riscv-none-embed/lib/rv32imafc/ilp32f\libnosys.a(isatty.o)
                0x0000000000012eb8                _isatty
 .text._lseek   0x0000000000012ec4        0xc d:/mounriver/mounriver_studio/toolchain/risc-v embedded gcc/bin/../lib/gcc/riscv-none-embed/8.2.0/../../../../riscv-none-embed/lib/rv32imafc/ilp32f\libnosys.a(lseek.o)
                0x0000000000012ec4                _lseek
 .text._read    0x0000000000012ed0        0xc d:/mounriver/mounriver_studio/toolchain/risc-v embedded gcc/bin/../lib/gcc/riscv-none-embed/8.2.0/../../../../riscv-none-embed/lib/rv32imafc/ilp32f\libnosys.a(read.o)
                0x0000000000012ed0                _read
 .text._sbrk    0x0000000000012edc       0x20 d:/mounriver/mounriver_studio/toolchain/risc-v embedded gcc/bin/../lib/gcc/riscv-none-embed/8.2.0/../../../../riscv-none-embed/lib/rv32imafc/ilp32f\libnosys.a(sbrk.o)
                0x0000000000012edc                _sbrk
 *(.rodata)
 .rodata        0x0000000000012efc       0x67 ./zf_driver/zf_driver_adc.o
 *fill*         0x0000000000012f63        0x1 
 .rodata        0x0000000000012f64       0x6b ./zf_driver/zf_driver_encoder.o
 *fill*         0x0000000000012fcf        0x1 
 .rodata        0x0000000000012fd0       0x90 ./zf_driver/zf_driver_pit.o
 .rodata        0x0000000000013060       0x67 ./zf_driver/zf_driver_pwm.o
 *fill*         0x00000000000130c7        0x1 
 .rodata        0x00000000000130c8       0x7c ./zf_device/zf_device_ips200_parallel8.o
 .rodata        0x0000000000013144       0x7d ./zf_common/zf_common_debug.o
 *fill*         0x00000000000131c1        0x7 
 .rodata        0x00000000000131c8       0x18 ./zf_common/zf_common_function.o
 .rodata        0x00000000000131e0       0x41 ./sdk/Peripheral/ch32v30x_usbotg_device.o
 *fill*         0x0000000000013221        0x7 
 .rodata        0x0000000000013228       0x48 ./code/Adc.o
 .rodata        0x0000000000013270      0x1b0 ./code/Menu.o
 .rodata        0x0000000000013420        0x8 ./code/Motor.o
 .rodata        0x0000000000013428       0x16 ./code/Robot_Communite.o
 *fill*         0x000000000001343e        0x2 
 .rodata        0x0000000000013440       0x48 ./code/Style.o
 *(.rodata*)
 .rodata.gpio_group
                0x0000000000013488       0x14 ./zf_driver/zf_driver_gpio.o
                0x0000000000013488                gpio_group
 .rodata.tim_index
                0x000000000001349c       0x28 ./zf_driver/zf_driver_timer.o
                0x000000000001349c                tim_index
 .rodata.uart_index
                0x00000000000134c4       0x20 ./zf_driver/zf_driver_uart.o
                0x00000000000134c4                uart_index
 .rodata.tft_ascii
                0x00000000000134e4      0x5f0 ./zf_common/zf_common_font.o
                0x00000000000134e4                tft_ascii
 .rodata.MyDevDescrHD
                0x0000000000013ad4       0x12 ./sdk/Peripheral/ch32v30x_usbotg_device.o
                0x0000000000013ad4                MyDevDescrHD
 *fill*         0x0000000000013ae6        0x2 
 .rodata.MyCfgDescrHD
                0x0000000000013ae8       0x43 ./sdk/Peripheral/ch32v30x_usbotg_device.o
                0x0000000000013ae8                MyCfgDescrHD
 *fill*         0x0000000000013b2b        0x1 
 .rodata.MyReportDescHD
                0x0000000000013b2c       0x14 ./sdk/Peripheral/ch32v30x_usbotg_device.o
                0x0000000000013b2c                MyReportDescHD
 .rodata.MyManuInfoHD
                0x0000000000013b40        0xe ./sdk/Peripheral/ch32v30x_usbotg_device.o
                0x0000000000013b40                MyManuInfoHD
 *fill*         0x0000000000013b4e        0x2 
 .rodata.MyProdInfoHD
                0x0000000000013b50        0xc ./sdk/Peripheral/ch32v30x_usbotg_device.o
                0x0000000000013b50                MyProdInfoHD
 .rodata.MySerNumInfoHD
                0x0000000000013b5c       0x16 ./sdk/Peripheral/ch32v30x_usbotg_device.o
                0x0000000000013b5c                MySerNumInfoHD
 *fill*         0x0000000000013b72        0x2 
 .rodata.MyUSBQUADescHD
                0x0000000000013b74        0xa ./sdk/Peripheral/ch32v30x_usbotg_device.o
                0x0000000000013b74                MyUSBQUADescHD
 *fill*         0x0000000000013b7e        0x2 
 .rodata.OTG_FS_IRQHandler
                0x0000000000013b80       0xbc ./sdk/Peripheral/ch32v30x_usbotg_device.o
 *fill*         0x0000000000013c3c        0x4 
 .rodata.exp.cst8
                0x0000000000013c40       0x20 d:/mounriver/mounriver_studio/toolchain/risc-v embedded gcc/bin/../lib/gcc/riscv-none-embed/8.2.0/../../../../riscv-none-embed/lib/rv32imafc/ilp32f\libm.a(lib_a-w_exp.o)
 .rodata.exp.str1.4
                0x0000000000013c60        0x4 d:/mounriver/mounriver_studio/toolchain/risc-v embedded gcc/bin/../lib/gcc/riscv-none-embed/8.2.0/../../../../riscv-none-embed/lib/rv32imafc/ilp32f\libm.a(lib_a-w_exp.o)
 *fill*         0x0000000000013c64        0x4 
 .rodata.pow.cst8
                0x0000000000013c68       0x20 d:/mounriver/mounriver_studio/toolchain/risc-v embedded gcc/bin/../lib/gcc/riscv-none-embed/8.2.0/../../../../riscv-none-embed/lib/rv32imafc/ilp32f\libm.a(lib_a-w_pow.o)
                                         0x30 (size before relaxing)
 .rodata.pow.str1.4
                0x0000000000013c88        0x4 d:/mounriver/mounriver_studio/toolchain/risc-v embedded gcc/bin/../lib/gcc/riscv-none-embed/8.2.0/../../../../riscv-none-embed/lib/rv32imafc/ilp32f\libm.a(lib_a-w_pow.o)
 *fill*         0x0000000000013c8c        0x4 
 .rodata.__ieee754_exp.cst8
                0x0000000000013c90       0x58 d:/mounriver/mounriver_studio/toolchain/risc-v embedded gcc/bin/../lib/gcc/riscv-none-embed/8.2.0/../../../../riscv-none-embed/lib/rv32imafc/ilp32f\libm.a(lib_a-e_exp.o)
                                         0x70 (size before relaxing)
 .rodata.halF   0x0000000000013ce8       0x10 d:/mounriver/mounriver_studio/toolchain/risc-v embedded gcc/bin/../lib/gcc/riscv-none-embed/8.2.0/../../../../riscv-none-embed/lib/rv32imafc/ilp32f\libm.a(lib_a-e_exp.o)
 .rodata.ln2HI  0x0000000000013cf8       0x10 d:/mounriver/mounriver_studio/toolchain/risc-v embedded gcc/bin/../lib/gcc/riscv-none-embed/8.2.0/../../../../riscv-none-embed/lib/rv32imafc/ilp32f\libm.a(lib_a-e_exp.o)
 .rodata.ln2LO  0x0000000000013d08       0x10 d:/mounriver/mounriver_studio/toolchain/risc-v embedded gcc/bin/../lib/gcc/riscv-none-embed/8.2.0/../../../../riscv-none-embed/lib/rv32imafc/ilp32f\libm.a(lib_a-e_exp.o)
 .rodata.__ieee754_pow.cst8
                0x0000000000013d18       0xc0 d:/mounriver/mounriver_studio/toolchain/risc-v embedded gcc/bin/../lib/gcc/riscv-none-embed/8.2.0/../../../../riscv-none-embed/lib/rv32imafc/ilp32f\libm.a(lib_a-e_pow.o)
                                        0x110 (size before relaxing)
 .rodata.__ieee754_pow.str1.4
                0x0000000000013dd8        0x4 d:/mounriver/mounriver_studio/toolchain/risc-v embedded gcc/bin/../lib/gcc/riscv-none-embed/8.2.0/../../../../riscv-none-embed/lib/rv32imafc/ilp32f\libm.a(lib_a-e_pow.o)
                                          0x1 (size before relaxing)
 .rodata.__ieee754_rem_pio2.cst8
                0x0000000000013dd8       0x40 d:/mounriver/mounriver_studio/toolchain/risc-v embedded gcc/bin/../lib/gcc/riscv-none-embed/8.2.0/../../../../riscv-none-embed/lib/rv32imafc/ilp32f\libm.a(lib_a-e_rem_pio2.o)
                                         0x48 (size before relaxing)
 .rodata.npio2_hw
                0x0000000000013e18       0x80 d:/mounriver/mounriver_studio/toolchain/risc-v embedded gcc/bin/../lib/gcc/riscv-none-embed/8.2.0/../../../../riscv-none-embed/lib/rv32imafc/ilp32f\libm.a(lib_a-e_rem_pio2.o)
 .rodata.two_over_pi
                0x0000000000013e98      0x108 d:/mounriver/mounriver_studio/toolchain/risc-v embedded gcc/bin/../lib/gcc/riscv-none-embed/8.2.0/../../../../riscv-none-embed/lib/rv32imafc/ilp32f\libm.a(lib_a-e_rem_pio2.o)
 .rodata.__kernel_cos.cst8
                0x0000000000013fa0       0x40 d:/mounriver/mounriver_studio/toolchain/risc-v embedded gcc/bin/../lib/gcc/riscv-none-embed/8.2.0/../../../../riscv-none-embed/lib/rv32imafc/ilp32f\libm.a(lib_a-k_cos.o)
                                         0x50 (size before relaxing)
 .rodata.PIo2   0x0000000000013fe0       0x40 d:/mounriver/mounriver_studio/toolchain/risc-v embedded gcc/bin/../lib/gcc/riscv-none-embed/8.2.0/../../../../riscv-none-embed/lib/rv32imafc/ilp32f\libm.a(lib_a-k_rem_pio2.o)
 .rodata.__kernel_rem_pio2.cst8
                0x0000000000014020       0x20 d:/mounriver/mounriver_studio/toolchain/risc-v embedded gcc/bin/../lib/gcc/riscv-none-embed/8.2.0/../../../../riscv-none-embed/lib/rv32imafc/ilp32f\libm.a(lib_a-k_rem_pio2.o)
                                         0x38 (size before relaxing)
 .rodata.init_jk
                0x0000000000014040       0x10 d:/mounriver/mounriver_studio/toolchain/risc-v embedded gcc/bin/../lib/gcc/riscv-none-embed/8.2.0/../../../../riscv-none-embed/lib/rv32imafc/ilp32f\libm.a(lib_a-k_rem_pio2.o)
 .rodata.__kernel_sin.cst8
                0x0000000000014050       0x30 d:/mounriver/mounriver_studio/toolchain/risc-v embedded gcc/bin/../lib/gcc/riscv-none-embed/8.2.0/../../../../riscv-none-embed/lib/rv32imafc/ilp32f\libm.a(lib_a-k_sin.o)
                                         0x38 (size before relaxing)
 .rodata.floor.cst8
                0x0000000000014080        0x8 d:/mounriver/mounriver_studio/toolchain/risc-v embedded gcc/bin/../lib/gcc/riscv-none-embed/8.2.0/../../../../riscv-none-embed/lib/rv32imafc/ilp32f\libm.a(lib_a-s_floor.o)
 .rodata.nan.cst8
                0x0000000000014080        0x8 d:/mounriver/mounriver_studio/toolchain/risc-v embedded gcc/bin/../lib/gcc/riscv-none-embed/8.2.0/../../../../riscv-none-embed/lib/rv32imafc/ilp32f\libm.a(lib_a-s_nan.o)
 .rodata.TWO52  0x0000000000014088       0x10 d:/mounriver/mounriver_studio/toolchain/risc-v embedded gcc/bin/../lib/gcc/riscv-none-embed/8.2.0/../../../../riscv-none-embed/lib/rv32imafc/ilp32f\libm.a(lib_a-s_rint.o)
 .rodata.scalbn.cst8
                0x0000000000014098       0x10 d:/mounriver/mounriver_studio/toolchain/risc-v embedded gcc/bin/../lib/gcc/riscv-none-embed/8.2.0/../../../../riscv-none-embed/lib/rv32imafc/ilp32f\libm.a(lib_a-s_scalbn.o)
                                         0x20 (size before relaxing)
 .rodata.__divdf3
                0x00000000000140a8       0x40 d:/mounriver/mounriver_studio/toolchain/risc-v embedded gcc/bin/../lib/gcc/riscv-none-embed/8.2.0/rv32imafc/ilp32f\libgcc.a(divdf3.o)
 .rodata.__muldf3
                0x00000000000140e8       0x40 d:/mounriver/mounriver_studio/toolchain/risc-v embedded gcc/bin/../lib/gcc/riscv-none-embed/8.2.0/rv32imafc/ilp32f\libgcc.a(muldf3.o)
 .rodata.__clz_tab
                0x0000000000014128      0x100 d:/mounriver/mounriver_studio/toolchain/risc-v embedded gcc/bin/../lib/gcc/riscv-none-embed/8.2.0/rv32imafc/ilp32f\libgcc.a(_clz.o)
                0x0000000000014128                __clz_tab
 .rodata._printf_float.cst8
                0x0000000000014228        0x8 d:/mounriver/mounriver_studio/toolchain/risc-v embedded gcc/bin/../lib/gcc/riscv-none-embed/8.2.0/../../../../riscv-none-embed/lib/rv32imafc/ilp32f\libg_nano.a(lib_a-nano-vfprintf_float.o)
 .rodata._printf_float.str1.4
                0x0000000000014230       0x12 d:/mounriver/mounriver_studio/toolchain/risc-v embedded gcc/bin/../lib/gcc/riscv-none-embed/8.2.0/../../../../riscv-none-embed/lib/rv32imafc/ilp32f\libg_nano.a(lib_a-nano-vfprintf_float.o)
 *fill*         0x0000000000014242        0x2 
 .rodata._printf_i.str1.4
                0x0000000000014244       0x25 d:/mounriver/mounriver_studio/toolchain/risc-v embedded gcc/bin/../lib/gcc/riscv-none-embed/8.2.0/../../../../riscv-none-embed/lib/rv32imafc/ilp32f\libg_nano.a(lib_a-nano-vfprintf_i.o)
 *fill*         0x0000000000014269        0x7 
 .rodata._dtoa_r.cst8
                0x0000000000014270       0x30 d:/mounriver/mounriver_studio/toolchain/risc-v embedded gcc/bin/../lib/gcc/riscv-none-embed/8.2.0/../../../../riscv-none-embed/lib/rv32imafc/ilp32f\libg_nano.a(lib_a-dtoa.o)
                                         0x48 (size before relaxing)
 .rodata._dtoa_r.str1.4
                0x00000000000142a0       0x10 d:/mounriver/mounriver_studio/toolchain/risc-v embedded gcc/bin/../lib/gcc/riscv-none-embed/8.2.0/../../../../riscv-none-embed/lib/rv32imafc/ilp32f\libg_nano.a(lib_a-dtoa.o)
                                         0x12 (size before relaxing)
 .rodata.__sf_fake_stderr
                0x00000000000142b0       0x20 d:/mounriver/mounriver_studio/toolchain/risc-v embedded gcc/bin/../lib/gcc/riscv-none-embed/8.2.0/../../../../riscv-none-embed/lib/rv32imafc/ilp32f\libg_nano.a(lib_a-findfp.o)
                0x00000000000142b0                __sf_fake_stderr
 .rodata.__sf_fake_stdin
                0x00000000000142d0       0x20 d:/mounriver/mounriver_studio/toolchain/risc-v embedded gcc/bin/../lib/gcc/riscv-none-embed/8.2.0/../../../../riscv-none-embed/lib/rv32imafc/ilp32f\libg_nano.a(lib_a-findfp.o)
                0x00000000000142d0                __sf_fake_stdin
 .rodata.__sf_fake_stdout
                0x00000000000142f0       0x20 d:/mounriver/mounriver_studio/toolchain/risc-v embedded gcc/bin/../lib/gcc/riscv-none-embed/8.2.0/../../../../riscv-none-embed/lib/rv32imafc/ilp32f\libg_nano.a(lib_a-findfp.o)
                0x00000000000142f0                __sf_fake_stdout
 .rodata.__mprec_bigtens
                0x0000000000014310       0x28 d:/mounriver/mounriver_studio/toolchain/risc-v embedded gcc/bin/../lib/gcc/riscv-none-embed/8.2.0/../../../../riscv-none-embed/lib/rv32imafc/ilp32f\libg_nano.a(lib_a-mprec.o)
                0x0000000000014310                __mprec_bigtens
 .rodata.__mprec_tens
                0x0000000000014338       0xc8 d:/mounriver/mounriver_studio/toolchain/risc-v embedded gcc/bin/../lib/gcc/riscv-none-embed/8.2.0/../../../../riscv-none-embed/lib/rv32imafc/ilp32f\libg_nano.a(lib_a-mprec.o)
                0x0000000000014338                __mprec_tens
 .rodata.p05.3321
                0x0000000000014400        0xc d:/mounriver/mounriver_studio/toolchain/risc-v embedded gcc/bin/../lib/gcc/riscv-none-embed/8.2.0/../../../../riscv-none-embed/lib/rv32imafc/ilp32f\libg_nano.a(lib_a-mprec.o)
 .rodata._svfprintf_r.str1.4
                0x000000000001440c       0x13 d:/mounriver/mounriver_studio/toolchain/risc-v embedded gcc/bin/../lib/gcc/riscv-none-embed/8.2.0/../../../../riscv-none-embed/lib/rv32imafc/ilp32f\libg_nano.a(lib_a-nano-svfprintf.o)
 .rodata._vfprintf_r.str1.4
                0x000000000001441f       0x13 d:/mounriver/mounriver_studio/toolchain/risc-v embedded gcc/bin/../lib/gcc/riscv-none-embed/8.2.0/../../../../riscv-none-embed/lib/rv32imafc/ilp32f\libg_nano.a(lib_a-nano-vfprintf.o)
 *fill*         0x000000000001441f        0x1 
 .rodata._setlocale_r.str1.4
                0x0000000000014420        0xa d:/mounriver/mounriver_studio/toolchain/risc-v embedded gcc/bin/../lib/gcc/riscv-none-embed/8.2.0/../../../../riscv-none-embed/lib/rv32imafc/ilp32f\libg_nano.a(lib_a-locale.o)
                                          0xd (size before relaxing)
 *fill*         0x000000000001442a        0x2 
 .rodata.str1.4
                0x000000000001442c        0x4 d:/mounriver/mounriver_studio/toolchain/risc-v embedded gcc/bin/../lib/gcc/riscv-none-embed/8.2.0/../../../../riscv-none-embed/lib/rv32imafc/ilp32f\libg_nano.a(lib_a-locale.o)
                                          0x2 (size before relaxing)
 .rodata._ctype_
                0x0000000000014430      0x101 d:/mounriver/mounriver_studio/toolchain/risc-v embedded gcc/bin/../lib/gcc/riscv-none-embed/8.2.0/../../../../riscv-none-embed/lib/rv32imafc/ilp32f\libg_nano.a(lib_a-ctype_.o)
                0x0000000000014430                _ctype_
 *(.glue_7)
 *(.glue_7t)
 *(.gnu.linkonce.t.*)
                0x0000000000014534                . = ALIGN (0x4)
 *fill*         0x0000000000014531        0x3 

.rela.dyn       0x0000000000014534        0x0
 .rela.init     0x0000000000014534        0x0 ./zf_driver/zf_driver_adc.o
 .rela.vector   0x0000000000014534        0x0 ./zf_driver/zf_driver_adc.o
 .rela.text.handle_reset
                0x0000000000014534        0x0 ./zf_driver/zf_driver_adc.o
 .rela.text._svfprintf_r
                0x0000000000014534        0x0 ./zf_driver/zf_driver_adc.o
 .rela.text._vfprintf_r
                0x0000000000014534        0x0 ./zf_driver/zf_driver_adc.o
 .rela.text._sbrk_r
                0x0000000000014534        0x0 ./zf_driver/zf_driver_adc.o
 .rela.text._write_r
                0x0000000000014534        0x0 ./zf_driver/zf_driver_adc.o
 .rela.text._close_r
                0x0000000000014534        0x0 ./zf_driver/zf_driver_adc.o
 .rela.text._fstat_r
                0x0000000000014534        0x0 ./zf_driver/zf_driver_adc.o
 .rela.text._isatty_r
                0x0000000000014534        0x0 ./zf_driver/zf_driver_adc.o
 .rela.text._lseek_r
                0x0000000000014534        0x0 ./zf_driver/zf_driver_adc.o
 .rela.text._read_r
                0x0000000000014534        0x0 ./zf_driver/zf_driver_adc.o
 .rela.text._close
                0x0000000000014534        0x0 ./zf_driver/zf_driver_adc.o
 .rela.text._fstat
                0x0000000000014534        0x0 ./zf_driver/zf_driver_adc.o
 .rela.text._isatty
                0x0000000000014534        0x0 ./zf_driver/zf_driver_adc.o
 .rela.text._lseek
                0x0000000000014534        0x0 ./zf_driver/zf_driver_adc.o
 .rela.text._read
                0x0000000000014534        0x0 ./zf_driver/zf_driver_adc.o
 .rela.text._sbrk
                0x0000000000014534        0x0 ./zf_driver/zf_driver_adc.o

.fini           0x0000000000014534        0x0
 *(SORT_NONE(.fini))
                0x0000000000014534                . = ALIGN (0x4)
                [!provide]                        PROVIDE (_etext = .)
                [!provide]                        PROVIDE (_eitcm = .)

.preinit_array  0x0000000000014534        0x0
                [!provide]                        PROVIDE (__preinit_array_start = .)
 *(.preinit_array)
                [!provide]                        PROVIDE (__preinit_array_end = .)

.init_array     0x0000000000014534        0x0
                [!provide]                        PROVIDE (__init_array_start = .)
 *(SORT_BY_INIT_PRIORITY(.init_array.*) SORT_BY_INIT_PRIORITY(.ctors.*))
 *(.init_array EXCLUDE_FILE(*crtend?.o *crtend.o *crtbegin?.o *crtbegin.o) .ctors)
                [!provide]                        PROVIDE (__init_array_end = .)

.fini_array     0x0000000000014534        0x0
                [!provide]                        PROVIDE (__fini_array_start = .)
 *(SORT_BY_INIT_PRIORITY(.fini_array.*) SORT_BY_INIT_PRIORITY(.dtors.*))
 *(.fini_array EXCLUDE_FILE(*crtend?.o *crtend.o *crtbegin?.o *crtbegin.o) .dtors)
                [!provide]                        PROVIDE (__fini_array_end = .)

.ctors
 *crtbegin.o(.ctors)
 *crtbegin?.o(.ctors)
 *(EXCLUDE_FILE(*crtend?.o *crtend.o) .ctors)
 *(SORT_BY_NAME(.ctors.*))
 *(.ctors)

.dtors
 *crtbegin.o(.dtors)
 *crtbegin?.o(.dtors)
 *(EXCLUDE_FILE(*crtend?.o *crtend.o) .dtors)
 *(SORT_BY_NAME(.dtors.*))
 *(.dtors)

.dalign         0x0000000020000000        0x0 load address 0x0000000000014534
                0x0000000020000000                . = ALIGN (0x4)
                0x0000000020000000                PROVIDE (_data_vma = .)

.dlalign        0x0000000000014534        0x0
                0x0000000000014534                . = ALIGN (0x4)
                0x0000000000014534                PROVIDE (_data_lma = .)

.data           0x0000000020000000      0x2e8 load address 0x0000000000014534
 *(.gnu.linkonce.r.*)
 *(.data .data.*)
 .data.encoder_dir_pin
                0x0000000020000000        0xa ./zf_driver/zf_driver_encoder.o
 *fill*         0x000000002000000a        0x2 
 .data.APBAHBPrescTable
                0x000000002000000c       0x10 ./sdk/Peripheral/ch32v30x_rcc.o
 .data.TAB_USB_FS_OSC_DESC
                0x000000002000001c       0x43 ./sdk/Peripheral/ch32v30x_usbotg_device.o
                0x000000002000001c                TAB_USB_FS_OSC_DESC
 *fill*         0x000000002000005f        0x1 
 .data.sonar_data
                0x0000000020000060       0x10 ./code/Adc.o
                0x0000000020000060                sonar_data
 .data.standard_sip_info
                0x0000000020000070       0x31 ./code/Data.o
                0x0000000020000070                standard_sip_info
 *fill*         0x00000000200000a1        0x3 
 .data.standard_io_info
                0x00000000200000a4       0x1f ./code/Data.o
                0x00000000200000a4                standard_io_info
 *fill*         0x00000000200000c3        0x1 
 .data.parameter
                0x00000000200000c4       0x10 ./code/Menu.o
                0x00000000200000c4                parameter
 .data.impure_data
                0x00000000200000d4       0x60 d:/mounriver/mounriver_studio/toolchain/risc-v embedded gcc/bin/../lib/gcc/riscv-none-embed/8.2.0/../../../../riscv-none-embed/lib/rv32imafc/ilp32f\libg_nano.a(lib_a-impure.o)
 .data.__global_locale
                0x0000000020000134      0x16c d:/mounriver/mounriver_studio/toolchain/risc-v embedded gcc/bin/../lib/gcc/riscv-none-embed/8.2.0/../../../../riscv-none-embed/lib/rv32imafc/ilp32f\libg_nano.a(lib_a-locale.o)
                0x0000000020000134                __global_locale
 *(.gnu.linkonce.d.*)
                0x00000000200002a0                . = ALIGN (0x8)
                0x0000000020000aa0                PROVIDE (__global_pointer$ = (. + 0x800))
 *(.sdata .sdata.*)
 .sdata.ips200_pencolor
                0x00000000200002a0        0x2 ./zf_device/zf_device_ips200_parallel8.o
                0x00000000200002a0                ips200_pencolor
 .sdata.ips200_bgcolor
                0x00000000200002a2        0x2 ./zf_device/zf_device_ips200_parallel8.o
                0x00000000200002a2                ips200_bgcolor
 .sdata.ips200_x_max
                0x00000000200002a4        0x2 ./zf_device/zf_device_ips200_parallel8.o
                0x00000000200002a4                ips200_x_max
 .sdata.ips200_y_max
                0x00000000200002a6        0x2 ./zf_device/zf_device_ips200_parallel8.o
                0x00000000200002a6                ips200_y_max
 .sdata.zf_debug_assert_enable
                0x00000000200002a8        0x1 ./zf_common/zf_common_debug.o
 *fill*         0x00000000200002a9        0x3 
 .sdata.ADCPrescTable
                0x00000000200002ac        0x4 ./sdk/Peripheral/ch32v30x_rcc.o
 .sdata.USBHD_Dev_Speed
                0x00000000200002b0        0x1 ./sdk/Peripheral/ch32v30x_usbotg_device.o
                0x00000000200002b0                USBHD_Dev_Speed
 *fill*         0x00000000200002b1        0x3 
 .sdata.LineCoding
                0x00000000200002b4        0x7 ./sdk/Peripheral/ch32v30x_usbotg_device.o
                0x00000000200002b4                LineCoding
 .sdata.pageindex
                0x00000000200002bb        0x1 ./code/Menu.o
                0x00000000200002bb                pageindex
 .sdata.Left_Motor
                0x00000000200002bc        0x4 ./code/PID.o
                0x00000000200002bc                Left_Motor
 .sdata.Right_Motor
                0x00000000200002c0        0x4 ./code/PID.o
                0x00000000200002c0                Right_Motor
 .sdata.robot_connect_state