Archive member included to satisfy reference by file (symbol)

d:/mounriver/mounriver_studio/toolchain/risc-v embedded gcc/bin/../lib/gcc/riscv-none-embed/8.2.0/../../../../riscv-none-embed/lib/rv32imac/ilp32\libm.a(lib_a-s_cos.o)
                              ./CODE/Style.o (cos)
d:/mounriver/mounriver_studio/toolchain/risc-v embedded gcc/bin/../lib/gcc/riscv-none-embed/8.2.0/../../../../riscv-none-embed/lib/rv32imac/ilp32\libm.a(lib_a-s_sin.o)
                              ./CODE/Style.o (sin)
d:/mounriver/mounriver_studio/toolchain/risc-v embedded gcc/bin/../lib/gcc/riscv-none-embed/8.2.0/../../../../riscv-none-embed/lib/rv32imac/ilp32\libm.a(lib_a-e_rem_pio2.o)
                              d:/mounriver/mounriver_studio/toolchain/risc-v embedded gcc/bin/../lib/gcc/riscv-none-embed/8.2.0/../../../../riscv-none-embed/lib/rv32imac/ilp32\libm.a(lib_a-s_cos.o) (__ieee754_rem_pio2)
d:/mounriver/mounriver_studio/toolchain/risc-v embedded gcc/bin/../lib/gcc/riscv-none-embed/8.2.0/../../../../riscv-none-embed/lib/rv32imac/ilp32\libm.a(lib_a-k_cos.o)
                              d:/mounriver/mounriver_studio/toolchain/risc-v embedded gcc/bin/../lib/gcc/riscv-none-embed/8.2.0/../../../../riscv-none-embed/lib/rv32imac/ilp32\libm.a(lib_a-s_cos.o) (__kernel_cos)
d:/mounriver/mounriver_studio/toolchain/risc-v embedded gcc/bin/../lib/gcc/riscv-none-embed/8.2.0/../../../../riscv-none-embed/lib/rv32imac/ilp32\libm.a(lib_a-k_rem_pio2.o)
                              d:/mounriver/mounriver_studio/toolchain/risc-v embedded gcc/bin/../lib/gcc/riscv-none-embed/8.2.0/../../../../riscv-none-embed/lib/rv32imac/ilp32\libm.a(lib_a-e_rem_pio2.o) (__kernel_rem_pio2)
d:/mounriver/mounriver_studio/toolchain/risc-v embedded gcc/bin/../lib/gcc/riscv-none-embed/8.2.0/../../../../riscv-none-embed/lib/rv32imac/ilp32\libm.a(lib_a-k_sin.o)
                              d:/mounriver/mounriver_studio/toolchain/risc-v embedded gcc/bin/../lib/gcc/riscv-none-embed/8.2.0/../../../../riscv-none-embed/lib/rv32imac/ilp32\libm.a(lib_a-s_cos.o) (__kernel_sin)
d:/mounriver/mounriver_studio/toolchain/risc-v embedded gcc/bin/../lib/gcc/riscv-none-embed/8.2.0/../../../../riscv-none-embed/lib/rv32imac/ilp32\libm.a(lib_a-s_fabs.o)
                              d:/mounriver/mounriver_studio/toolchain/risc-v embedded gcc/bin/../lib/gcc/riscv-none-embed/8.2.0/../../../../riscv-none-embed/lib/rv32imac/ilp32\libm.a(lib_a-e_rem_pio2.o) (fabs)
d:/mounriver/mounriver_studio/toolchain/risc-v embedded gcc/bin/../lib/gcc/riscv-none-embed/8.2.0/../../../../riscv-none-embed/lib/rv32imac/ilp32\libm.a(lib_a-s_floor.o)
                              d:/mounriver/mounriver_studio/toolchain/risc-v embedded gcc/bin/../lib/gcc/riscv-none-embed/8.2.0/../../../../riscv-none-embed/lib/rv32imac/ilp32\libm.a(lib_a-k_rem_pio2.o) (floor)
d:/mounriver/mounriver_studio/toolchain/risc-v embedded gcc/bin/../lib/gcc/riscv-none-embed/8.2.0/../../../../riscv-none-embed/lib/rv32imac/ilp32\libm.a(lib_a-s_scalbn.o)
                              d:/mounriver/mounriver_studio/toolchain/risc-v embedded gcc/bin/../lib/gcc/riscv-none-embed/8.2.0/../../../../riscv-none-embed/lib/rv32imac/ilp32\libm.a(lib_a-k_rem_pio2.o) (scalbn)
d:/mounriver/mounriver_studio/toolchain/risc-v embedded gcc/bin/../lib/gcc/riscv-none-embed/8.2.0/../../../../riscv-none-embed/lib/rv32imac/ilp32\libm.a(lib_a-s_copysign.o)
                              d:/mounriver/mounriver_studio/toolchain/risc-v embedded gcc/bin/../lib/gcc/riscv-none-embed/8.2.0/../../../../riscv-none-embed/lib/rv32imac/ilp32\libm.a(lib_a-s_scalbn.o) (copysign)
d:/mounriver/mounriver_studio/toolchain/risc-v embedded gcc/bin/../lib/gcc/riscv-none-embed/8.2.0/rv32imac/ilp32\libgcc.a(adddf3.o)
                              ./CODE/Style.o (__adddf3)
d:/mounriver/mounriver_studio/toolchain/risc-v embedded gcc/bin/../lib/gcc/riscv-none-embed/8.2.0/rv32imac/ilp32\libgcc.a(divdf3.o)
                              ./CODE/Menu.o (__divdf3)
d:/mounriver/mounriver_studio/toolchain/risc-v embedded gcc/bin/../lib/gcc/riscv-none-embed/8.2.0/rv32imac/ilp32\libgcc.a(eqdf2.o)
                              d:/mounriver/mounriver_studio/toolchain/risc-v embedded gcc/bin/../lib/gcc/riscv-none-embed/8.2.0/../../../../riscv-none-embed/lib/rv32imac/ilp32\libm.a(lib_a-e_rem_pio2.o) (__eqdf2)
d:/mounriver/mounriver_studio/toolchain/risc-v embedded gcc/bin/../lib/gcc/riscv-none-embed/8.2.0/rv32imac/ilp32\libgcc.a(gedf2.o)
                              ./CODE/Style.o (__gedf2)
d:/mounriver/mounriver_studio/toolchain/risc-v embedded gcc/bin/../lib/gcc/riscv-none-embed/8.2.0/rv32imac/ilp32\libgcc.a(ledf2.o)
                              ./Libraries/seekfree_peripheral/SEEKFREE_18TFT.o (__ltdf2)
d:/mounriver/mounriver_studio/toolchain/risc-v embedded gcc/bin/../lib/gcc/riscv-none-embed/8.2.0/rv32imac/ilp32\libgcc.a(muldf3.o)
                              ./Libraries/seekfree_peripheral/SEEKFREE_PRINTF.o (__muldf3)
[...]
Memory Configuration

Name             Origin             Length             Attributes
FLASH            0x0000000000000000 0x0000000000010000 xr
RAM              0x0000000020000000 0x0000000000005000 xrw
*default*        0x0000000000000000 0xffffffffffffffff

Linker script and memory map

LOAD ./USER/isr.o
LOAD ./USER/main.o
LOAD ./Libraries/wch_libraries/Startup/startup_ch32v10x.o
LOAD ./Libraries/wch_libraries/Peripheral/ch32v10x_adc.o
LOAD ./Libraries/wch_libraries/Peripheral/ch32v10x_bkp.o
LOAD ./Libraries/wch_libraries/Peripheral/ch32v10x_crc.o
LOAD ./Libraries/wch_libraries/Peripheral/ch32v10x_dbgmcu.o
LOAD ./Libraries/wch_libraries/Peripheral/ch32v10x_dma.o
LOAD ./Libraries/wch_libraries/Peripheral/ch32v10x_exti.o
LOAD ./Libraries/wch_libraries/Peripheral/ch32v10x_flash.o
LOAD ./Libraries/wch_libraries/Peripheral/ch32v10x_gpio.o
LOAD ./Libraries/wch_libraries/Peripheral/ch32v10x_i2c.o
LOAD ./Libraries/wch_libraries/Peripheral/ch32v10x_iwdg.o
LOAD ./Libraries/wch_libraries/Peripheral/ch32v10x_misc.o
LOAD ./Libraries/wch_libraries/Peripheral/ch32v10x_pwr.o
LOAD ./Libraries/wch_libraries/Peripheral/ch32v10x_rcc.o
LOAD ./Libraries/wch_libraries/Peripheral/ch32v10x_rtc.o
LOAD ./Libraries/wch_libraries/Peripheral/ch32v10x_spi.o
LOAD ./Libraries/wch_libraries/Peripheral/ch32v10x_tim.o
LOAD ./Libraries/wch_libraries/Peripheral/ch32v10x_usart.o
LOAD ./Libraries/wch_libraries/Peripheral/ch32v10x_usb.o
LOAD ./Libraries/wch_libraries/Peripheral/ch32v10x_usb_host.o
LOAD ./Libraries/wch_libraries/Peripheral/ch32v10x_wwdg.o
LOAD ./Libraries/wch_libraries/Core/core_riscv.o
LOAD ./Libraries/seekfree_peripheral/SEEKFREE_18TFT.o
LOAD ./Libraries/seekfree_peripheral/SEEKFREE_ABSOLUTE_ENCODER.o
LOAD ./Libraries/seekfree_peripheral/SEEKFREE_FONT.o
LOAD ./Libraries/seekfree_peripheral/SEEKFREE_ICM20602.o
LOAD ./Libraries/seekfree_peripheral/SEEKFREE_IIC.o
LOAD ./Libraries/seekfree_peripheral/SEEKFREE_IPS114_SPI.o
LOAD ./Libraries/seekfree_peripheral/SEEKFREE_MPU6050.o
LOAD ./Libraries/seekfree_peripheral/SEEKFREE_MT9V03X.o
LOAD ./Libraries/seekfree_peripheral/SEEKFREE_OLED.o
LOAD ./Libraries/seekfree_peripheral/SEEKFREE_PRINTF.o
LOAD ./Libraries/seekfree_peripheral/SEEKFREE_TSL1401.o
LOAD ./Libraries/seekfree_peripheral/SEEKFREE_UART_7725.o
LOAD ./Libraries/seekfree_peripheral/SEEKFREE_VIRSCO.o
LOAD ./Libraries/seekfree_peripheral/SEEKFREE_WIRELESS.o
LOAD ./Libraries/seekfree_libraries/common.o
LOAD ./Libraries/seekfree_libraries/misc.o
LOAD ./Libraries/seekfree_libraries/zf_adc.o
LOAD ./Libraries/seekfree_libraries/zf_camera.o
LOAD ./Libraries/seekfree_libraries/zf_flash.o
LOAD ./Libraries/seekfree_libraries/zf_gpio.o
LOAD ./Libraries/seekfree_libraries/zf_nvic.o
LOAD ./Libraries/seekfree_libraries/zf_pit.o
LOAD ./Libraries/seekfree_libraries/zf_pwm.o
LOAD ./Libraries/seekfree_libraries/zf_qtimer.o
LOAD ./Libraries/seekfree_libraries/zf_spi.o
LOAD ./Libraries/seekfree_libraries/zf_systick.o
LOAD ./Libraries/seekfree_libraries/zf_uart.o
LOAD ./Libraries/board/board.o
LOAD ./Libraries/board/clock_config.o
LOAD ./CODE/Beep.o
LOAD ./CODE/Data.o
LOAD ./CODE/Encoder.o
LOAD ./CODE/Key.o
LOAD ./CODE/MCUCommunication.o
LOAD ./CODE/Menu.o
LOAD ./CODE/Motor.o
LOAD ./CODE/PID.o
LOAD ./CODE/Robot_Communite.o
LOAD ./CODE/Style.o
LOAD ./CODE/Util.o
LOAD d:/mounriver/mounriver_studio/toolchain/risc-v embedded gcc/bin/../lib/gcc/riscv-none-embed/8.2.0/../../../../riscv-none-embed/lib/rv32imac/ilp32\libm.a
LOAD d:/mounriver/mounriver_studio/toolchain/risc-v embedded gcc/bin/../lib/gcc/riscv-none-embed/8.2.0/rv32imac/ilp32\libgcc.a
LOAD d:/mounriver/mounriver_studio/toolchain/risc-v embedded gcc/bin/../lib/gcc/riscv-none-embed/8.2.0/../../../../riscv-none-embed/lib/rv32imac/ilp32\libg_nano.a
LOAD d:/mounriver/mounriver_studio/toolchain/risc-v embedded gcc/bin/../lib/gcc/riscv-none-embed/8.2.0/../../../../riscv-none-embed/lib/rv32imac/ilp32\libc_nano.a
LOAD d:/mounriver/mounriver_studio/toolchain/risc-v embedded gcc/bin/../lib/gcc/riscv-none-embed/8.2.0/rv32imac/ilp32\libgcc.a
START GROUP
LOAD d:/mounriver/mounriver_studio/toolchain/risc-v embedded gcc/bin/../lib/gcc/riscv-none-embed/8.2.0/rv32imac/ilp32\libgcc.a
LOAD d:/mounriver/mounriver_studio/toolchain/risc-v embedded gcc/bin/../lib/gcc/riscv-none-embed/8.2.0/../../../../riscv-none-embed/lib/rv32imac/ilp32\libc_nano.a
LOAD d:/mounriver/mounriver_studio/toolchain/risc-v embedded gcc/bin/../lib/gcc/riscv-none-embed/8.2.0/../../../../riscv-none-embed/lib/rv32imac/ilp32\libnosys.a
END GROUP
START GROUP
LOAD d:/mounriver/mounriver_studio/toolchain/risc-v embedded gcc/bin/../lib/gcc/riscv-none-embed/8.2.0/rv32imac/ilp32\libgcc.a
LOAD d:/mounriver/mounriver_studio/toolchain/risc-v embedded gcc/bin/../lib/gcc/riscv-none-embed/8.2.0/../../../../riscv-none-embed/lib/rv32imac/ilp32\libc_nano.a
LOAD d:/mounriver/mounriver_studio/toolchain/risc-v embedded gcc/bin/../lib/gcc/riscv-none-embed/8.2.0/../../../../riscv-none-embed/lib/rv32imac/ilp32\libnosys.a
END GROUP
                0x0000000000000800                __stack_size = 0x800
                [!provide]                        PROVIDE (_stack_size = __stack_size)

.init           0x0000000000000000       0x38
                0x0000000000000000                _sinit = .
                0x0000000000000000                . = ALIGN (0x4)
 *(SORT_NONE(.init))
 .init          0x0000000000000000       0x38 ./Libraries/wch_libraries/Startup/startup_ch32v10x.o
                0x0000000000000000                _start
                0x0000000000000038                . = ALIGN (0x4)
                0x0000000000000038                _einit = .

.vector         0x0000000000000038      0x108
 *(.vector)
 .vector        0x0000000000000038       0xf0 ./Libraries/wch_libraries/Startup/startup_ch32v10x.o
                0x0000000000000140                . = ALIGN (0x40)
 *fill*         0x0000000000000128       0x18 

.text           0x0000000000000140     0xadbc
                0x0000000000000140                . = ALIGN (0x4)
 *(.text)
 .text          0x0000000000000140       0xa8 d:/mounriver/mounriver_studio/toolchain/risc-v embedded gcc/bin/../lib/gcc/riscv-none-embed/8.2.0/../../../../riscv-none-embed/lib/rv32imac/ilp32\libg_nano.a(lib_a-memset.o)
                0x0000000000000140                memset
 *(.text.*)
 .text.EXTI1_IRQHandler
                0x00000000000001e8       0x34 ./USER/isr.o
                0x00000000000001e8                EXTI1_IRQHandler
 .text.EXTI2_IRQHandler
                0x000000000000021c        0x8 ./USER/isr.o
                0x000000000000021c                EXTI2_IRQHandler
 .text.EXTI3_IRQHandler
                0x0000000000000224        0x4 ./USER/isr.o
                0x0000000000000224                EXTI3_IRQHandler
 .text.EXTI4_IRQHandler
                0x0000000000000228        0x4 ./USER/isr.o
                0x0000000000000228                EXTI4_IRQHandler
 .text.EXTI9_5_IRQHandler
                0x000000000000022c       0xae ./USER/isr.o
                0x000000000000022c                EXTI9_5_IRQHandler
 .text.EXTI15_10_IRQHandler
                0x00000000000002da        0x4 ./USER/isr.o
                0x00000000000002da                EXTI15_10_IRQHandler
 .text.ADC1_2_IRQHandler
                0x00000000000002de        0x4 ./USER/isr.o
                0x00000000000002de                ADC1_2_IRQHandler
 .text.TIM1_BRK_IRQHandler
                0x00000000000002e2       0x28 ./USER/isr.o
                0x00000000000002e2                TIM1_BRK_IRQHandler
 .text.TIM1_UP_IRQHandler
                0x000000000000030a       0x28 ./USER/isr.o
                0x000000000000030a                TIM1_UP_IRQHandler
 .text.TIM1_TRG_COM_IRQHandler
                0x0000000000000332       0x4c ./USER/isr.o
                0x0000000000000332                TIM1_TRG_COM_IRQHandler
 .text.TIM1_CC_IRQHandler
                0x000000000000037e       0x84 ./USER/isr.o
                0x000000000000037e                TIM1_CC_IRQHandler
 .text.TIM2_IRQHandler
                0x0000000000000402       0x1c ./USER/isr.o
                0x0000000000000402                TIM2_IRQHandler
 .text.TIM3_IRQHandler
                0x000000000000041e       0x24 ./USER/isr.o
                0x000000000000041e                TIM3_IRQHandler
 .text.TIM4_IRQHandler
                0x0000000000000442       0x24 ./USER/isr.o
                0x0000000000000442                TIM4_IRQHandler
 .text.USART2_IRQHandler
                0x0000000000000466       0x46 ./USER/isr.o
                0x0000000000000466                USART2_IRQHandler
 .text.DMA1_Channel4_IRQHandler
                0x00000000000004ac       0x32 ./USER/isr.o
                0x00000000000004ac                DMA1_Channel4_IRQHandler
 .text.NMI_Handler
                0x00000000000004de        0x4 ./USER/isr.o
                0x00000000000004de                NMI_Handler
 .text.HardFault_Handler
                0x00000000000004e2        0x2 ./USER/isr.o
                0x00000000000004e2                HardFault_Handler
 .text.main     0x00000000000004e4       0xaa ./USER/main.o
                0x00000000000004e4                main
 .text.handle_reset
                0x000000000000058e       0x7a ./Libraries/wch_libraries/Startup/startup_ch32v10x.o
                0x000000000000058e                handle_reset
 .text.DMA_GetFlagStatus
                0x0000000000000608       0x20 ./Libraries/wch_libraries/Peripheral/ch32v10x_dma.o
                0x0000000000000608                DMA_GetFlagStatus
 .text.DMA_ClearFlag
                0x0000000000000628       0x1a ./Libraries/wch_libraries/Peripheral/ch32v10x_dma.o
                0x0000000000000628                DMA_ClearFlag
 .text.EXTI_Init
                0x0000000000000642       0xa2 ./Libraries/wch_libraries/Peripheral/ch32v10x_exti.o
                0x0000000000000642                EXTI_Init
 .text.EXTI_GetITStatus
                0x00000000000006e4       0x1c ./Libraries/wch_libraries/Peripheral/ch32v10x_exti.o
                0x00000000000006e4                EXTI_GetITStatus
 .text.EXTI_ClearITPendingBit
                0x0000000000000700        0xa ./Libraries/wch_libraries/Peripheral/ch32v10x_exti.o
                0x0000000000000700                EXTI_ClearITPendingBit
 .text.FLASH_Unlock
                0x000000000000070a       0x1a ./Libraries/wch_libraries/Peripheral/ch32v10x_flash.o
                0x000000000000070a                FLASH_Unlock
 .text.FLASH_Lock
                0x0000000000000724        0xe ./Libraries/wch_libraries/Peripheral/ch32v10x_flash.o
                0x0000000000000724                FLASH_Lock
 .text.FLASH_ClearFlag
                0x0000000000000732        0x8 ./Libraries/wch_libraries/Peripheral/ch32v10x_flash.o
                0x0000000000000732                FLASH_ClearFlag
 .text.FLASH_GetBank1Status
                0x000000000000073a       0x28 ./Libraries/wch_libraries/Peripheral/ch32v10x_flash.o
                0x000000000000073a                FLASH_GetBank1Status
 .text.FLASH_WaitForLastOperation
                0x0000000000000762       0x34 ./Libraries/wch_libraries/Peripheral/ch32v10x_flash.o
                0x0000000000000762                FLASH_WaitForLastOperation
 .text.FLASH_ErasePage
                0x0000000000000796       0x56 ./Libraries/wch_libraries/Peripheral/ch32v10x_flash.o
                0x0000000000000796                FLASH_ErasePage
 .text.FLASH_ProgramWord
                0x00000000000007ec       0x82 ./Libraries/wch_libraries/Peripheral/ch32v10x_flash.o
                0x00000000000007ec                FLASH_ProgramWord
 .text.GPIO_Init
                0x000000000000086e       0xca ./Libraries/wch_libraries/Peripheral/ch32v10x_gpio.o
                0x000000000000086e                GPIO_Init
 .text.GPIO_WriteBit
                0x0000000000000938        0xa ./Libraries/wch_libraries/Peripheral/ch32v10x_gpio.o
                0x0000000000000938                GPIO_WriteBit
 .text.GPIO_PinRemapConfig
                0x0000000000000942       0x9a ./Libraries/wch_libraries/Peripheral/ch32v10x_gpio.o
                0x0000000000000942                GPIO_PinRemapConfig
 .text.GPIO_EXTILineConfig
                0x00000000000009dc       0x2c ./Libraries/wch_libraries/Peripheral/ch32v10x_gpio.o
                0x00000000000009dc                GPIO_EXTILineConfig
 .text.NVIC_Init
                0x0000000000000a08       0xae ./Libraries/wch_libraries/Peripheral/ch32v10x_misc.o
                0x0000000000000a08                NVIC_Init
 .text.RCC_GetClocksFreq
                0x0000000000000ab6       0xf2 ./Libraries/wch_libraries/Peripheral/ch32v10x_rcc.o
                0x0000000000000ab6                RCC_GetClocksFreq
 .text.RCC_APB2PeriphClockCmd
                0x0000000000000ba8       0x1e ./Libraries/wch_libraries/Peripheral/ch32v10x_rcc.o
                0x0000000000000ba8                RCC_APB2PeriphClockCmd
 .text.RCC_APB1PeriphClockCmd
                0x0000000000000bc6       0x1e ./Libraries/wch_libraries/Peripheral/ch32v10x_rcc.o
                0x0000000000000bc6                RCC_APB1PeriphClockCmd
 .text.SPI_Init
                0x0000000000000be4       0x5a ./Libraries/wch_libraries/Peripheral/ch32v10x_spi.o
                0x0000000000000be4                SPI_Init
 .text.SPI_Cmd  0x0000000000000c3e       0x26 ./Libraries/wch_libraries/Peripheral/ch32v10x_spi.o
                0x0000000000000c3e                SPI_Cmd
 .text.TIM_TimeBaseInit
                0x0000000000000c64       0xb6 ./Libraries/wch_libraries/Peripheral/ch32v10x_tim.o
                0x0000000000000c64                TIM_TimeBaseInit
 .text.TIM_OC1Init
                0x0000000000000d1a       0x8a ./Libraries/wch_libraries/Peripheral/ch32v10x_tim.o
                0x0000000000000d1a                TIM_OC1Init
 .text.TIM_OC2Init
                0x0000000000000da4       0xb2 ./Libraries/wch_libraries/Peripheral/ch32v10x_tim.o
                0x0000000000000da4                TIM_OC2Init
 .text.TIM_OC3Init
                0x0000000000000e56       0xb0 ./Libraries/wch_libraries/Peripheral/ch32v10x_tim.o
                0x0000000000000e56                TIM_OC3Init
 .text.TIM_OC4Init
                0x0000000000000f06       0x84 ./Libraries/wch_libraries/Peripheral/ch32v10x_tim.o
                0x0000000000000f06                TIM_OC4Init
 .text.TIM_TimeBaseStructInit
                0x0000000000000f8a       0x18 ./Libraries/wch_libraries/Peripheral/ch32v10x_tim.o
                0x0000000000000f8a                TIM_TimeBaseStructInit
 .text.TIM_Cmd  0x0000000000000fa2       0x24 ./Libraries/wch_libraries/Peripheral/ch32v10x_tim.o
                0x0000000000000fa2                TIM_Cmd
 .text.TIM_CtrlPWMOutputs
                0x0000000000000fc6       0x1e ./Libraries/wch_libraries/Peripheral/ch32v10x_tim.o
                0x0000000000000fc6                TIM_CtrlPWMOutputs
 .text.TIM_ITConfig
                0x0000000000000fe4       0x1e ./Libraries/wch_libraries/Peripheral/ch32v10x_tim.o
                0x0000000000000fe4                TIM_ITConfig
 .text.TIM_EncoderInterfaceConfig
                0x0000000000001002       0x46 ./Libraries/wch_libraries/Peripheral/ch32v10x_tim.o
                0x0000000000001002                TIM_EncoderInterfaceConfig
 .text.TIM_OC1PreloadConfig
                0x0000000000001048       0x12 ./Libraries/wch_libraries/Peripheral/ch32v10x_tim.o
                0x0000000000001048                TIM_OC1PreloadConfig
 .text.TIM_OC2PreloadConfig
                0x000000000000105a       0x1a ./Libraries/wch_libraries/Peripheral/ch32v10x_tim.o
                0x000000000000105a                TIM_OC2PreloadConfig
 .text.TIM_OC3PreloadConfig
                0x0000000000001074       0x12 ./Libraries/wch_libraries/Peripheral/ch32v10x_tim.o
                0x0000000000001074                TIM_OC3PreloadConfig
 .text.TIM_OC4PreloadConfig
                0x0000000000001086       0x1a ./Libraries/wch_libraries/Peripheral/ch32v10x_tim.o
                0x0000000000001086                TIM_OC4PreloadConfig
 .text.TIM_OC1FastConfig
                0x00000000000010a0       0x12 ./Libraries/wch_libraries/Peripheral/ch32v10x_tim.o
                0x00000000000010a0                TIM_OC1FastConfig
 .text.TIM_OC2FastConfig
                0x00000000000010b2       0x1a ./Libraries/wch_libraries/Peripheral/ch32v10x_tim.o
                0x00000000000010b2                TIM_OC2FastConfig
 .text.TIM_OC3FastConfig
                0x00000000000010cc       0x12 ./Libraries/wch_libraries/Peripheral/ch32v10x_tim.o
                0x00000000000010cc                TIM_OC3FastConfig
 .text.TIM_OC4FastConfig
                0x00000000000010de       0x1a ./Libraries/wch_libraries/Peripheral/ch32v10x_tim.o
                0x00000000000010de                TIM_OC4FastConfig
 .text.TIM_GetITStatus
                0x00000000000010f8       0x1c ./Libraries/wch_libraries/Peripheral/ch32v10x_tim.o
                0x00000000000010f8                TIM_GetITStatus
 .text.TIM_ClearITPendingBit
                0x0000000000001114        0xe ./Libraries/wch_libraries/Peripheral/ch32v10x_tim.o
                0x0000000000001114                TIM_ClearITPendingBit
 .text.USART_Init
                0x0000000000001122       0xf8 ./Libraries/wch_libraries/Peripheral/ch32v10x_usart.o
                0x0000000000001122                USART_Init
 .text.USART_Cmd
                0x000000000000121a       0x20 ./Libraries/wch_libraries/Peripheral/ch32v10x_usart.o
                0x000000000000121a                USART_Cmd
 .text.USART_ITConfig
                0x000000000000123a       0x3c ./Libraries/wch_libraries/Peripheral/ch32v10x_usart.o
                0x000000000000123a                USART_ITConfig
 .text.USART_SendData
                0x0000000000001276        0xa ./Libraries/wch_libraries/Peripheral/ch32v10x_usart.o
                0x0000000000001276                USART_SendData
 .text.USART_ReceiveData
                0x0000000000001280        0xa ./Libraries/wch_libraries/Peripheral/ch32v10x_usart.o
                0x0000000000001280                USART_ReceiveData
 .text.USART_GetFlagStatus
                0x000000000000128a        0xc ./Libraries/wch_libraries/Peripheral/ch32v10x_usart.o
                0x000000000000128a                USART_GetFlagStatus
 .text.USART_GetITStatus
                0x0000000000001296       0x4c ./Libraries/wch_libraries/Peripheral/ch32v10x_usart.o
                0x0000000000001296                USART_GetITStatus
 .text.USART_ClearITPendingBit
                0x00000000000012e2       0x16 ./Libraries/wch_libraries/Peripheral/ch32v10x_usart.o
                0x00000000000012e2                USART_ClearITPendingBit
 .text.lcd_writeIndex
                0x00000000000012f8       0x34 ./Libraries/seekfree_peripheral/SEEKFREE_18TFT.o
                0x00000000000012f8                lcd_writeIndex
 .text.lcd_writeData
                0x000000000000132c       0x34 ./Libraries/seekfree_peripheral/SEEKFREE_18TFT.o
                0x000000000000132c                lcd_writeData
 .text.lcd_writedata_16bit
                0x0000000000001360       0x3a ./Libraries/seekfree_peripheral/SEEKFREE_18TFT.o
                0x0000000000001360                lcd_writedata_16bit
 .text.lcd_set_region
                0x000000000000139a      0x104 ./Libraries/seekfree_peripheral/SEEKFREE_18TFT.o
                0x000000000000139a                lcd_set_region
 .text.lcd_clear
                0x000000000000149e       0x44 ./Libraries/seekfree_peripheral/SEEKFREE_18TFT.o
                0x000000000000149e                lcd_clear
 .text.lcd_init
                0x00000000000014e2      0x284 ./Libraries/seekfree_peripheral/SEEKFREE_18TFT.o
                0x00000000000014e2                lcd_init
 .text.lcd_showchar
                0x0000000000001766       0x9a ./Libraries/seekfree_peripheral/SEEKFREE_18TFT.o
                0x0000000000001766                lcd_showchar
 .text.lcd_showstr
                0x0000000000001800       0x4c ./Libraries/seekfree_peripheral/SEEKFREE_18TFT.o
                0x0000000000001800                lcd_showstr
 .text.lcd_showuint8
                0x000000000000184c       0x72 ./Libraries/seekfree_peripheral/SEEKFREE_18TFT.o
                0x000000000000184c                lcd_showuint8
 .text.lcd_showint16
                0x00000000000018be       0xbc ./Libraries/seekfree_peripheral/SEEKFREE_18TFT.o
                0x00000000000018be                lcd_showint16
 .text.lcd_showuint16
                0x000000000000197a       0x8e ./Libraries/seekfree_peripheral/SEEKFREE_18TFT.o
                0x000000000000197a                lcd_showuint16
 .text.lcd_showfloat
                0x0000000000001a08      0x146 ./Libraries/seekfree_peripheral/SEEKFREE_18TFT.o
                0x0000000000001a08                lcd_showfloat
 .text.mt9v03x_uart_callback
                0x0000000000001b4e       0x50 ./Libraries/seekfree_peripheral/SEEKFREE_MT9V03X.o
                0x0000000000001b4e                mt9v03x_uart_callback
 .text.mt9v03x_vsync
                0x0000000000001b9e       0x16 ./Libraries/seekfree_peripheral/SEEKFREE_MT9V03X.o
                0x0000000000001b9e                mt9v03x_vsync
 .text.mt9v03x_dma
                0x0000000000001bb4       0x16 ./Libraries/seekfree_peripheral/SEEKFREE_MT9V03X.o
                0x0000000000001bb4                mt9v03x_dma
 .text.number_conversion_ascii
                0x0000000000001bca       0x88 ./Libraries/seekfree_peripheral/SEEKFREE_PRINTF.o
                0x0000000000001bca                number_conversion_ascii
 .text.printf_reverse_order
                0x0000000000001c52       0x32 ./Libraries/seekfree_peripheral/SEEKFREE_PRINTF.o
                0x0000000000001c52                printf_reverse_order
 .text.zf_sprintf
                0x0000000000001c84      0x314 ./Libraries/seekfree_peripheral/SEEKFREE_PRINTF.o
                0x0000000000001c84                zf_sprintf
 .text.ov7725_cof_uart_interrupt
                0x0000000000001f98       0x50 ./Libraries/seekfree_peripheral/SEEKFREE_UART_7725.o
                0x0000000000001f98                ov7725_cof_uart_interrupt
 .text.ov7725_uart_vsync
                0x0000000000001fe8       0x16 ./Libraries/seekfree_peripheral/SEEKFREE_UART_7725.o
                0x0000000000001fe8                ov7725_uart_vsync
 .text.ov7725_uart_dma
                0x0000000000001ffe       0x16 ./Libraries/seekfree_peripheral/SEEKFREE_UART_7725.o
                0x0000000000001ffe                ov7725_uart_dma
 .text.flash_check
                0x0000000000002014       0x36 ./Libraries/seekfree_libraries/zf_flash.o
                0x0000000000002014                flash_check
 .text.flash_erase_page
                0x000000000000204a       0x4a ./Libraries/seekfree_libraries/zf_flash.o
                0x000000000000204a                flash_erase_page
 .text.flash_page_read
                0x0000000000002094       0x32 ./Libraries/seekfree_libraries/zf_flash.o
                0x0000000000002094                flash_page_read
 .text.flash_page_program
                0x00000000000020c6       0x84 ./Libraries/seekfree_libraries/zf_flash.o
                0x00000000000020c6                flash_page_program
 .text.gpio_init
                0x000000000000214a      0x112 ./Libraries/seekfree_libraries/zf_gpio.o
                0x000000000000214a                gpio_init
 .text.gpio_set
                0x000000000000225c       0x3a ./Libraries/seekfree_libraries/zf_gpio.o
                0x000000000000225c                gpio_set
 .text.gpio_get
                0x0000000000002296       0x22 ./Libraries/seekfree_libraries/zf_gpio.o
                0x0000000000002296                gpio_get
 .text.gpio_interrupt_init
                0x00000000000022b8       0x52 ./Libraries/seekfree_libraries/zf_gpio.o
                0x00000000000022b8                gpio_interrupt_init
 .text.close_all_irq
                0x000000000000230a       0x10 ./Libraries/seekfree_libraries/zf_nvic.o
                0x000000000000230a                close_all_irq
 .text.nvic_init
                0x000000000000231a       0x50 ./Libraries/seekfree_libraries/zf_nvic.o
                0x000000000000231a                nvic_init
 .text.sys_recover_irq
                0x000000000000236a       0x18 ./Libraries/seekfree_libraries/zf_nvic.o
                0x000000000000236a                sys_recover_irq
 .text.DisableGlobalIRQ
                0x0000000000002382       0x28 ./Libraries/seekfree_libraries/zf_nvic.o
                0x0000000000002382                DisableGlobalIRQ
 .text.EnableGlobalIRQ
                0x00000000000023aa       0x14 ./Libraries/seekfree_libraries/zf_nvic.o
                0x00000000000023aa                EnableGlobalIRQ
 .text.timer_pit_interrupt_ms
                0x00000000000023be      0x118 ./Libraries/seekfree_libraries/zf_pit.o
                0x00000000000023be                timer_pit_interrupt_ms
 .text.pwm_gpio_init
                0x00000000000024d6      0x29a ./Libraries/seekfree_libraries/zf_pwm.o
                0x00000000000024d6                pwm_gpio_init
 .text.pwm_init
                0x0000000000002770      0x206 ./Libraries/seekfree_libraries/zf_pwm.o
                0x0000000000002770                pwm_init
 .text.pwm_duty
                0x0000000000002976       0x90 ./Libraries/seekfree_libraries/zf_pwm.o
                0x0000000000002976                pwm_duty
 .text.timer_gpio_quad_init
                0x0000000000002a06      0x130 ./Libraries/seekfree_libraries/zf_qtimer.o
                0x0000000000002a06                timer_gpio_quad_init
 .text.timer_quad_init
                0x0000000000002b36      0x106 ./Libraries/seekfree_libraries/zf_qtimer.o
                0x0000000000002b36                timer_quad_init
 .text.timer_quad_get
                0x0000000000002c3c       0x16 ./Libraries/seekfree_libraries/zf_qtimer.o
                0x0000000000002c3c                timer_quad_get
 .text.timer_quad_clear
                0x0000000000002c52       0x12 ./Libraries/seekfree_libraries/zf_qtimer.o
                0x0000000000002c52                timer_quad_clear
 .text.spi_gpio_init
                0x0000000000002c64      0x15c ./Libraries/seekfree_libraries/zf_spi.o
                0x0000000000002c64                spi_gpio_init
 .text.spi_init
                0x0000000000002dc0      0x102 ./Libraries/seekfree_libraries/zf_spi.o
                0x0000000000002dc0                spi_init
 .text.spi_mosi
                0x0000000000002ec2       0x3a ./Libraries/seekfree_libraries/zf_spi.o
                0x0000000000002ec2                spi_mosi
 .text.systick_delay
                0x0000000000002efc       0x3e ./Libraries/seekfree_libraries/zf_systick.o
                0x0000000000002efc                systick_delay
 .text.uart_gpio_init
                0x0000000000002f3a       0xc6 ./Libraries/seekfree_libraries/zf_uart.o
                0x0000000000002f3a                uart_gpio_init
 .text.uart_init
                0x0000000000003000       0xca ./Libraries/seekfree_libraries/zf_uart.o
                0x0000000000003000                uart_init
 .text.uart_putchar
                0x00000000000030ca       0x20 ./Libraries/seekfree_libraries/zf_uart.o
                0x00000000000030ca                uart_putchar
 .text.uart_putbuff
                0x00000000000030ea       0x32 ./Libraries/seekfree_libraries/zf_uart.o
                0x00000000000030ea                uart_putbuff
 .text.uart_rx_irq
                0x000000000000311c       0x3c ./Libraries/seekfree_libraries/zf_uart.o
                0x000000000000311c                uart_rx_irq
 .text.board_init
                0x0000000000003158       0x26 ./Libraries/board/board.o
                0x0000000000003158                board_init
 .text._write   0x000000000000317e       0x4e ./Libraries/board/board.o
                0x000000000000317e                _write
 .text.SystemInit
                0x00000000000031cc      0x10c ./Libraries/board/clock_config.o
                0x00000000000031cc                SystemInit
 .text.Beep_Init
                0x00000000000032d8       0x1a ./CODE/Beep.o
                0x00000000000032d8                Beep_Init
 .text.Encoder_Master_Init
                0x00000000000032f2       0x1e ./CODE/Encoder.o
                0x00000000000032f2                Encoder_Master_Init
 .text.Encoder_Master_Get
                0x0000000000003310       0x64 ./CODE/Encoder.o
                0x0000000000003310                Encoder_Master_Get
 .text.Key_Init
                0x0000000000003374       0x54 ./CODE/Key.o
                0x0000000000003374                Key_Init
 .text.MCUC_Master_Init
                0x00000000000033c8       0x4e ./CODE/MCUCommunication.o
                0x00000000000033c8                MCUC_Master_Init
 .text.Get_Slave_Data
                0x0000000000003416       0x62 ./CODE/MCUCommunication.o
                0x0000000000003416                Get_Slave_Data
 .text.Data_Analysis
                0x0000000000003478      0x16a ./CODE/MCUCommunication.o
                0x0000000000003478                Data_Analysis
 .text.USART3_IRQHandler
                0x00000000000035e2       0x8a ./CODE/MCUCommunication.o
                0x00000000000035e2                USART3_IRQHandler
 .text.EXTI0_IRQHandler
                0x000000000000366c       0x72 ./CODE/MCUCommunication.o
                0x000000000000366c                EXTI0_IRQHandler
 .text.Menu_Home_Page
                0x00000000000036de       0xe4 ./CODE/Menu.o
                0x00000000000036de                Menu_Home_Page
 .text.Menu_Parameter_Page
                0x00000000000037c2      0x220 ./CODE/Menu.o
                0x00000000000037c2                Menu_Parameter_Page
 .text.Menu_Sonars_Page
                0x00000000000039e2      0x140 ./CODE/Menu.o
                0x00000000000039e2                Menu_Sonars_Page
 .text.Menu_Debug_Page
                0x0000000000003b22      0x18c ./CODE/Menu.o
                0x0000000000003b22                Menu_Debug_Page
 .text.Menu_Adc_Page
                0x0000000000003cae       0xc8 ./CODE/Menu.o
                0x0000000000003cae                Menu_Adc_Page
 .text.Menu_Control_Page
                0x0000000000003d76      0x154 ./CODE/Menu.o
                0x0000000000003d76                Menu_Control_Page
 .text.Menu     0x0000000000003eca       0x50 ./CODE/Menu.o
                0x0000000000003eca                Menu
 .text.Motor_All_Init
                0x0000000000003f1a       0x4c ./CODE/Motor.o
                0x0000000000003f1a                Motor_All_Init
 .text.Motor_Set_Duty
                0x0000000000003f66       0x52 ./CODE/Motor.o
                0x0000000000003f66                Motor_Set_Duty
 .text.Motor_Speed_Limit
                0x0000000000003fb8       0x32 ./CODE/Motor.o
                0x0000000000003fb8                Motor_Speed_Limit
 .text.Moter_Move
                0x0000000000003fea       0x7a ./CODE/Motor.o
                0x0000000000003fea                Moter_Move
 .text.Motor_Set_Expect_Speed
                0x0000000000004064       0x62 ./CODE/Motor.o
                0x0000000000004064                Motor_Set_Expect_Speed
 .text.Motor_Set_Speed
                0x00000000000040c6        0xe ./CODE/Motor.o
                0x00000000000040c6                Motor_Set_Speed
 .text.Motor_Control
                0x00000000000040d4       0x24 ./CODE/Motor.o
                0x00000000000040d4                Motor_Control
 .text.ALLPID_INIT
                0x00000000000040f8       0x5a ./CODE/PID.o
                0x00000000000040f8                ALLPID_INIT
 .text.PID_Control
                0x0000000000004152       0x32 ./CODE/PID.o
                0x0000000000004152                PID_Control
 .text.Robot_Communite_Init
                0x0000000000004184       0x40 ./CODE/Robot_Communite.o
                0x0000000000004184                Robot_Communite_Init
 .text.Add_Checksum
                0x00000000000041c4       0x32 ./CODE/Robot_Communite.o
                0x00000000000041c4                Add_Checksum
 .text.Add_SIP_Info
                0x00000000000041f6       0xa4 ./CODE/Robot_Communite.o
                0x00000000000041f6                Add_SIP_Info
 .text.Receive_Sip
                0x000000000000429a       0xa8 ./CODE/Robot_Communite.o
                0x000000000000429a                Receive_Sip
 .text.Start_Robot_Connection_Sync
                0x0000000000004342      0x116 ./CODE/Robot_Communite.o
                0x0000000000004342                Start_Robot_Connection_Sync
 .text.Keep_Robot_Communite
                0x0000000000004458      0x12c ./CODE/Robot_Communite.o
                0x0000000000004458                Keep_Robot_Communite
 .text.USART1_IRQHandler
                0x0000000000004584       0xb8 ./CODE/Robot_Communite.o
                0x0000000000004584                USART1_IRQHandler
 .text.CalcPos  0x000000000000463c      0x31c ./CODE/Style.o
                0x000000000000463c                CalcPos
 .text.Calc_Check_Sum
                0x0000000000004958       0x64 ./CODE/Util.o
                0x0000000000004958                Calc_Check_Sum
 .text.Clear_Sip_Data
                0x00000000000049bc        0x2 ./CODE/Util.o
                0x00000000000049bc                Clear_Sip_Data
 .text.Clear_Array
                0x00000000000049be       0x12 ./CODE/Util.o
                0x00000000000049be                Clear_Array
 .text.cos      0x00000000000049d0       0x8a d:/mounriver/mounriver_studio/toolchain/risc-v embedded gcc/bin/../lib/gcc/riscv-none-embed/8.2.0/../../../../riscv-none-embed/lib/rv32imac/ilp32\libm.a(lib_a-s_cos.o)
                0x00000000000049d0                cos
 .text.sin      0x0000000000004a5a       0x8e d:/mounriver/mounriver_studio/toolchain/risc-v embedded gcc/bin/../lib/gcc/riscv-none-embed/8.2.0/../../../../riscv-none-embed/lib/rv32imac/ilp32\libm.a(lib_a-s_sin.o)
                0x0000000000004a5a                sin
 .text.__ieee754_rem_pio2
                0x0000000000004ae8      0x464 d:/mounriver/mounriver_studio/toolchain/risc-v embedded gcc/bin/../lib/gcc/riscv-none-embed/8.2.0/../../../../riscv-none-embed/lib/rv32imac/ilp32\libm.a(lib_a-e_rem_pio2.o)
                0x0000000000004ae8                __ieee754_rem_pio2
 .text.__kernel_cos
                0x0000000000004f4c      0x2b8 d:/mounriver/mounriver_studio/toolchain/risc-v embedded gcc/bin/../lib/gcc/riscv-none-embed/8.2.0/../../../../riscv-none-embed/lib/rv32imac/ilp32\libm.a(lib_a-k_cos.o)
                0x0000000000004f4c                __kernel_cos
 .text.__kernel_rem_pio2
                0x0000000000005204      0x944 d:/mounriver/mounriver_studio/toolchain/risc-v embedded gcc/bin/../lib/gcc/riscv-none-embed/8.2.0/../../../../riscv-none-embed/lib/rv32imac/ilp32\libm.a(lib_a-k_rem_pio2.o)
                0x0000000000005204                __kernel_rem_pio2
 .text.__kernel_sin
                0x0000000000005b48      0x192 d:/mounriver/mounriver_studio/toolchain/risc-v embedded gcc/bin/../lib/gcc/riscv-none-embed/8.2.0/../../../../riscv-none-embed/lib/rv32imac/ilp32\libm.a(lib_a-k_sin.o)
                0x0000000000005b48                __kernel_sin
 .text.fabs     0x0000000000005cda        0x6 d:/mounriver/mounriver_studio/toolchain/risc-v embedded gcc/bin/../lib/gcc/riscv-none-embed/8.2.0/../../../../riscv-none-embed/lib/rv32imac/ilp32\libm.a(lib_a-s_fabs.o)
                0x0000000000005cda                fabs
 .text.floor    0x0000000000005ce0      0x150 d:/mounriver/mounriver_studio/toolchain/risc-v embedded gcc/bin/../lib/gcc/riscv-none-embed/8.2.0/../../../../riscv-none-embed/lib/rv32imac/ilp32\libm.a(lib_a-s_floor.o)
                0x0000000000005ce0                floor
 .text.scalbn   0x0000000000005e30      0x13e d:/mounriver/mounriver_studio/toolchain/risc-v embedded gcc/bin/../lib/gcc/riscv-none-embed/8.2.0/../../../../riscv-none-embed/lib/rv32imac/ilp32\libm.a(lib_a-s_scalbn.o)
                0x0000000000005e30                scalbn
 .text.copysign
                0x0000000000005f6e       0x16 d:/mounriver/mounriver_studio/toolchain/risc-v embedded gcc/bin/../lib/gcc/riscv-none-embed/8.2.0/../../../../riscv-none-embed/lib/rv32imac/ilp32\libm.a(lib_a-s_copysign.o)
                0x0000000000005f6e                copysign
 .text.__adddf3
                0x0000000000005f84      0x730 d:/mounriver/mounriver_studio/toolchain/risc-v embedded gcc/bin/../lib/gcc/riscv-none-embed/8.2.0/rv32imac/ilp32\libgcc.a(adddf3.o)
                0x0000000000005f84                __adddf3
 .text.__divdf3
                0x00000000000066b4      0x5b4 d:/mounriver/mounriver_studio/toolchain/risc-v embedded gcc/bin/../lib/gcc/riscv-none-embed/8.2.0/rv32imac/ilp32\libgcc.a(divdf3.o)
                0x00000000000066b4                __divdf3
 .text.__eqdf2  0x0000000000006c68       0x6a d:/mounriver/mounriver_studio/toolchain/risc-v embedded gcc/bin/../lib/gcc/riscv-none-embed/8.2.0/rv32imac/ilp32\libgcc.a(eqdf2.o)
                0x0000000000006c68                __nedf2
                0x0000000000006c68                __eqdf2
 .text.__gedf2  0x0000000000006cd2       0xae d:/mounriver/mounriver_studio/toolchain/risc-v embedded gcc/bin/../lib/gcc/riscv-none-embed/8.2.0/rv32imac/ilp32\libgcc.a(gedf2.o)
                0x0000000000006cd2                __gedf2
                0x0000000000006cd2                __gtdf2
 .text.__ledf2  0x0000000000006d80       0xb6 d:/mounriver/mounriver_studio/toolchain/risc-v embedded gcc/bin/../lib/gcc/riscv-none-embed/8.2.0/rv32imac/ilp32\libgcc.a(ledf2.o)
                0x0000000000006d80                __ledf2
                0x0000000000006d80                __ltdf2
 .text.__muldf3
                0x0000000000006e36      0x4b8 d:/mounriver/mounriver_studio/toolchain/risc-v embedded gcc/bin/../lib/gcc/riscv-none-embed/8.2.0/rv32imac/ilp32\libgcc.a(muldf3.o)
                0x0000000000006e36                __muldf3
 .text.__subdf3
                0x00000000000072ee      0x73e d:/mounriver/mounriver_studio/toolchain/risc-v embedded gcc/bin/../lib/gcc/riscv-none-embed/8.2.0/rv32imac/ilp32\libgcc.a(subdf3.o)
                0x00000000000072ee                __subdf3
 .text.__fixdfsi
                0x0000000000007a2c       0x68 d:/mounriver/mounriver_studio/toolchain/risc-v embedded gcc/bin/../lib/gcc/riscv-none-embed/8.2.0/rv32imac/ilp32\libgcc.a(fixdfsi.o)
                0x0000000000007a2c                __fixdfsi
 .text.__floatsidf
                0x0000000000007a94       0x72 d:/mounriver/mounriver_studio/toolchain/risc-v embedded gcc/bin/../lib/gcc/riscv-none-embed/8.2.0/rv32imac/ilp32\libgcc.a(floatsidf.o)
                0x0000000000007a94                __floatsidf
 .text.__addsf3
                0x0000000000007b06      0x36a d:/mounriver/mounriver_studio/toolchain/risc-v embedded gcc/bin/../lib/gcc/riscv-none-embed/8.2.0/rv32imac/ilp32\libgcc.a(addsf3.o)
                0x0000000000007b06                __addsf3
 .text.__divsf3
                0x0000000000007e70      0x2b2 d:/mounriver/mounriver_studio/toolchain/risc-v embedded gcc/bin/../lib/gcc/riscv-none-embed/8.2.0/rv32imac/ilp32\libgcc.a(divsf3.o)
                0x0000000000007e70                __divsf3
 .text.__lesf2  0x0000000000008122       0x8c d:/mounriver/mounriver_studio/toolchain/risc-v embedded gcc/bin/../lib/gcc/riscv-none-embed/8.2.0/rv32imac/ilp32\libgcc.a(lesf2.o)
                0x0000000000008122                __ltsf2
                0x0000000000008122                __lesf2
 .text.__mulsf3
                0x00000000000081ae      0x294 d:/mounriver/mounriver_studio/toolchain/risc-v embedded gcc/bin/../lib/gcc/riscv-none-embed/8.2.0/rv32imac/ilp32\libgcc.a(mulsf3.o)
                0x00000000000081ae                __mulsf3
 .text.__subsf3
                0x0000000000008442      0x388 d:/mounriver/mounriver_studio/toolchain/risc-v embedded gcc/bin/../lib/gcc/riscv-none-embed/8.2.0/rv32imac/ilp32\libgcc.a(subsf3.o)
                0x0000000000008442                __subsf3
 .text.__fixsfsi
                0x00000000000087ca       0x62 d:/mounriver/mounriver_studio/toolchain/risc-v embedded gcc/bin/../lib/gcc/riscv-none-embed/8.2.0/rv32imac/ilp32\libgcc.a(fixsfsi.o)
                0x00000000000087ca                __fixsfsi
 .text.__floatsisf
                0x000000000000882c       0xc6 d:/mounriver/mounriver_studio/toolchain/risc-v embedded gcc/bin/../lib/gcc/riscv-none-embed/8.2.0/rv32imac/ilp32\libgcc.a(floatsisf.o)
                0x000000000000882c                __floatsisf
 .text.__extendsfdf2
                0x00000000000088f2       0xac d:/mounriver/mounriver_studio/toolchain/risc-v embedded gcc/bin/../lib/gcc/riscv-none-embed/8.2.0/rv32imac/ilp32\libgcc.a(extendsfdf2.o)
                0x00000000000088f2                __extendsfdf2
 .text.__truncdfsf2
                0x000000000000899e      0x16a d:/mounriver/mounriver_studio/toolchain/risc-v embedded gcc/bin/../lib/gcc/riscv-none-embed/8.2.0/rv32imac/ilp32\libgcc.a(truncdfsf2.o)
                0x000000000000899e                __truncdfsf2
 .text.__clzsi2
                0x0000000000008b08       0x76 d:/mounriver/mounriver_studio/toolchain/risc-v embedded gcc/bin/../lib/gcc/riscv-none-embed/8.2.0/rv32imac/ilp32\libgcc.a(_clzsi2.o)
                0x0000000000008b08                __clzsi2
 .text.__assert_func
                0x0000000000008b7e       0x3a d:/mounriver/mounriver_studio/toolchain/risc-v embedded gcc/bin/../lib/gcc/riscv-none-embed/8.2.0/../../../../riscv-none-embed/lib/rv32imac/ilp32\libg_nano.a(lib_a-assert.o)
                0x0000000000008b7e                __assert_func
 .text.fprintf  0x0000000000008bb8       0x26 d:/mounriver/mounriver_studio/toolchain/risc-v embedded gcc/bin/../lib/gcc/riscv-none-embed/8.2.0/../../../../riscv-none-embed/lib/rv32imac/ilp32\libg_nano.a(lib_a-fprintf.o)
                0x0000000000008bb8                fiprintf
                0x0000000000008bb8                fprintf
 .text.memcpy   0x0000000000008bde       0xb6 d:/mounriver/mounriver_studio/toolchain/risc-v embedded gcc/bin/../lib/gcc/riscv-none-embed/8.2.0/../../../../riscv-none-embed/lib/rv32imac/ilp32\libg_nano.a(lib_a-memcpy.o)
                0x0000000000008bde                memcpy
 .text.__sfputc_r
                0x0000000000008c94       0x28 d:/mounriver/mounriver_studio/toolchain/risc-v embedded gcc/bin/../lib/gcc/riscv-none-embed/8.2.0/../../../../riscv-none-embed/lib/rv32imac/ilp32\libg_nano.a(lib_a-nano-vfprintf.o)
 .text.__sfputs_r
                0x0000000000008cbc       0x44 d:/mounriver/mounriver_studio/toolchain/risc-v embedded gcc/bin/../lib/gcc/riscv-none-embed/8.2.0/../../../../riscv-none-embed/lib/rv32imac/ilp32\libg_nano.a(lib_a-nano-vfprintf.o)
                0x0000000000008cbc                __sfputs_r
 .text._vfprintf_r
                0x0000000000008d00      0x2a0 d:/mounriver/mounriver_studio/toolchain/risc-v embedded gcc/bin/../lib/gcc/riscv-none-embed/8.2.0/../../../../riscv-none-embed/lib/rv32imac/ilp32\libg_nano.a(lib_a-nano-vfprintf.o)
                0x0000000000008d00                _vfprintf_r
                0x0000000000008d00                _vfiprintf_r
 .text._printf_common
                0x0000000000008fa0      0x10c d:/mounriver/mounriver_studio/toolchain/risc-v embedded gcc/bin/../lib/gcc/riscv-none-embed/8.2.0/../../../../riscv-none-embed/lib/rv32imac/ilp32\libg_nano.a(lib_a-nano-vfprintf_i.o)
                0x0000000000008fa0                _printf_common
 .text._printf_i
                0x00000000000090ac      0x2a4 d:/mounriver/mounriver_studio/toolchain/risc-v embedded gcc/bin/../lib/gcc/riscv-none-embed/8.2.0/../../../../riscv-none-embed/lib/rv32imac/ilp32\libg_nano.a(lib_a-nano-vfprintf_i.o)
                0x00000000000090ac                _printf_i
 .text.__swbuf_r
                0x0000000000009350       0xc0 d:/mounriver/mounriver_studio/toolchain/risc-v embedded gcc/bin/../lib/gcc/riscv-none-embed/8.2.0/../../../../riscv-none-embed/lib/rv32imac/ilp32\libg_nano.a(lib_a-wbuf.o)
                0x0000000000009350                __swbuf_r
 .text.__swsetup_r
                0x0000000000009410      0x10c d:/mounriver/mounriver_studio/toolchain/risc-v embedded gcc/bin/../lib/gcc/riscv-none-embed/8.2.0/../../../../riscv-none-embed/lib/rv32imac/ilp32\libg_nano.a(lib_a-wsetup.o)
                0x0000000000009410                __swsetup_r
 .text.abort    0x000000000000951c        0xe d:/mounriver/mounriver_studio/toolchain/risc-v embedded gcc/bin/../lib/gcc/riscv-none-embed/8.2.0/../../../../riscv-none-embed/lib/rv32imac/ilp32\libg_nano.a(lib_a-abort.o)
                0x000000000000951c                abort
 .text.__sflush_r
                0x000000000000952a      0x13c d:/mounriver/mounriver_studio/toolchain/risc-v embedded gcc/bin/../lib/gcc/riscv-none-embed/8.2.0/../../../../riscv-none-embed/lib/rv32imac/ilp32\libg_nano.a(lib_a-fflush.o)
                0x000000000000952a                __sflush_r
 .text._fflush_r
                0x0000000000009666       0x66 d:/mounriver/mounriver_studio/toolchain/risc-v embedded gcc/bin/../lib/gcc/riscv-none-embed/8.2.0/../../../../riscv-none-embed/lib/rv32imac/ilp32\libg_nano.a(lib_a-fflush.o)
                0x0000000000009666                _fflush_r
 .text.std      0x00000000000096cc       0x6a d:/mounriver/mounriver_studio/toolchain/risc-v embedded gcc/bin/../lib/gcc/riscv-none-embed/8.2.0/../../../../riscv-none-embed/lib/rv32imac/ilp32\libg_nano.a(lib_a-findfp.o)
 .text._cleanup_r
                0x0000000000009736        0xa d:/mounriver/mounriver_studio/toolchain/risc-v embedded gcc/bin/../lib/gcc/riscv-none-embed/8.2.0/../../../../riscv-none-embed/lib/rv32imac/ilp32\libg_nano.a(lib_a-findfp.o)
                0x0000000000009736                _cleanup_r
 .text.__sfmoreglue
                0x0000000000009740       0x46 d:/mounriver/mounriver_studio/toolchain/risc-v embedded gcc/bin/../lib/gcc/riscv-none-embed/8.2.0/../../../../riscv-none-embed/lib/rv32imac/ilp32\libg_nano.a(lib_a-findfp.o)
                0x0000000000009740                __sfmoreglue
 .text.__sinit  0x0000000000009786       0x6c d:/mounriver/mounriver_studio/toolchain/risc-v embedded gcc/bin/../lib/gcc/riscv-none-embed/8.2.0/../../../../riscv-none-embed/lib/rv32imac/ilp32\libg_nano.a(lib_a-findfp.o)
                0x0000000000009786                __sinit
 .text.__sfp    0x00000000000097f2       0xa0 d:/mounriver/mounriver_studio/toolchain/risc-v embedded gcc/bin/../lib/gcc/riscv-none-embed/8.2.0/../../../../riscv-none-embed/lib/rv32imac/ilp32\libg_nano.a(lib_a-findfp.o)
                0x00000000000097f2                __sfp
 .text._fwalk_reent
                0x0000000000009892       0x6c d:/mounriver/mounriver_studio/toolchain/risc-v embedded gcc/bin/../lib/gcc/riscv-none-embed/8.2.0/../../../../riscv-none-embed/lib/rv32imac/ilp32\libg_nano.a(lib_a-fwalk.o)
                0x0000000000009892                _fwalk_reent
 .text.__swhatbuf_r
                0x00000000000098fe       0x58 d:/mounriver/mounriver_studio/toolchain/risc-v embedded gcc/bin/../lib/gcc/riscv-none-embed/8.2.0/../../../../riscv-none-embed/lib/rv32imac/ilp32\libg_nano.a(lib_a-makebuf.o)
                0x00000000000098fe                __swhatbuf_r
 .text.__smakebuf_r
                0x0000000000009956       0x9e d:/mounriver/mounriver_studio/toolchain/risc-v embedded gcc/bin/../lib/gcc/riscv-none-embed/8.2.0/../../../../riscv-none-embed/lib/rv32imac/ilp32\libg_nano.a(lib_a-makebuf.o)
                0x0000000000009956                __smakebuf_r
 .text.memchr   0x00000000000099f4       0x1a d:/mounriver/mounriver_studio/toolchain/risc-v embedded gcc/bin/../lib/gcc/riscv-none-embed/8.2.0/../../../../riscv-none-embed/lib/rv32imac/ilp32\libg_nano.a(lib_a-memchr.o)
                0x00000000000099f4                memchr
 .text._free_r  0x0000000000009a0e       0xa4 d:/mounriver/mounriver_studio/toolchain/risc-v embedded gcc/bin/../lib/gcc/riscv-none-embed/8.2.0/../../../../riscv-none-embed/lib/rv32imac/ilp32\libg_nano.a(lib_a-nano-freer.o)
                0x0000000000009a0e                _free_r
 .text._malloc_r
                0x0000000000009ab2       0xce d:/mounriver/mounriver_studio/toolchain/risc-v embedded gcc/bin/../lib/gcc/riscv-none-embed/8.2.0/../../../../riscv-none-embed/lib/rv32imac/ilp32\libg_nano.a(lib_a-nano-mallocr.o)
                0x0000000000009ab2                _malloc_r
 .text._sbrk_r  0x0000000000009b80       0x28 d:/mounriver/mounriver_studio/toolchain/risc-v embedded gcc/bin/../lib/gcc/riscv-none-embed/8.2.0/../../../../riscv-none-embed/lib/rv32imac/ilp32\libg_nano.a(lib_a-sbrkr.o)
                0x0000000000009b80                _sbrk_r
 .text._raise_r
                0x0000000000009ba8       0x62 d:/mounriver/mounriver_studio/toolchain/risc-v embedded gcc/bin/../lib/gcc/riscv-none-embed/8.2.0/../../../../riscv-none-embed/lib/rv32imac/ilp32\libg_nano.a(lib_a-signal.o)
                0x0000000000009ba8                _raise_r
 .text.raise    0x0000000000009c0a        0xc d:/mounriver/mounriver_studio/toolchain/risc-v embedded gcc/bin/../lib/gcc/riscv-none-embed/8.2.0/../../../../riscv-none-embed/lib/rv32imac/ilp32\libg_nano.a(lib_a-signal.o)
                0x0000000000009c0a                raise
 .text._kill_r  0x0000000000009c16       0x2a d:/mounriver/mounriver_studio/toolchain/risc-v embedded gcc/bin/../lib/gcc/riscv-none-embed/8.2.0/../../../../riscv-none-embed/lib/rv32imac/ilp32\libg_nano.a(lib_a-signalr.o)
                0x0000000000009c16                _kill_r
 .text._getpid_r
                0x0000000000009c40        0x2 d:/mounriver/mounriver_studio/toolchain/risc-v embedded gcc/bin/../lib/gcc/riscv-none-embed/8.2.0/../../../../riscv-none-embed/lib/rv32imac/ilp32\libg_nano.a(lib_a-signalr.o)
                0x0000000000009c40                _getpid_r
 .text.__sread  0x0000000000009c42       0x30 d:/mounriver/mounriver_studio/toolchain/risc-v embedded gcc/bin/../lib/gcc/riscv-none-embed/8.2.0/../../../../riscv-none-embed/lib/rv32imac/ilp32\libg_nano.a(lib_a-stdio.o)
                0x0000000000009c42                __sread
 .text.__swrite
                0x0000000000009c72       0x4e d:/mounriver/mounriver_studio/toolchain/risc-v embedded gcc/bin/../lib/gcc/riscv-none-embed/8.2.0/../../../../riscv-none-embed/lib/rv32imac/ilp32\libg_nano.a(lib_a-stdio.o)
                0x0000000000009c72                __swrite
 .text.__sseek  0x0000000000009cc0       0x36 d:/mounriver/mounriver_studio/toolchain/risc-v embedded gcc/bin/../lib/gcc/riscv-none-embed/8.2.0/../../../../riscv-none-embed/lib/rv32imac/ilp32\libg_nano.a(lib_a-stdio.o)
                0x0000000000009cc0                __sseek
 .text.__sclose
                0x0000000000009cf6        0x6 d:/mounriver/mounriver_studio/toolchain/risc-v embedded gcc/bin/../lib/gcc/riscv-none-embed/8.2.0/../../../../riscv-none-embed/lib/rv32imac/ilp32\libg_nano.a(lib_a-stdio.o)
                0x0000000000009cf6                __sclose
 .text._write_r
                0x0000000000009cfc       0x2e d:/mounriver/mounriver_studio/toolchain/risc-v embedded gcc/bin/../lib/gcc/riscv-none-embed/8.2.0/../../../../riscv-none-embed/lib/rv32imac/ilp32\libg_nano.a(lib_a-writer.o)
                0x0000000000009cfc                _write_r
 .text._close_r
                0x0000000000009d2a       0x28 d:/mounriver/mounriver_studio/toolchain/risc-v embedded gcc/bin/../lib/gcc/riscv-none-embed/8.2.0/../../../../riscv-none-embed/lib/rv32imac/ilp32\libg_nano.a(lib_a-closer.o)
                0x0000000000009d2a                _close_r
 .text._fstat_r
                0x0000000000009d52       0x2a d:/mounriver/mounriver_studio/toolchain/risc-v embedded gcc/bin/../lib/gcc/riscv-none-embed/8.2.0/../../../../riscv-none-embed/lib/rv32imac/ilp32\libg_nano.a(lib_a-fstatr.o)
                0x0000000000009d52                _fstat_r
 .text._isatty_r
                0x0000000000009d7c       0x28 d:/mounriver/mounriver_studio/toolchain/risc-v embedded gcc/bin/../lib/gcc/riscv-none-embed/8.2.0/../../../../riscv-none-embed/lib/rv32imac/ilp32\libg_nano.a(lib_a-isattyr.o)
                0x0000000000009d7c                _isatty_r
 .text._lseek_r
                0x0000000000009da4       0x2c d:/mounriver/mounriver_studio/toolchain/risc-v embedded gcc/bin/../lib/gcc/riscv-none-embed/8.2.0/../../../../riscv-none-embed/lib/rv32imac/ilp32\libg_nano.a(lib_a-lseekr.o)
                0x0000000000009da4                _lseek_r
 .text.__malloc_lock
                0x0000000000009dd0        0x2 d:/mounriver/mounriver_studio/toolchain/risc-v embedded gcc/bin/../lib/gcc/riscv-none-embed/8.2.0/../../../../riscv-none-embed/lib/rv32imac/ilp32\libg_nano.a(lib_a-mlock.o)
                0x0000000000009dd0                __malloc_lock
 .text.__malloc_unlock
                0x0000000000009dd2        0x2 d:/mounriver/mounriver_studio/toolchain/risc-v embedded gcc/bin/../lib/gcc/riscv-none-embed/8.2.0/../../../../riscv-none-embed/lib/rv32imac/ilp32\libg_nano.a(lib_a-mlock.o)
                0x0000000000009dd2                __malloc_unlock
 .text._read_r  0x0000000000009dd4       0x2c d:/mounriver/mounriver_studio/toolchain/risc-v embedded gcc/bin/../lib/gcc/riscv-none-embed/8.2.0/../../../../riscv-none-embed/lib/rv32imac/ilp32\libg_nano.a(lib_a-readr.o)
                0x0000000000009dd4                _read_r
 .text._close   0x0000000000009e00        0xc d:/mounriver/mounriver_studio/toolchain/risc-v embedded gcc/bin/../lib/gcc/riscv-none-embed/8.2.0/../../../../riscv-none-embed/lib/rv32imac/ilp32\libnosys.a(close.o)
                0x0000000000009e00                _close
 .text._fstat   0x0000000000009e0c        0xc d:/mounriver/mounriver_studio/toolchain/risc-v embedded gcc/bin/../lib/gcc/riscv-none-embed/8.2.0/../../../../riscv-none-embed/lib/rv32imac/ilp32\libnosys.a(fstat.o)
                0x0000000000009e0c                _fstat
 .text._getpid  0x0000000000009e18        0xc d:/mounriver/mounriver_studio/toolchain/risc-v embedded gcc/bin/../lib/gcc/riscv-none-embed/8.2.0/../../../../riscv-none-embed/lib/rv32imac/ilp32\libnosys.a(getpid.o)
                0x0000000000009e18                _getpid
 .text._isatty  0x0000000000009e24        0xc d:/mounriver/mounriver_studio/toolchain/risc-v embedded gcc/bin/../lib/gcc/riscv-none-embed/8.2.0/../../../../riscv-none-embed/lib/rv32imac/ilp32\libnosys.a(isatty.o)
                0x0000000000009e24                _isatty
 .text._kill    0x0000000000009e30        0xc d:/mounriver/mounriver_studio/toolchain/risc-v embedded gcc/bin/../lib/gcc/riscv-none-embed/8.2.0/../../../../riscv-none-embed/lib/rv32imac/ilp32\libnosys.a(kill.o)
                0x0000000000009e30                _kill
 .text._lseek   0x0000000000009e3c        0xc d:/mounriver/mounriver_studio/toolchain/risc-v embedded gcc/bin/../lib/gcc/riscv-none-embed/8.2.0/../../../../riscv-none-embed/lib/rv32imac/ilp32\libnosys.a(lseek.o)
                0x0000000000009e3c                _lseek
 .text._read    0x0000000000009e48        0xc d:/mounriver/mounriver_studio/toolchain/risc-v embedded gcc/bin/../lib/gcc/riscv-none-embed/8.2.0/../../../../riscv-none-embed/lib/rv32imac/ilp32\libnosys.a(read.o)
                0x0000000000009e48                _read
 .text._sbrk    0x0000000000009e54       0x20 d:/mounriver/mounriver_studio/toolchain/risc-v embedded gcc/bin/../lib/gcc/riscv-none-embed/8.2.0/../../../../riscv-none-embed/lib/rv32imac/ilp32\libnosys.a(sbrk.o)
                0x0000000000009e54                _sbrk
 .text._exit    0x0000000000009e74        0x2 d:/mounriver/mounriver_studio/toolchain/risc-v embedded gcc/bin/../lib/gcc/riscv-none-embed/8.2.0/../../../../riscv-none-embed/lib/rv32imac/ilp32\libnosys.a(_exit.o)
                0x0000000000009e74                _exit
 *(.rodata)
 *fill*         0x0000000000009e76        0x2 
 .rodata        0x0000000000009e78       0x16 ./CODE/Robot_Communite.o
 *(.rodata*)
 *fill*         0x0000000000009e8e        0x2 
 .rodata.__func__.3213
                0x0000000000009e90        0xf ./Libraries/seekfree_peripheral/SEEKFREE_18TFT.o
 *fill*         0x0000000000009e9f        0x1 
 .rodata.lcd_set_region.str1.4
                0x0000000000009ea0       0x7c ./Libraries/seekfree_peripheral/SEEKFREE_18TFT.o
 .rodata.lcd_showfloat.str1.4
                0x0000000000009f1c        0x3 ./Libraries/seekfree_peripheral/SEEKFREE_18TFT.o
 *fill*         0x0000000000009f1f        0x1 
 .rodata.tft_ascii
                0x0000000000009f20      0x5f0 ./Libraries/seekfree_peripheral/SEEKFREE_FONT.o
                0x0000000000009f20                tft_ascii
 .rodata.zf_sprintf
                0x000000000000a510      0x150 ./Libraries/seekfree_peripheral/SEEKFREE_PRINTF.o
 *fill*         0x000000000000a660        0x0 
 .rodata.zf_sprintf.cst8
                0x000000000000a660        0x8 ./Libraries/seekfree_peripheral/SEEKFREE_PRINTF.o
 .rodata.GPION  0x000000000000a668       0x10 ./Libraries/seekfree_libraries/zf_gpio.o
                0x000000000000a668                GPION
 .rodata.__func__.3548
                0x000000000000a678       0x17 ./Libraries/seekfree_libraries/zf_pit.o
 *fill*         0x000000000000a68f        0x1 
 .rodata.timer_pit_interrupt_ms.str1.4
                0x000000000000a690       0x2d ./Libraries/seekfree_libraries/zf_pit.o
 *fill*         0x000000000000a6bd        0x3 
 .rodata.TIMERN
                0x000000000000a6c0       0x10 ./Libraries/seekfree_libraries/zf_qtimer.o
                0x000000000000a6c0                TIMERN
 .rodata.__func__.3349
                0x000000000000a6d0        0xe ./Libraries/seekfree_libraries/zf_spi.o
 *fill*         0x000000000000a6de        0x2 
 .rodata.spi_gpio_init.str1.4
                0x000000000000a6e0       0x2d ./Libraries/seekfree_libraries/zf_spi.o
 *fill*         0x000000000000a70d        0x3 
 .rodata.UARTN  0x000000000000a710       0x10 ./Libraries/seekfree_libraries/zf_uart.o
                0x000000000000a710                UARTN
 .rodata.Menu_Adc_Page.str1.4
                0x000000000000a720       0x1e ./CODE/Menu.o
 *fill*         0x000000000000a73e        0x2 
 .rodata.Menu_Control_Page.str1.4
                0x000000000000a740       0x28 ./CODE/Menu.o
 .rodata.Menu_Debug_Page.cst8
                0x000000000000a768        0x8 ./CODE/Menu.o
 .rodata.Menu_Debug_Page.str1.4
                0x000000000000a770       0x7c ./CODE/Menu.o
 .rodata.Menu_Home_Page.str1.4
                0x000000000000a7ec       0x31 ./CODE/Menu.o
 *fill*         0x000000000000a81d        0x3 
 .rodata.Menu_Parameter_Page.str1.4
                0x000000000000a820       0x4b ./CODE/Menu.o
 *fill*         0x000000000000a86b        0x1 
 .rodata.Menu_Sonars_Page.str1.4
                0x000000000000a86c       0x5a ./CODE/Menu.o
 *fill*         0x000000000000a8c6        0x2 
 .rodata.Motor_Set_Expect_Speed.cst4
                0x000000000000a8c8        0x8 ./CODE/Motor.o
 .rodata.CalcPos.cst4
                0x000000000000a8d0       0x10 ./CODE/Style.o
 .rodata.CalcPos.cst8
                0x000000000000a8e0       0x30 ./CODE/Style.o
 .rodata.__ieee754_rem_pio2.cst8
                0x000000000000a910       0x48 d:/mounriver/mounriver_studio/toolchain/risc-v embedded gcc/bin/../lib/gcc/riscv-none-embed/8.2.0/../../../../riscv-none-embed/lib/rv32imac/ilp32\libm.a(lib_a-e_rem_pio2.o)
 .rodata.npio2_hw
                0x000000000000a958       0x80 d:/mounriver/mounriver_studio/toolchain/risc-v embedded gcc/bin/../lib/gcc/riscv-none-embed/8.2.0/../../../../riscv-none-embed/lib/rv32imac/ilp32\libm.a(lib_a-e_rem_pio2.o)
 .rodata.two_over_pi
                0x000000000000a9d8      0x108 d:/mounriver/mounriver_studio/toolchain/risc-v embedded gcc/bin/../lib/gcc/riscv-none-embed/8.2.0/../../../../riscv-none-embed/lib/rv32imac/ilp32\libm.a(lib_a-e_rem_pio2.o)
 .rodata.__kernel_cos.cst8
                0x000000000000aae0       0x40 d:/mounriver/mounriver_studio/toolchain/risc-v embedded gcc/bin/../lib/gcc/riscv-none-embed/8.2.0/../../../../riscv-none-embed/lib/rv32imac/ilp32\libm.a(lib_a-k_cos.o)
                                         0x50 (size before relaxing)
 .rodata.PIo2   0x000000000000ab20       0x40 d:/mounriver/mounriver_studio/toolchain/risc-v embedded gcc/bin/../lib/gcc/riscv-none-embed/8.2.0/../../../../riscv-none-embed/lib/rv32imac/ilp32\libm.a(lib_a-k_rem_pio2.o)
 .rodata.__kernel_rem_pio2.cst8
                0x000000000000ab60       0x20 d:/mounriver/mounriver_studio/toolchain/risc-v embedded gcc/bin/../lib/gcc/riscv-none-embed/8.2.0/../../../../riscv-none-embed/lib/rv32imac/ilp32\libm.a(lib_a-k_rem_pio2.o)
                                         0x38 (size before relaxing)
 .rodata.init_jk
                0x000000000000ab80       0x10 d:/mounriver/mounriver_studio/toolchain/risc-v embedded gcc/bin/../lib/gcc/riscv-none-embed/8.2.0/../../../../riscv-none-embed/lib/rv32imac/ilp32\libm.a(lib_a-k_rem_pio2.o)
 .rodata.__kernel_sin.cst8
                0x000000000000ab90       0x30 d:/mounriver/mounriver_studio/toolchain/risc-v embedded gcc/bin/../lib/gcc/riscv-none-embed/8.2.0/../../../../riscv-none-embed/lib/rv32imac/ilp32\libm.a(lib_a-k_sin.o)
                                         0x38 (size before relaxing)
 .rodata.floor.cst8
                0x000000000000abc0        0x8 d:/mounriver/mounriver_studio/toolchain/risc-v embedded gcc/bin/../lib/gcc/riscv-none-embed/8.2.0/../../../../riscv-none-embed/lib/rv32imac/ilp32\libm.a(lib_a-s_floor.o)
 .rodata.scalbn.cst8
                0x000000000000abc8       0x18 d:/mounriver/mounriver_studio/toolchain/risc-v embedded gcc/bin/../lib/gcc/riscv-none-embed/8.2.0/../../../../riscv-none-embed/lib/rv32imac/ilp32\libm.a(lib_a-s_scalbn.o)
                                         0x20 (size before relaxing)
 .rodata.__divdf3
                0x000000000000abe0       0x40 d:/mounriver/mounriver_studio/toolchain/risc-v embedded gcc/bin/../lib/gcc/riscv-none-embed/8.2.0/rv32imac/ilp32\libgcc.a(divdf3.o)
 .rodata.__muldf3
                0x000000000000ac20       0x40 d:/mounriver/mounriver_studio/toolchain/risc-v embedded gcc/bin/../lib/gcc/riscv-none-embed/8.2.0/rv32imac/ilp32\libgcc.a(muldf3.o)
 .rodata.__divsf3
                0x000000000000ac60       0x80 d:/mounriver/mounriver_studio/toolchain/risc-v embedded gcc/bin/../lib/gcc/riscv-none-embed/8.2.0/rv32imac/ilp32\libgcc.a(divsf3.o)
 .rodata.__mulsf3
                0x000000000000ace0       0x40 d:/mounriver/mounriver_studio/toolchain/risc-v embedded gcc/bin/../lib/gcc/riscv-none-embed/8.2.0/rv32imac/ilp32\libgcc.a(mulsf3.o)
 .rodata.__clz_tab
                0x000000000000ad20      0x100 d:/mounriver/mounriver_studio/toolchain/risc-v embedded gcc/bin/../lib/gcc/riscv-none-embed/8.2.0/rv32imac/ilp32\libgcc.a(_clz.o)
                0x000000000000ad20                __clz_tab
 .rodata.__assert_func.str1.4
                0x000000000000ae20       0x3f d:/mounriver/mounriver_studio/toolchain/risc-v embedded gcc/bin/../lib/gcc/riscv-none-embed/8.2.0/../../../../riscv-none-embed/lib/rv32imac/ilp32\libg_nano.a(lib_a-assert.o)
                                         0x43 (size before relaxing)
 *fill*         0x000000000000ae5f        0x1 
 .rodata._vfprintf_r.str1.4
                0x000000000000ae60       0x13 d:/mounriver/mounriver_studio/toolchain/risc-v embedded gcc/bin/../lib/gcc/riscv-none-embed/8.2.0/../../../../riscv-none-embed/lib/rv32imac/ilp32\libg_nano.a(lib_a-nano-vfprintf.o)
 *fill*         0x000000000000ae73        0x1 
 .rodata._printf_i.str1.4
                0x000000000000ae74       0x28 d:/mounriver/mounriver_studio/toolchain/risc-v embedded gcc/bin/../lib/gcc/riscv-none-embed/8.2.0/../../../../riscv-none-embed/lib/rv32imac/ilp32\libg_nano.a(lib_a-nano-vfprintf_i.o)
                                         0x25 (size before relaxing)
 .rodata.__sf_fake_stderr
                0x000000000000ae9c       0x20 d:/mounriver/mounriver_studio/toolchain/risc-v embedded gcc/bin/../lib/gcc/riscv-none-embed/8.2.0/../../../../riscv-none-embed/lib/rv32imac/ilp32\libg_nano.a(lib_a-findfp.o)
                0x000000000000ae9c                __sf_fake_stderr
 .rodata.__sf_fake_stdin
                0x000000000000aebc       0x20 d:/mounriver/mounriver_studio/toolchain/risc-v embedded gcc/bin/../lib/gcc/riscv-none-embed/8.2.0/../../../../riscv-none-embed/lib/rv32imac/ilp32\libg_nano.a(lib_a-findfp.o)
                0x000000000000aebc                __sf_fake_stdin
 .rodata.__sf_fake_stdout
                0x000000000000aedc       0x20 d:/mounriver/mounriver_studio/toolchain/risc-v embedded gcc/bin/../lib/gcc/riscv-none-embed/8.2.0/../../../../riscv-none-embed/lib/rv32imac/ilp32\libg_nano.a(lib_a-findfp.o)
                0x000000000000aedc                __sf_fake_stdout
 *(.glue_7)
 *(.glue_7t)
 *(.gnu.linkonce.t.*)
                0x000000000000aefc                . = ALIGN (0x4)

.rela.dyn       0x000000000000aefc        0x0
 .rela.init     0x000000000000aefc        0x0 ./USER/isr.o
 .rela.vector   0x000000000000aefc        0x0 ./USER/isr.o
 .rela.text.handle_reset
                0x000000000000aefc        0x0 ./USER/isr.o
 .rela.text._vfprintf_r
                0x000000000000aefc        0x0 ./USER/isr.o
 .rela.text._sbrk_r
                0x000000000000aefc        0x0 ./USER/isr.o
 .rela.text._kill_r
                0x000000000000aefc        0x0 ./USER/isr.o
 .rela.text._write_r
                0x000000000000aefc        0x0 ./USER/isr.o
 .rela.text._close_r
                0x000000000000aefc        0x0 ./USER/isr.o
 .rela.text._fstat_r
                0x000000000000aefc        0x0 ./USER/isr.o
 .rela.text._isatty_r
                0x000000000000aefc        0x0 ./USER/isr.o
 .rela.text._lseek_r
                0x000000000000aefc        0x0 ./USER/isr.o
 .rela.text._read_r
                0x000000000000aefc        0x0 ./USER/isr.o
 .rela.text._close
                0x000000000000aefc        0x0 ./USER/isr.o
 .rela.text._fstat
                0x000000000000aefc        0x0 ./USER/isr.o
 .rela.text._getpid
                0x000000000000aefc        0x0 ./USER/isr.o
 .rela.text._isatty
                0x000000000000aefc        0x0 ./USER/isr.o
 .rela.text._kill
                0x000000000000aefc        0x0 ./USER/isr.o
 .rela.text._lseek
                0x000000000000aefc        0x0 ./USER/isr.o
 .rela.text._read
                0x000000000000aefc        0x0 ./USER/isr.o
 .rela.text._sbrk
                0x000000000000aefc        0x0 ./USER/isr.o

.fini           0x000000000000aefc        0x0
 *(SORT_NONE(.fini))
                0x000000000000aefc                . = ALIGN (0x4)
                [!provide]                        PROVIDE (_etext = .)
                [!provide]                        PROVIDE (_eitcm = .)

.preinit_array  0x000000000000aefc        0x0
                [!provide]                        PROVIDE (__preinit_array_start = .)
 *(.preinit_array)
                [!provide]                        PROVIDE (__preinit_array_end = .)

.init_array     0x000000000000aefc        0x0
                [!provide]                        PROVIDE (__init_array_start = .)
 *(SORT_BY_INIT_PRIORITY(.init_array.*) SORT_BY_INIT_PRIORITY(.ctors.*))
 *(.init_array EXCLUDE_FILE(*crtend?.o *crtend.o *crtbegin?.o *crtbegin.o) .ctors)
                [!provide]                        PROVIDE (__init_array_end = .)

.fini_array     0x000000000000aefc        0x0
                [!provide]                        PROVIDE (__fini_array_start = .)
 *(SORT_BY_INIT_PRIORITY(.fini_array.*) SORT_BY_INIT_PRIORITY(.dtors.*))
 *(.fini_array EXCLUDE_FILE(*crtend?.o *crtend.o *crtbegin?.o *crtbegin.o) .dtors)
                [!provide]                        PROVIDE (__fini_array_end = .)

.ctors
 *crtbegin.o(.ctors)
 *crtbegin?.o(.ctors)
 *(EXCLUDE_FILE(*crtend?.o *crtend.o) .ctors)
 *(SORT_BY_NAME(.ctors.*))
 *(.ctors)

.dtors
 *crtbegin.o(.dtors)
 *crtbegin?.o(.dtors)
 *(EXCLUDE_FILE(*crtend?.o *crtend.o) .dtors)
 *(SORT_BY_NAME(.dtors.*))
 *(.dtors)

.dalign         0x0000000020000000        0x0 load address 0x000000000000aefc
                0x0000000020000000                . = ALIGN (0x4)
                0x0000000020000000                PROVIDE (_data_vma = .)

.dlalign        0x000000000000aefc        0x0
                0x000000000000aefc                . = ALIGN (0x4)
                0x000000000000aefc                PROVIDE (_data_lma = .)

.data           0x0000000020000000      0x118 load address 0x000000000000aefc
 *(.gnu.linkonce.r.*)
 *(.data .data.*)
 .data.APBAHBPrescTable
                0x0000000020000000       0x10 ./Libraries/wch_libraries/Peripheral/ch32v10x_rcc.o
 .data.standard_io_info
                0x0000000020000010       0x1f ./CODE/Data.o
                0x0000000020000010                standard_io_info
 *fill*         0x000000002000002f        0x1 
 .data.standard_sip_info
                0x0000000020000030       0x31 ./CODE/Data.o
                0x0000000020000030                standard_sip_info
 *fill*         0x0000000020000061        0x3 
 .data.parameter
                0x0000000020000064       0x10 ./CODE/Menu.o
                0x0000000020000064                parameter
 .data.impure_data
                0x0000000020000074       0x60 d:/mounriver/mounriver_studio/toolchain/risc-v embedded gcc/bin/../lib/gcc/riscv-none-embed/8.2.0/../../../../riscv-none-embed/lib/rv32imac/ilp32\libg_nano.a(lib_a-impure.o)
 *(.gnu.linkonce.d.*)
                0x00000000200000d8                . = ALIGN (0x8)
 *fill*         0x00000000200000d4        0x4 
                0x00000000200008d8                PROVIDE (__global_pointer$ = (. + 0x800))
 *(.sdata .sdata.*)
 .sdata.ADCPrescTable
                0x00000000200000d8        0x4 ./Libraries/wch_libraries/Peripheral/ch32v10x_rcc.o
 .sdata.camera_type
                0x00000000200000dc        0x4 ./Libraries/seekfree_libraries/common.o
                0x00000000200000dc                camera_type
 .sdata.gFlashStatus.3178
                0x00000000200000e0        0x4 ./Libraries/seekfree_libraries/zf_flash.o
 .sdata.gFlashStatus.3197
                0x00000000200000e4        0x4 ./Libraries/seekfree_libraries/zf_flash.o
 .sdata.pageindex
                0x00000000200000e8        0x1 ./CODE/Menu.o
                0x00000000200000e8                pageindex
 *fill*         0x00000000200000e9        0x3 
 .sdata.Left_Motor
                0x00000000200000ec        0x4 ./CODE/PID.o
                0x00000000200000ec                Left_Motor
 .sdata.Right_Motor
                0x00000000200000f0        0x4 ./CODE/PID.o
                0x00000000200000f0                Right_Motor
 .sdata.check_sum_error
                0x00000000200000f4        0x1 ./CODE/Robot_Communite.o
                0x00000000200000f4                check_sum_error
 *fill*         0x00000000200000f5        0x3 
 .sdata.robot_connect_state
                0x00000000200000f8        0x4 ./CODE/Robot_Communite.o
                0x00000000200000f8                robot_connect_state
 .sdata.start_receive_flag.6160
                0x00000000200000fc        0x1 ./CODE/Robot_Communite.o
 *fill*         0x00000000200000fd        0x3 
 .sdata.store_sip_info_point.6175
                0x0000000020000100        0x4 ./CODE/Robot_Communite.o
 .sdata._impure_ptr
                0x0000000020000104        0x4 d:/mounriver/mounriver_studio/toolchain/risc-v embedded gcc/bin/../lib/gcc/riscv-none-embed/8.2.0/../../../../riscv-none-embed/lib/rv32imac/ilp32\libg_nano.a(lib_a-impure.o)
                0x0000000020000104                _impure_ptr
 *(.sdata2.*)
 .sdata2.SPIN   0x0000000020000108        0x8 ./Libraries/seekfree_libraries/zf_spi.o
                0x0000000020000108                SPIN
 .sdata2._global_impure_ptr
                0x0000000020000110        0x4 d:/mounriver/mounriver_studio/toolchain/risc-v embedded gcc/bin/../lib/gcc/riscv-none-embed/8.2.0/../../../../riscv-none-embed/lib/rv32imac/ilp32\libg_nano.a(lib_a-impure.o)
                0x0000000020000110                _global_impure_ptr
 *(.gnu.linkonce.s.*)
                0x0000000020000118                . = ALIGN (0x8)
 *fill*         0x0000000020000114        0x4 
 *(.srodata.cst16)
 *(.srodata.cst8)
 *(.srodata.cst4)
 *(.srodata.cst2)
 *(.srodata .srodata.*)
                0x0000000020000118                . = ALIGN (0x4)
                0x0000000020000118                PROVIDE (_edata = .)

.bss            0x0000000020000118      0x108 load address 0x000000000000b014
                0x0000000020000118                . = ALIGN (0x4)
                0x0000000020000118                PROVIDE (_sbss = .)
 *(.sbss*)
 .sbss.jump_happen.6191
                0x0000000020000118        0x1 ./USER/isr.o
 .sbss.mt9v03x_finish_flag
                0x0000000020000119        0x1 ./Libraries/seekfree_peripheral/SEEKFREE_MT9V03X.o
                0x0000000020000119                mt9v03x_finish_flag
 *fill*         0x000000002000011a        0x2 
 .sbss.receive  0x000000002000011c        0x3 ./Libraries/seekfree_peripheral/SEEKFREE_MT9V03X.o
                0x000000002000011c                receive
 .sbss.receive_num
                0x000000002000011f        0x1 ./Libraries/seekfree_peripheral/SEEKFREE_MT9V03X.o
                0x000000002000011f                receive_num
 .sbss.uart_receive_flag
                0x0000000020000120        0x1 ./Libraries/seekfree_peripheral/SEEKFREE_MT9V03X.o
                0x0000000020000120                uart_receive_flag
 .sbss.ov7725_uart_finish_flag
                0x0000000020000121        0x1 ./Libraries/seekfree_peripheral/SEEKFREE_UART_7725.o
                0x0000000020000121                ov7725_uart_finish_flag
 *fill*         0x0000000020000122        0x2 
 .sbss.ov7725_uart_receive
                0x0000000020000124        0x3 ./Libraries/seekfree_peripheral/SEEKFREE_UART_7725.o
                0x0000000020000124                ov7725_uart_receive
 .sbss.ov7725_uart_receive_flag
                0x0000000020000127        0x1 ./Libraries/seekfree_peripheral/SEEKFREE_UART_7725.o
                0x0000000020000127                ov7725_uart_receive_flag
 .sbss.ov7725_uart_receive_num
                0x0000000020000128        0x1 ./Libraries/seekfree_peripheral/SEEKFREE_UART_7725.o
                0x0000000020000128                ov7725_uart_receive_num
 *fill*         0x0000000020000129        0x3 
 .sbss.sys_clk  0x000000002000012c        0x4 ./Libraries/seekfree_libraries/common.o
                0x000000002000012c                sys_clk
 .sbss.voltage  0x0000000020000130        0x1 ./CODE/Data.o
                0x0000000020000130                voltage
 *fill*         0x0000000020000131        0x3 
 .sbss.encoder_master_data
                0x0000000020000134        0x4 ./CODE/Encoder.o
                0x0000000020000134                encoder_master_data
 .sbss.roll_flag
                0x0000000020000138        0x1 ./CODE/Encoder.o
                0x0000000020000138                roll_flag
 *fill*         0x0000000020000139        0x3 
 .sbss.key_state
                0x000000002000013c        0x4 ./CODE/Key.o
                0x000000002000013c                key_state
 .sbss.input_adc
                0x0000000020000140        0x8 ./CODE/MCUCommunication.o
                0x0000000020000140                input_adc
 .sbss.uart_flag
                0x0000000020000148        0x1 ./CODE/MCUCommunication.o
                0x0000000020000148                uart_flag
 .sbss.uart_num.6150
                0x0000000020000149        0x1 ./CODE/MCUCommunication.o
 *fill*         0x000000002000014a        0x2 
 .sbss.key_setting_state.6156
                0x000000002000014c        0x4 ./CODE/Menu.o
 .sbss.page_col
                0x0000000020000150        0x1 ./CODE/Menu.o
                0x0000000020000150                page_col
 .sbss.page_row
                0x0000000020000151        0x1 ./CODE/Menu.o
                0x0000000020000151                page_row
 .sbss.reset_page.6163
                0x0000000020000152        0x1 ./CODE/Menu.o
 *fill*         0x0000000020000153        0x1 
 .sbss.Controlspeed
                0x0000000020000154        0x4 ./CODE/Motor.o
                0x0000000020000154                Controlspeed
 .sbss.Duty     0x0000000020000158        0x4 ./CODE/PID.o
                0x0000000020000158                Duty
 .sbss.Expspeed
                0x000000002000015c        0x4 ./CODE/PID.o
                0x000000002000015c                Expspeed
 .sbss.cnt.6159
                0x0000000020000160        0x1 ./CODE/Robot_Communite.o
 *fill*         0x0000000020000161        0x3 
 .sbss.sip_receive_info
                0x0000000020000164        0x4 ./CODE/Robot_Communite.o
                0x0000000020000164                sip_receive_info
 .sbss.start_pulse.6166
                0x0000000020000168        0x1 ./CODE/Robot_Communite.o
 *fill*         0x0000000020000169        0x3 
 .sbss.sync.6165
                0x000000002000016c        0x4 ./CODE/Robot_Communite.o
 .sbss.uart_state
                0x0000000020000170        0x1 ./CODE/Robot_Communite.o
                0x0000000020000170                uart_state
 *fill*         0x0000000020000171        0x3 
 .sbss.robot_style
                0x0000000020000174        0x6 ./CODE/Style.o
                0x0000000020000174                robot_style
 *fill*         0x000000002000017a        0x2 
 .sbss.robot_theta
                0x000000002000017c        0x4 ./CODE/Style.o
                0x000000002000017c                robot_theta
 .sbss.x_pos    0x0000000020000180        0x4 ./CODE/Style.o
                0x0000000020000180                x_pos
 .sbss.y_pos    0x0000000020000184        0x4 ./CODE/Style.o
                0x0000000020000184                y_pos
 .sbss.__malloc_free_list
                0x0000000020000188        0x4 d:/mounriver/mounriver_studio/toolchain/risc-v embedded gcc/bin/../lib/gcc/riscv-none-embed/8.2.0/../../../../riscv-none-embed/lib/rv32imac/ilp32\libg_nano.a(lib_a-nano-mallocr.o)
                0x0000000020000188                __malloc_free_list
 .sbss.__malloc_sbrk_start
                0x000000002000018c        0x4 d:/mounriver/mounriver_studio/toolchain/risc-v embedded gcc/bin/../lib/gcc/riscv-none-embed/8.2.0/../../../../riscv-none-embed/lib/rv32imac/ilp32\libg_nano.a(lib_a-nano-mallocr.o)
                0x000000002000018c                __malloc_sbrk_start
 .sbss.heap_end.1518
                0x0000000020000190        0x4 d:/mounriver/mounriver_studio/toolchain/risc-v embedded gcc/bin/../lib/gcc/riscv-none-embed/8.2.0/../../../../riscv-none-embed/lib/rv32imac/ilp32\libnosys.a(sbrk.o)
 *(.gnu.linkonce.sb.*)
 *(.bss*)
 .bss.irq_status
                0x0000000020000194        0xc ./Libraries/seekfree_libraries/common.o
                0x0000000020000194                irq_status
 .bss.sip_receive_info_One
                0x00000000200001a0       0x14 ./CODE/Data.o
                0x00000000200001a0                sip_receive_info_One
 .bss.sip_receive_info_Two
                0x00000000200001b4       0x14 ./CODE/Data.o
                0x00000000200001b4                sip_receive_info_Two
 .bss.receive_slave_buff
                0x00000000200001c8       0x29 ./CODE/MCUCommunication.o
                0x00000000200001c8                receive_slave_buff
 *fill*         0x00000000200001f1        0x3 
 .bss.sonar     0x00000000200001f4       0x10 ./CODE/MCUCommunication.o
                0x00000000200001f4                sonar
 .bss.Pid_Left_Motor
                0x0000000020000204        0xa ./CODE/PID.o
                0x0000000020000204                Pid_Left_Motor
 *fill*         0x000000002000020e        0x2 
 .bss.Pid_Right_Motor
                0x0000000020000210        0xa ./CODE/PID.o
                0x0000000020000210                Pid_Right_Motor
 *(.gnu.linkonce.b.*)
 *(COMMON*)
 *fill*         0x000000002000021a        0x2 
 COMMON         0x000000002000021c        0x4 d:/mounriver/mounriver_studio/toolchain/risc-v embedded gcc/bin/../lib/gcc/riscv-none-embed/8.2.0/../../../../riscv-none-embed/lib/rv32imac/ilp32\libg_nano.a(lib_a-reent.o)
                0x000000002000021c                errno
                0x0000000020000220                . = ALIGN (0x4)
                0x0000000020000220                PROVIDE (_ebss = .)
                [!provide]                        PROVIDE (_end = _ebss)
                0x0000000020000220                PROVIDE (end = .)

.stack          0x0000000020004800      0x800
                0x0000000020004800                . = ALIGN (0x4)
                [!provide]                        PROVIDE (_susrstack = .)
                0x0000000020005000                . = (. + __stack_size)
 *fill*         0x0000000020004800      0x800 
                0x0000000020005000                PROVIDE (_eusrstack = .)
OUTPUT(Robot_Master.elf elf32-littleriscv)

.debug_info     0x0000000000000000    0x2cf50
 .debug_info    0x0000000000000000     0x1e6b ./USER/isr.o
 .debug_info    0x0000000000001e6b     0x1492 ./USER/main.o
 .debug_info    0x00000000000032fd       0x22 ./Libraries/wch_libraries/Startup/startup_ch32v10x.o
 .debug_info    0x000000000000331f      0x473 ./Libraries/wch_libraries/Peripheral/ch32v10x_dma.o
 .debug_info    0x0000000000003792      0x353 ./Libraries/wch_libraries/Peripheral/ch32v10x_exti.o
 .debug_info    0x0000000000003ae5      0xb33 ./Libraries/wch_libraries/Peripheral/ch32v10x_flash.o
 .debug_info    0x0000000000004618      0x885 ./Libraries/wch_libraries/Peripheral/ch32v10x_gpio.o
 .debug_info    0x0000000000004e9d      0x59c ./Libraries/wch_libraries/Peripheral/ch32v10x_misc.o
 .debug_info    0x0000000000005439      0x90a ./Libraries/wch_libraries/Peripheral/ch32v10x_rcc.o
 .debug_info    0x0000000000005d43      0xa1c ./Libraries/wch_libraries/Peripheral/ch32v10x_spi.o
 .debug_info    0x000000000000675f     0x2119 ./Libraries/wch_libraries/Peripheral/ch32v10x_tim.o
 .debug_info    0x0000000000008878      0xb73 ./Libraries/wch_libraries/Peripheral/ch32v10x_usart.o
 .debug_info    0x00000000000093eb     0x269a ./Libraries/seekfree_peripheral/SEEKFREE_18TFT.o
 .debug_info    0x000000000000ba85      0xb50 ./Libraries/seekfree_peripheral/SEEKFREE_FONT.o
 .debug_info    0x000000000000c5d5     0x1910 ./Libraries/seekfree_peripheral/SEEKFREE_MT9V03X.o
 .debug_info    0x000000000000dee5      0xfbe ./Libraries/seekfree_peripheral/SEEKFREE_PRINTF.o
 .debug_info    0x000000000000eea3     0x18c5 ./Libraries/seekfree_peripheral/SEEKFREE_UART_7725.o
 .debug_info    0x0000000000010768      0xa5b ./Libraries/seekfree_libraries/common.o
 .debug_info    0x00000000000111c3      0xdee ./Libraries/seekfree_libraries/zf_flash.o
 .debug_info    0x0000000000011fb1     0x1354 ./Libraries/seekfree_libraries/zf_gpio.o
 .debug_info    0x0000000000013305      0xf30 ./Libraries/seekfree_libraries/zf_nvic.o
 .debug_info    0x0000000000014235     0x13fc ./Libraries/seekfree_libraries/zf_pit.o
 .debug_info    0x0000000000015631     0x1bfd ./Libraries/seekfree_libraries/zf_pwm.o
 .debug_info    0x000000000001722e     0x15f7 ./Libraries/seekfree_libraries/zf_qtimer.o
 .debug_info    0x0000000000018825     0x152f ./Libraries/seekfree_libraries/zf_spi.o
 .debug_info    0x0000000000019d54      0xbb2 ./Libraries/seekfree_libraries/zf_systick.o
 .debug_info    0x000000000001a906     0x16a3 ./Libraries/seekfree_libraries/zf_uart.o
 .debug_info    0x000000000001bfa9      0xcee ./Libraries/board/board.o
 .debug_info    0x000000000001cc97      0x27c ./Libraries/board/clock_config.o
 .debug_info    0x000000000001cf13     0x15f2 ./CODE/Beep.o
 .debug_info    0x000000000001e505     0x127a ./CODE/Data.o
 .debug_info    0x000000000001f77f     0x13c7 ./CODE/Encoder.o
 .debug_info    0x0000000000020b46     0x1850 ./CODE/Key.o
 .debug_info    0x0000000000022396     0x1b16 ./CODE/MCUCommunication.o
 .debug_info    0x0000000000023eac     0x1efd ./CODE/Menu.o
 .debug_info    0x0000000000025da9     0x18df ./CODE/Motor.o
 .debug_info    0x0000000000027688     0x13a8 ./CODE/PID.o
 .debug_info    0x0000000000028a30     0x1f05 ./CODE/Robot_Communite.o
 .debug_info    0x000000000002a935     0x136d ./CODE/Style.o
 .debug_info    0x000000000002bca2     0x12ae ./CODE/Util.o

.debug_abbrev   0x0000000000000000     0x65a7
 .debug_abbrev  0x0000000000000000      0x310 ./USER/isr.o
 .debug_abbrev  0x0000000000000310      0x284 ./USER/main.o
 .debug_abbrev  0x0000000000000594       0x12 ./Libraries/wch_libraries/Startup/startup_ch32v10x.o
 .debug_abbrev  0x00000000000005a6      0x1b1 ./Libraries/wch_libraries/Peripheral/ch32v10x_dma.o
 .debug_abbrev  0x0000000000000757      0x166 ./Libraries/wch_libraries/Peripheral/ch32v10x_exti.o
 .debug_abbrev  0x00000000000008bd      0x229 ./Libraries/wch_libraries/Peripheral/ch32v10x_flash.o
 .debug_abbrev  0x0000000000000ae6      0x1ec ./Libraries/wch_libraries/Peripheral/ch32v10x_gpio.o
 .debug_abbrev  0x0000000000000cd2      0x18b ./Libraries/wch_libraries/Peripheral/ch32v10x_misc.o
 .debug_abbrev  0x0000000000000e5d      0x246 ./Libraries/wch_libraries/Peripheral/ch32v10x_rcc.o
 .debug_abbrev  0x00000000000010a3      0x1e3 ./Libraries/wch_libraries/Peripheral/ch32v10x_spi.o
 .debug_abbrev  0x0000000000001286      0x2d1 ./Libraries/wch_libraries/Peripheral/ch32v10x_tim.o
 .debug_abbrev  0x0000000000001557      0x1e3 ./Libraries/wch_libraries/Peripheral/ch32v10x_usart.o
 .debug_abbrev  0x000000000000173a      0x374 ./Libraries/seekfree_peripheral/SEEKFREE_18TFT.o
 .debug_abbrev  0x0000000000001aae      0x217 ./Libraries/seekfree_peripheral/SEEKFREE_FONT.o
 .debug_abbrev  0x0000000000001cc5      0x3af ./Libraries/seekfree_peripheral/SEEKFREE_MT9V03X.o
 .debug_abbrev  0x0000000000002074      0x36c ./Libraries/seekfree_peripheral/SEEKFREE_PRINTF.o
 .debug_abbrev  0x00000000000023e0      0x3c6 ./Libraries/seekfree_peripheral/SEEKFREE_UART_7725.o
 .debug_abbrev  0x00000000000027a6      0x1fa ./Libraries/seekfree_libraries/common.o
 .debug_abbrev  0x00000000000029a0      0x2d6 ./Libraries/seekfree_libraries/zf_flash.o
 .debug_abbrev  0x0000000000002c76      0x2e5 ./Libraries/seekfree_libraries/zf_gpio.o
 .debug_abbrev  0x0000000000002f5b      0x2e6 ./Libraries/seekfree_libraries/zf_nvic.o
 .debug_abbrev  0x0000000000003241      0x2e5 ./Libraries/seekfree_libraries/zf_pit.o
 .debug_abbrev  0x0000000000003526      0x2f5 ./Libraries/seekfree_libraries/zf_pwm.o
 .debug_abbrev  0x000000000000381b      0x2db ./Libraries/seekfree_libraries/zf_qtimer.o
 .debug_abbrev  0x0000000000003af6      0x2ae ./Libraries/seekfree_libraries/zf_spi.o
 .debug_abbrev  0x0000000000003da4      0x257 ./Libraries/seekfree_libraries/zf_systick.o
 .debug_abbrev  0x0000000000003ffb      0x2f7 ./Libraries/seekfree_libraries/zf_uart.o
 .debug_abbrev  0x00000000000042f2      0x2b7 ./Libraries/board/board.o
 .debug_abbrev  0x00000000000045a9      0x102 ./Libraries/board/clock_config.o
 .debug_abbrev  0x00000000000046ab      0x2a5 ./CODE/Beep.o
 .debug_abbrev  0x0000000000004950      0x238 ./CODE/Data.o
 .debug_abbrev  0x0000000000004b88      0x29a ./CODE/Encoder.o
 .debug_abbrev  0x0000000000004e22      0x2a4 ./CODE/Key.o
 .debug_abbrev  0x00000000000050c6      0x306 ./CODE/MCUCommunication.o
 .debug_abbrev  0x00000000000053cc      0x2ed ./CODE/Menu.o
 .debug_abbrev  0x00000000000056b9      0x2df ./CODE/Motor.o
 .debug_abbrev  0x0000000000005998      0x302 ./CODE/PID.o
 .debug_abbrev  0x0000000000005c9a      0x383 ./CODE/Robot_Communite.o
 .debug_abbrev  0x000000000000601d      0x2bc ./CODE/Style.o
 .debug_abbrev  0x00000000000062d9      0x2ce ./CODE/Util.o

.debug_loc      0x0000000000000000     0x8694
 .debug_loc     0x0000000000000000       0x13 ./USER/isr.o
 .debug_loc     0x0000000000000013      0x204 ./Libraries/wch_libraries/Peripheral/ch32v10x_dma.o
 .debug_loc     0x0000000000000217      0x1a2 ./Libraries/wch_libraries/Peripheral/ch32v10x_exti.o
 .debug_loc     0x00000000000003b9      0x9d0 ./Libraries/wch_libraries/Peripheral/ch32v10x_flash.o
 .debug_loc     0x0000000000000d89      0x68f ./Libraries/wch_libraries/Peripheral/ch32v10x_gpio.o
 .debug_loc     0x0000000000001418       0xe4 ./Libraries/wch_libraries/Peripheral/ch32v10x_misc.o
 .debug_loc     0x00000000000014fc      0x775 ./Libraries/wch_libraries/Peripheral/ch32v10x_rcc.o
 .debug_loc     0x0000000000001c71      0x63c ./Libraries/wch_libraries/Peripheral/ch32v10x_spi.o
 .debug_loc     0x00000000000022ad     0x1ba1 ./Libraries/wch_libraries/Peripheral/ch32v10x_tim.o
 .debug_loc     0x0000000000003e4e      0x7cc ./Libraries/wch_libraries/Peripheral/ch32v10x_usart.o
 .debug_loc     0x000000000000461a     0x11c1 ./Libraries/seekfree_peripheral/SEEKFREE_18TFT.o
 .debug_loc     0x00000000000057db      0x345 ./Libraries/seekfree_peripheral/SEEKFREE_MT9V03X.o
 .debug_loc     0x0000000000005b20      0x4ba ./Libraries/seekfree_peripheral/SEEKFREE_PRINTF.o
 .debug_loc     0x0000000000005fda      0x309 ./Libraries/seekfree_peripheral/SEEKFREE_UART_7725.o
 .debug_loc     0x00000000000062e3      0x3ec ./Libraries/seekfree_libraries/zf_flash.o
 .debug_loc     0x00000000000066cf      0x61d ./Libraries/seekfree_libraries/zf_gpio.o
 .debug_loc     0x0000000000006cec       0xc3 ./Libraries/seekfree_libraries/zf_nvic.o
 .debug_loc     0x0000000000006daf      0x1f1 ./Libraries/seekfree_libraries/zf_pit.o
 .debug_loc     0x0000000000006fa0      0x649 ./Libraries/seekfree_libraries/zf_pwm.o
 .debug_loc     0x00000000000075e9      0x240 ./Libraries/seekfree_libraries/zf_qtimer.o
 .debug_loc     0x0000000000007829      0x428 ./Libraries/seekfree_libraries/zf_spi.o
 .debug_loc     0x0000000000007c51      0x41d ./Libraries/seekfree_libraries/zf_uart.o
 .debug_loc     0x000000000000806e       0x88 ./Libraries/board/board.o
 .debug_loc     0x00000000000080f6       0x21 ./CODE/Beep.o
 .debug_loc     0x0000000000008117       0x13 ./CODE/MCUCommunication.o
 .debug_loc     0x000000000000812a       0xc3 ./CODE/PID.o
 .debug_loc     0x00000000000081ed       0xe7 ./CODE/Robot_Communite.o
 .debug_loc     0x00000000000082d4      0x22b ./CODE/Style.o
 .debug_loc     0x00000000000084ff      0x195 ./CODE/Util.o

.debug_aranges  0x0000000000000000     0x1058
 .debug_aranges
                0x0000000000000000       0xa8 ./USER/isr.o
 .debug_aranges
                0x00000000000000a8       0x20 ./USER/main.o
 .debug_aranges
                0x00000000000000c8       0x30 ./Libraries/wch_libraries/Startup/startup_ch32v10x.o
 .debug_aranges
                0x00000000000000f8       0x70 ./Libraries/wch_libraries/Peripheral/ch32v10x_dma.o
 .debug_aranges
                0x0000000000000168       0x58 ./Libraries/wch_libraries/Peripheral/ch32v10x_exti.o
 .debug_aranges
                0x00000000000001c0      0x128 ./Libraries/wch_libraries/Peripheral/ch32v10x_flash.o
 .debug_aranges
                0x00000000000002e8       0xa0 ./Libraries/wch_libraries/Peripheral/ch32v10x_gpio.o
 .debug_aranges
                0x0000000000000388       0x28 ./Libraries/wch_libraries/Peripheral/ch32v10x_misc.o
 .debug_aranges
                0x00000000000003b0      0x118 ./Libraries/wch_libraries/Peripheral/ch32v10x_rcc.o
 .debug_aranges
                0x00000000000004c8       0xd0 ./Libraries/wch_libraries/Peripheral/ch32v10x_spi.o
 .debug_aranges
                0x0000000000000598      0x2e0 ./Libraries/wch_libraries/Peripheral/ch32v10x_tim.o
 .debug_aranges
                0x0000000000000878      0x100 ./Libraries/wch_libraries/Peripheral/ch32v10x_usart.o
 .debug_aranges
                0x0000000000000978       0xc0 ./Libraries/seekfree_peripheral/SEEKFREE_18TFT.o
 .debug_aranges
                0x0000000000000a38       0x18 ./Libraries/seekfree_peripheral/SEEKFREE_FONT.o
 .debug_aranges
                0x0000000000000a50       0x80 ./Libraries/seekfree_peripheral/SEEKFREE_MT9V03X.o
 .debug_aranges
                0x0000000000000ad0       0x30 ./Libraries/seekfree_peripheral/SEEKFREE_PRINTF.o
 .debug_aranges
                0x0000000000000b00       0x80 ./Libraries/seekfree_peripheral/SEEKFREE_UART_7725.o
 .debug_aranges
                0x0000000000000b80       0x18 ./Libraries/seekfree_libraries/common.o
 .debug_aranges
                0x0000000000000b98       0x38 ./Libraries/seekfree_libraries/zf_flash.o
 .debug_aranges
                0x0000000000000bd0       0x40 ./Libraries/seekfree_libraries/zf_gpio.o
 .debug_aranges
                0x0000000000000c10       0x40 ./Libraries/seekfree_libraries/zf_nvic.o
 .debug_aranges
                0x0000000000000c50       0x40 ./Libraries/seekfree_libraries/zf_pit.o
 .debug_aranges
                0x0000000000000c90       0x40 ./Libraries/seekfree_libraries/zf_pwm.o
 .debug_aranges
                0x0000000000000cd0       0x38 ./Libraries/seekfree_libraries/zf_qtimer.o
 .debug_aranges
                0x0000000000000d08       0x30 ./Libraries/seekfree_libraries/zf_spi.o
 .debug_aranges
                0x0000000000000d38       0x30 ./Libraries/seekfree_libraries/zf_systick.o
 .debug_aranges
                0x0000000000000d68       0x60 ./Libraries/seekfree_libraries/zf_uart.o
 .debug_aranges
                0x0000000000000dc8       0x28 ./Libraries/board/board.o
 .debug_aranges
                0x0000000000000df0       0x20 ./Libraries/board/clock_config.o
 .debug_aranges
                0x0000000000000e10       0x28 ./CODE/Beep.o
 .debug_aranges
                0x0000000000000e38       0x18 ./CODE/Data.o
 .debug_aranges
                0x0000000000000e50       0x28 ./CODE/Encoder.o
 .debug_aranges
                0x0000000000000e78       0x28 ./CODE/Key.o
 .debug_aranges
                0x0000000000000ea0       0x40 ./CODE/MCUCommunication.o
 .debug_aranges
                0x0000000000000ee0       0x58 ./CODE/Menu.o
 .debug_aranges
                0x0000000000000f38       0x50 ./CODE/Motor.o
 .debug_aranges
                0x0000000000000f88       0x30 ./CODE/PID.o
 .debug_aranges
                0x0000000000000fb8       0x50 ./CODE/Robot_Communite.o
 .debug_aranges
                0x0000000000001008       0x20 ./CODE/Style.o
 .debug_aranges
                0x0000000000001028       0x30 ./CODE/Util.o

.debug_ranges   0x0000000000000000      0xe58
 .debug_ranges  0x0000000000000000       0x98 ./USER/isr.o
 .debug_ranges  0x0000000000000098       0x10 ./USER/main.o
 .debug_ranges  0x00000000000000a8       0x28 ./Libraries/wch_libraries/Startup/startup_ch32v10x.o
 .debug_ranges  0x00000000000000d0       0x60 ./Libraries/wch_libraries/Peripheral/ch32v10x_dma.o
 .debug_ranges  0x0000000000000130       0x48 ./Libraries/wch_libraries/Peripheral/ch32v10x_exti.o
 .debug_ranges  0x0000000000000178      0x118 ./Libraries/wch_libraries/Peripheral/ch32v10x_flash.o
 .debug_ranges  0x0000000000000290       0x90 ./Libraries/wch_libraries/Peripheral/ch32v10x_gpio.o